-- The C compiler identification is GNU 11.4.0
-- Detecting C compiler ABI info
-- Detecting C compiler ABI info - done
-- Check for working C compiler: /usr/bin/cc - skipped
-- Detecting C compile features
-- Detecting C compile features - done
-- Setting build type to 'Release' as none was specified.
-- Looking for pthread.h
-- Looking for pthread.h - found
-- Performing Test CMAKE_HAVE_LIBC_PTHREAD
-- Performing Test CMAKE_HAVE_LIBC_PTHREAD - Success
-- Found Threads: TRUE  
-- The CXX compiler identification is GNU 11.4.0
-- Detecting CXX compiler ABI info
-- Detecting CXX compiler ABI info - done
-- Check for working CXX compiler: /usr/bin/c++ - skipped
-- Detecting CXX compile features
-- Detecting CXX compile features - done
-- Configuring done
-- Generating done
-- Build files have been written to: /home/xavier/Developer/aquas-ROS-apriltags/build/apriltag
[  2%] [32mBuilding C object CMakeFiles/apriltag.dir/apriltag_pose.c.o[0m
[  4%] [32mBuilding C object CMakeFiles/apriltag.dir/apriltag.c.o[0m
[  6%] [32mBuilding C object CMakeFiles/apriltag.dir/apriltag_quad_thresh.c.o[0m
[  9%] [34m[1mGenerating apriltag_detect_docstring.h, apriltag_detect_docstring.cxx[0m
[ 11%] [34m[1mGenerating apriltag_py_type_docstring.h, apriltag_py_type_docstring.cxx[0m
[ 13%] [34m[1mGenerating apriltag_estimate_tag_pose_docstring.h, apriltag_estimate_tag_pose_docstring.cxx[0m
[ 13%] Built target apriltag_py_docstrings
[ 16%] [32mBuilding C object CMakeFiles/apriltag.dir/common/g2d.c.o[0m
[ 18%] [32mBuilding C object CMakeFiles/apriltag.dir/common/getopt.c.o[0m
[ 20%] [32mBuilding C object CMakeFiles/apriltag.dir/common/homography.c.o[0m
[ 23%] [32mBuilding C object CMakeFiles/apriltag.dir/common/image_u8.c.o[0m
[ 25%] [32mBuilding C object CMakeFiles/apriltag.dir/common/image_u8_parallel.c.o[0m
[ 27%] [32mBuilding C object CMakeFiles/apriltag.dir/common/image_u8x3.c.o[0m
[ 30%] [32mBuilding C object CMakeFiles/apriltag.dir/common/image_u8x4.c.o[0m
[ 32%] [32mBuilding C object CMakeFiles/apriltag.dir/common/matd.c.o[0m
[ 34%] [32mBuilding C object CMakeFiles/apriltag.dir/common/pam.c.o[0m
[ 37%] [32mBuilding C object CMakeFiles/apriltag.dir/common/pjpeg-idct.c.o[0m
[ 39%] [32mBuilding C object CMakeFiles/apriltag.dir/common/pjpeg.c.o[0m
[ 41%] [32mBuilding C object CMakeFiles/apriltag.dir/common/pnm.c.o[0m
[ 44%] [32mBuilding C object CMakeFiles/apriltag.dir/common/pthreads_cross.c.o[0m
[ 46%] [32mBuilding C object CMakeFiles/apriltag.dir/common/string_util.c.o[0m
[ 48%] [32mBuilding C object CMakeFiles/apriltag.dir/common/svd22.c.o[0m
[ 51%] [32mBuilding C object CMakeFiles/apriltag.dir/common/time_util.c.o[0m
[ 53%] [32mBuilding C object CMakeFiles/apriltag.dir/common/unionfind.c.o[0m
[ 55%] [32mBuilding C object CMakeFiles/apriltag.dir/common/workerpool.c.o[0m
[ 58%] [32mBuilding C object CMakeFiles/apriltag.dir/common/zarray.c.o[0m
[ 60%] [32mBuilding C object CMakeFiles/apriltag.dir/common/zhash.c.o[0m
[ 62%] [32mBuilding C object CMakeFiles/apriltag.dir/common/zmaxheap.c.o[0m
[ 65%] [32mBuilding C object CMakeFiles/apriltag.dir/tag36h10.c.o[0m
[ 67%] [32mBuilding C object CMakeFiles/apriltag.dir/tag36h11.c.o[0m
[ 69%] [32mBuilding C object CMakeFiles/apriltag.dir/tagCircle21h7.c.o[0m
[ 72%] [32mBuilding C object CMakeFiles/apriltag.dir/tagCircle49h12.c.o[0m
[ 74%] [32mBuilding C object CMakeFiles/apriltag.dir/tagCustom48h12.c.o[0m
[ 76%] [32mBuilding C object CMakeFiles/apriltag.dir/tagStandard41h12.c.o[0m
[ 79%] [32mBuilding C object CMakeFiles/apriltag.dir/tagStandard52h13.c.o[0m
[ 81%] [32mBuilding C object CMakeFiles/apriltag.dir/tag25h9.c.o[0m
[ 83%] [32mBuilding C object CMakeFiles/apriltag.dir/tag16h5.c.o[0m
[ 86%] [32m[1mLinking C shared library libapriltag.so[0m
[ 86%] Built target apriltag
[ 88%] [32mBuilding C object CMakeFiles/apriltag.cpython-310-aarch64-linux-gnu.dir/apriltag_pywrap.c.o[0m
[ 90%] [32m[1mLinking C shared module apriltag.cpython-310-aarch64-linux-gnu.so[0m
[ 90%] Built target apriltag.cpython-310-aarch64-linux-gnu
[ 93%] [32mBuilding CXX object CMakeFiles/opencv_demo.dir/example/opencv_demo.cc.o[0m
