[0.123s] Invoking command in '/home/xavier/Developer/aquas-ROS-apriltags/build/apriltag': CMAKE_PREFIX_PATH=/opt/ros/humble /usr/bin/cmake /home/xavier/Developer/aquas-ROS-apriltags/src/apriltag -DCMAKE_INSTALL_PREFIX=/home/xavier/Developer/aquas-ROS-apriltags/install/apriltag
[1.342s] -- The C compiler identification is GNU 11.4.0
[1.419s] -- Detecting C compiler ABI info
[1.912s] -- Detecting C compiler ABI info - done
[1.946s] -- Check for working C compiler: /usr/bin/cc - skipped
[1.950s] -- Detecting C compile features
[1.955s] -- Detecting C compile features - done
[1.959s] -- Setting build type to 'Release' as none was specified.
[1.981s] -- Looking for pthread.h
[2.499s] -- Looking for pthread.h - found
[2.500s] -- Performing Test CMAKE_HAVE_LIBC_PTHREAD
[2.984s] -- Performing Test CMAKE_HAVE_LIBC_PTHREAD - Success
[2.993s] -- Found Threads: TRUE  
[7.853s] -- The CXX compiler identification is GNU 11.4.0
[7.897s] -- Detecting CXX compiler ABI info
[8.397s] -- Detecting CXX compiler ABI info - done
[8.437s] -- Check for working CXX compiler: /usr/bin/c++ - skipped
[8.438s] -- Detecting CXX compile features
[8.438s] -- Detecting CXX compile features - done
[8.444s] -- Configuring done
[8.522s] -- Generating done
[8.547s] -- Build files have been written to: /home/xavier/Developer/aquas-ROS-apriltags/build/apriltag
[8.581s] Invoked command in '/home/xavier/Developer/aquas-ROS-apriltags/build/apriltag' returned '0': CMAKE_PREFIX_PATH=/opt/ros/humble /usr/bin/cmake /home/xavier/Developer/aquas-ROS-apriltags/src/apriltag -DCMAKE_INSTALL_PREFIX=/home/xavier/Developer/aquas-ROS-apriltags/install/apriltag
[8.584s] Invoking command in '/home/xavier/Developer/aquas-ROS-apriltags/build/apriltag': CMAKE_PREFIX_PATH=/opt/ros/humble /usr/bin/cmake --build /home/xavier/Developer/aquas-ROS-apriltags/build/apriltag -- -j4 -l4
[8.868s] [  2%] [32mBuilding C object CMakeFiles/apriltag.dir/apriltag_pose.c.o[0m
[8.878s] [  4%] [32mBuilding C object CMakeFiles/apriltag.dir/apriltag.c.o[0m
[8.914s] [  6%] [32mBuilding C object CMakeFiles/apriltag.dir/apriltag_quad_thresh.c.o[0m
[8.936s] [  9%] [34m[1mGenerating apriltag_detect_docstring.h, apriltag_detect_docstring.cxx[0m
[9.149s] [ 11%] [34m[1mGenerating apriltag_py_type_docstring.h, apriltag_py_type_docstring.cxx[0m
[9.258s] [ 13%] [34m[1mGenerating apriltag_estimate_tag_pose_docstring.h, apriltag_estimate_tag_pose_docstring.cxx[0m
[9.686s] [ 13%] Built target apriltag_py_docstrings
[9.756s] [ 16%] [32mBuilding C object CMakeFiles/apriltag.dir/common/g2d.c.o[0m
[11.491s] [ 18%] [32mBuilding C object CMakeFiles/apriltag.dir/common/getopt.c.o[0m
[11.713s] [ 20%] [32mBuilding C object CMakeFiles/apriltag.dir/common/homography.c.o[0m
[13.648s] [ 23%] [32mBuilding C object CMakeFiles/apriltag.dir/common/image_u8.c.o[0m
[13.802s] [ 25%] [32mBuilding C object CMakeFiles/apriltag.dir/common/image_u8_parallel.c.o[0m
[15.713s] [ 27%] [32mBuilding C object CMakeFiles/apriltag.dir/common/image_u8x3.c.o[0m
[16.067s] [ 30%] [32mBuilding C object CMakeFiles/apriltag.dir/common/image_u8x4.c.o[0m
[16.762s] [ 32%] [32mBuilding C object CMakeFiles/apriltag.dir/common/matd.c.o[0m
[17.439s] [ 34%] [32mBuilding C object CMakeFiles/apriltag.dir/common/pam.c.o[0m
[18.157s] [ 37%] [32mBuilding C object CMakeFiles/apriltag.dir/common/pjpeg-idct.c.o[0m
[18.334s] [ 39%] [32mBuilding C object CMakeFiles/apriltag.dir/common/pjpeg.c.o[0m
[20.360s] [ 41%] [32mBuilding C object CMakeFiles/apriltag.dir/common/pnm.c.o[0m
[21.193s] [ 44%] [32mBuilding C object CMakeFiles/apriltag.dir/common/pthreads_cross.c.o[0m
[21.626s] [ 46%] [32mBuilding C object CMakeFiles/apriltag.dir/common/string_util.c.o[0m
[22.304s] [ 48%] [32mBuilding C object CMakeFiles/apriltag.dir/common/svd22.c.o[0m
[23.615s] [ 51%] [32mBuilding C object CMakeFiles/apriltag.dir/common/time_util.c.o[0m
[24.683s] [ 53%] [32mBuilding C object CMakeFiles/apriltag.dir/common/unionfind.c.o[0m
[25.454s] [ 55%] [32mBuilding C object CMakeFiles/apriltag.dir/common/workerpool.c.o[0m
[26.883s] [ 58%] [32mBuilding C object CMakeFiles/apriltag.dir/common/zarray.c.o[0m
[27.154s] [ 60%] [32mBuilding C object CMakeFiles/apriltag.dir/common/zhash.c.o[0m
[27.355s] [ 62%] [32mBuilding C object CMakeFiles/apriltag.dir/common/zmaxheap.c.o[0m
[31.452s] [ 65%] [32mBuilding C object CMakeFiles/apriltag.dir/tag36h10.c.o[0m
[32.632s] [ 67%] [32mBuilding C object CMakeFiles/apriltag.dir/tag36h11.c.o[0m
[34.305s] [ 69%] [32mBuilding C object CMakeFiles/apriltag.dir/tagCircle21h7.c.o[0m
[35.102s] [ 72%] [32mBuilding C object CMakeFiles/apriltag.dir/tagCircle49h12.c.o[0m
[37.483s] [ 74%] [32mBuilding C object CMakeFiles/apriltag.dir/tagCustom48h12.c.o[0m
[39.014s] [ 76%] [32mBuilding C object CMakeFiles/apriltag.dir/tagStandard41h12.c.o[0m
[40.065s] [ 79%] [32mBuilding C object CMakeFiles/apriltag.dir/tagStandard52h13.c.o[0m
[41.653s] [ 81%] [32mBuilding C object CMakeFiles/apriltag.dir/tag25h9.c.o[0m
[42.745s] [ 83%] [32mBuilding C object CMakeFiles/apriltag.dir/tag16h5.c.o[0m
[45.097s] [ 86%] [32m[1mLinking C shared library libapriltag.so[0m
[47.531s] [ 86%] Built target apriltag
[55.380s] [ 88%] [32mBuilding C object CMakeFiles/apriltag.cpython-310-aarch64-linux-gnu.dir/apriltag_pywrap.c.o[0m
[74.867s] [ 90%] [32m[1mLinking C shared module apriltag.cpython-310-aarch64-linux-gnu.so[0m
[77.095s] [ 90%] Built target apriltag.cpython-310-aarch64-linux-gnu
[77.421s] [ 93%] [32mBuilding CXX object CMakeFiles/opencv_demo.dir/example/opencv_demo.cc.o[0m
