running egg_info
creating ../../build/aquas_dock_align/aquas_dock_align.egg-info
writing ../../build/aquas_dock_align/aquas_dock_align.egg-info/PKG-INFO
writing dependency_links to ../../build/aquas_dock_align/aquas_dock_align.egg-info/dependency_links.txt
writing entry points to ../../build/aquas_dock_align/aquas_dock_align.egg-info/entry_points.txt
writing requirements to ../../build/aquas_dock_align/aquas_dock_align.egg-info/requires.txt
writing top-level names to ../../build/aquas_dock_align/aquas_dock_align.egg-info/top_level.txt
writing manifest file '../../build/aquas_dock_align/aquas_dock_align.egg-info/SOURCES.txt'
reading manifest file '../../build/aquas_dock_align/aquas_dock_align.egg-info/SOURCES.txt'
writing manifest file '../../build/aquas_dock_align/aquas_dock_align.egg-info/SOURCES.txt'
running build
running build_py
creating /home/xavier/Developer/aquas-ROS-apriltags/build/aquas_dock_align/build
creating /home/xavier/Developer/aquas-ROS-apriltags/build/aquas_dock_align/build/lib
creating /home/xavier/Developer/aquas-ROS-apriltags/build/aquas_dock_align/build/lib/aquas_dock_align
copying aquas_dock_align/__init__.py -> /home/xavier/Developer/aquas-ROS-apriltags/build/aquas_dock_align/build/lib/aquas_dock_align
running install
running install_lib
creating /home/xavier/Developer/aquas-ROS-apriltags/install/aquas_dock_align/lib/python3.10/site-packages/aquas_dock_align
copying /home/xavier/Developer/aquas-ROS-apriltags/build/aquas_dock_align/build/lib/aquas_dock_align/__init__.py -> /home/xavier/Developer/aquas-ROS-apriltags/install/aquas_dock_align/lib/python3.10/site-packages/aquas_dock_align
byte-compiling /home/xavier/Developer/aquas-ROS-apriltags/install/aquas_dock_align/lib/python3.10/site-packages/aquas_dock_align/__init__.py to __init__.cpython-310.pyc
running install_data
creating /home/xavier/Developer/aquas-ROS-apriltags/install/aquas_dock_align/share/ament_index
creating /home/xavier/Developer/aquas-ROS-apriltags/install/aquas_dock_align/share/ament_index/resource_index
creating /home/xavier/Developer/aquas-ROS-apriltags/install/aquas_dock_align/share/ament_index/resource_index/packages
copying resource/aquas_dock_align -> /home/xavier/Developer/aquas-ROS-apriltags/install/aquas_dock_align/share/ament_index/resource_index/packages
copying package.xml -> /home/xavier/Developer/aquas-ROS-apriltags/install/aquas_dock_align/share/aquas_dock_align
running install_egg_info
Copying ../../build/aquas_dock_align/aquas_dock_align.egg-info to /home/xavier/Developer/aquas-ROS-apriltags/install/aquas_dock_align/lib/python3.10/site-packages/aquas_dock_align-0.0.0-py3.10.egg-info
running install_scripts
writing list of installed files to '/home/xavier/Developer/aquas-ROS-apriltags/build/aquas_dock_align/install.log'
