[5.325s] Invoking command in '/home/xavier/Developer/aquas-ROS-apriltags/src/aquas_dock_align': PYTHONPATH=/home/xavier/Developer/aquas-ROS-apriltags/build/aquas_dock_align/prefix_override:/usr/lib/python3/dist-packages/colcon_core/task/python/colcon_distutils_commands:/home/xavier/Developer/aquas-ROS-apriltags/install/aquas_dock_align/lib/python3.10/site-packages:${PYTHONPATH} /usr/bin/python3 -W ignore:setup.py install is deprecated -W ignore:easy_install command is deprecated setup.py egg_info --egg-base ../../build/aquas_dock_align build --build-base /home/xavier/Developer/aquas-ROS-apriltags/build/aquas_dock_align/build install --record /home/xavier/Developer/aquas-ROS-apriltags/build/aquas_dock_align/install.log --single-version-externally-managed install_data
[7.189s] running egg_info
[7.193s] creating ../../build/aquas_dock_align/aquas_dock_align.egg-info
[7.195s] writing ../../build/aquas_dock_align/aquas_dock_align.egg-info/PKG-INFO
[7.196s] writing dependency_links to ../../build/aquas_dock_align/aquas_dock_align.egg-info/dependency_links.txt
[7.197s] writing entry points to ../../build/aquas_dock_align/aquas_dock_align.egg-info/entry_points.txt
[7.199s] writing requirements to ../../build/aquas_dock_align/aquas_dock_align.egg-info/requires.txt
[7.199s] writing top-level names to ../../build/aquas_dock_align/aquas_dock_align.egg-info/top_level.txt
[7.200s] writing manifest file '../../build/aquas_dock_align/aquas_dock_align.egg-info/SOURCES.txt'
[7.210s] reading manifest file '../../build/aquas_dock_align/aquas_dock_align.egg-info/SOURCES.txt'
[7.216s] writing manifest file '../../build/aquas_dock_align/aquas_dock_align.egg-info/SOURCES.txt'
[7.216s] running build
[7.218s] running build_py
[7.220s] creating /home/xavier/Developer/aquas-ROS-apriltags/build/aquas_dock_align/build
[7.220s] creating /home/xavier/Developer/aquas-ROS-apriltags/build/aquas_dock_align/build/lib
[7.222s] creating /home/xavier/Developer/aquas-ROS-apriltags/build/aquas_dock_align/build/lib/aquas_dock_align
[7.223s] copying aquas_dock_align/__init__.py -> /home/xavier/Developer/aquas-ROS-apriltags/build/aquas_dock_align/build/lib/aquas_dock_align
[7.224s] running install
[7.225s] running install_lib
[7.231s] creating /home/xavier/Developer/aquas-ROS-apriltags/install/aquas_dock_align/lib/python3.10/site-packages/aquas_dock_align
[7.232s] copying /home/xavier/Developer/aquas-ROS-apriltags/build/aquas_dock_align/build/lib/aquas_dock_align/__init__.py -> /home/xavier/Developer/aquas-ROS-apriltags/install/aquas_dock_align/lib/python3.10/site-packages/aquas_dock_align
[7.235s] byte-compiling /home/xavier/Developer/aquas-ROS-apriltags/install/aquas_dock_align/lib/python3.10/site-packages/aquas_dock_align/__init__.py to __init__.cpython-310.pyc
[7.238s] running install_data
[7.240s] creating /home/xavier/Developer/aquas-ROS-apriltags/install/aquas_dock_align/share/ament_index
[7.242s] creating /home/xavier/Developer/aquas-ROS-apriltags/install/aquas_dock_align/share/ament_index/resource_index
[7.243s] creating /home/xavier/Developer/aquas-ROS-apriltags/install/aquas_dock_align/share/ament_index/resource_index/packages
[7.243s] copying resource/aquas_dock_align -> /home/xavier/Developer/aquas-ROS-apriltags/install/aquas_dock_align/share/ament_index/resource_index/packages
[7.258s] copying package.xml -> /home/xavier/Developer/aquas-ROS-apriltags/install/aquas_dock_align/share/aquas_dock_align
[7.259s] running install_egg_info
[7.260s] Copying ../../build/aquas_dock_align/aquas_dock_align.egg-info to /home/xavier/Developer/aquas-ROS-apriltags/install/aquas_dock_align/lib/python3.10/site-packages/aquas_dock_align-0.0.0-py3.10.egg-info
[7.270s] running install_scripts
[7.409s] writing list of installed files to '/home/xavier/Developer/aquas-ROS-apriltags/build/aquas_dock_align/install.log'
[7.623s] Invoked command in '/home/xavier/Developer/aquas-ROS-apriltags/src/aquas_dock_align' returned '0': PYTHONPATH=/home/xavier/Developer/aquas-ROS-apriltags/build/aquas_dock_align/prefix_override:/usr/lib/python3/dist-packages/colcon_core/task/python/colcon_distutils_commands:/home/xavier/Developer/aquas-ROS-apriltags/install/aquas_dock_align/lib/python3.10/site-packages:${PYTHONPATH} /usr/bin/python3 -W ignore:setup.py install is deprecated -W ignore:easy_install command is deprecated setup.py egg_info --egg-base ../../build/aquas_dock_align build --build-base /home/xavier/Developer/aquas-ROS-apriltags/build/aquas_dock_align/build install --record /home/xavier/Developer/aquas-ROS-apriltags/build/aquas_dock_align/install.log --single-version-externally-managed install_data
