Traceback (most recent call last):
  File "/usr/lib/python3/dist-packages/pkg_resources/__init__.py", line 2208, in _handle_ns
    loader = importer.find_spec(packageName).loader
AttributeError: 'NoneType' object has no attribute 'loader'

During handling of the above exception, another exception occurred:

Traceback (most recent call last):
  File "/usr/lib/python3/dist-packages/pkg_resources/__init__.py", line 2213, in _handle_ns
    loader = importer.find_module(packageName)
  File "<frozen importlib._bootstrap_external>", line 578, in _find_module_shim
  File "<frozen importlib._bootstrap_external>", line 1526, in find_loader
KeyboardInterrupt

During handling of the above exception, another exception occurred:

Traceback (most recent call last):
  File "/home/xavier/Developer/aquas-ROS-apriltags/build/aquas_apriltag_bringup/setup.py", line 1, in <module>
    from setuptools import find_packages, setup
  File "/usr/lib/python3/dist-packages/setuptools/__init__.py", line 16, in <module>
    import setuptools.version
  File "/usr/lib/python3/dist-packages/setuptools/version.py", line 1, in <module>
    import pkg_resources
  File "/usr/lib/python3/dist-packages/pkg_resources/__init__.py", line 3267, in <module>
    def _initialize_master_working_set():
  File "/usr/lib/python3/dist-packages/pkg_resources/__init__.py", line 3241, in _call_aside
    f(*args, **kwargs)
  File "/usr/lib/python3/dist-packages/pkg_resources/__init__.py", line 3292, in _initialize_master_working_set
    tuple(
  File "/usr/lib/python3/dist-packages/pkg_resources/__init__.py", line 3293, in <genexpr>
    dist.activate(replace=False)
  File "/usr/lib/python3/dist-packages/pkg_resources/__init__.py", line 2798, in activate
    declare_namespace(pkg)
  File "/usr/lib/python3/dist-packages/pkg_resources/__init__.py", line 2296, in declare_namespace
    _handle_ns(packageName, path_item)
  File "/usr/lib/python3/dist-packages/pkg_resources/__init__.py", line 2213, in _handle_ns
    loader = importer.find_module(packageName)
KeyboardInterrupt
