-- Found ament_cmake_ros: 0.10.0 (/opt/ros/humble/share/ament_cmake_ros/cmake)
-- Override CMake install command with custom implementation using symlinks instead of copying resources
-- Found ament_index_cpp: 1.4.0 (/opt/ros/humble/share/ament_index_cpp/cmake)
-- Found camera_calibration_parsers: 3.1.12 (/home/xavier/Developer/aquas-ROS-apriltags/install/camera_calibration_parsers/share/camera_calibration_parsers/cmake)
-- Found rosidl_generator_c: 3.1.8 (/opt/ros/humble/share/rosidl_generator_c/cmake)
-- Found rosidl_adapter: 3.1.8 (/opt/ros/humble/share/rosidl_adapter/cmake)
-- Found rosidl_generator_cpp: 3.1.8 (/opt/ros/humble/share/rosidl_generator_cpp/cmake)
-- Using all available rosidl_typesupport_c: rosidl_typesupport_fastrtps_c;rosidl_typesupport_introspection_c
-- Using all available rosidl_typesupport_cpp: rosidl_typesupport_fastrtps_cpp;rosidl_typesupport_introspection_cpp
-- Found rmw_implementation_cmake: 6.1.2 (/opt/ros/humble/share/rmw_implementation_cmake/cmake)
-- Found rmw_fastrtps_cpp: 6.2.9 (/opt/ros/humble/share/rmw_fastrtps_cpp/cmake)
-- Using RMW implementation 'rmw_fastrtps_cpp' as default
-- Found ament_cmake_cpplint: 0.12.14 (/opt/ros/humble/share/ament_cmake_cpplint/cmake)
-- Found ament_cmake_lint_cmake: 0.12.14 (/opt/ros/humble/share/ament_cmake_lint_cmake/cmake)
-- Found ament_cmake_uncrustify: 0.12.14 (/opt/ros/humble/share/ament_cmake_uncrustify/cmake)
-- Configuring done
-- Generating done
-- Build files have been written to: /home/xavier/Developer/aquas-ROS-apriltags/build/camera_info_manager
[35m[1mConsolidate compiler generated dependencies of target camera_info_manager[0m
[100%] Built target camera_info_manager
-- Install configuration: ""
-- Execute custom install script
-- Up-to-date symlink: /home/xavier/Developer/aquas-ROS-apriltags/install/camera_info_manager/include/camera_info_manager/camera_info_manager/camera_info_manager.h
-- Up-to-date symlink: /home/xavier/Developer/aquas-ROS-apriltags/install/camera_info_manager/include/camera_info_manager/camera_info_manager/camera_info_manager.hpp
-- Up-to-date symlink: /home/xavier/Developer/aquas-ROS-apriltags/install/camera_info_manager/include/camera_info_manager/camera_info_manager/visibility_control.h
-- Up-to-date symlink: /home/xavier/Developer/aquas-ROS-apriltags/install/camera_info_manager/share/ament_index/resource_index/package_run_dependencies/camera_info_manager
-- Up-to-date symlink: /home/xavier/Developer/aquas-ROS-apriltags/install/camera_info_manager/share/ament_index/resource_index/parent_prefix_path/camera_info_manager
-- Up-to-date symlink: /home/xavier/Developer/aquas-ROS-apriltags/install/camera_info_manager/share/camera_info_manager/environment/ament_prefix_path.sh
-- Up-to-date symlink: /home/xavier/Developer/aquas-ROS-apriltags/install/camera_info_manager/share/camera_info_manager/environment/ament_prefix_path.dsv
-- Up-to-date symlink: /home/xavier/Developer/aquas-ROS-apriltags/install/camera_info_manager/share/camera_info_manager/environment/path.sh
-- Up-to-date symlink: /home/xavier/Developer/aquas-ROS-apriltags/install/camera_info_manager/share/camera_info_manager/environment/path.dsv
-- Up-to-date symlink: /home/xavier/Developer/aquas-ROS-apriltags/install/camera_info_manager/share/camera_info_manager/local_setup.bash
-- Up-to-date symlink: /home/xavier/Developer/aquas-ROS-apriltags/install/camera_info_manager/share/camera_info_manager/local_setup.sh
-- Up-to-date symlink: /home/xavier/Developer/aquas-ROS-apriltags/install/camera_info_manager/share/camera_info_manager/local_setup.zsh
-- Up-to-date symlink: /home/xavier/Developer/aquas-ROS-apriltags/install/camera_info_manager/share/camera_info_manager/local_setup.dsv
-- Symlinking: /home/xavier/Developer/aquas-ROS-apriltags/install/camera_info_manager/share/camera_info_manager/package.dsv
-- Up-to-date symlink: /home/xavier/Developer/aquas-ROS-apriltags/install/camera_info_manager/share/ament_index/resource_index/packages/camera_info_manager
-- Up-to-date symlink: /home/xavier/Developer/aquas-ROS-apriltags/install/camera_info_manager/share/camera_info_manager/cmake/ament_cmake_export_dependencies-extras.cmake
-- Up-to-date symlink: /home/xavier/Developer/aquas-ROS-apriltags/install/camera_info_manager/share/camera_info_manager/cmake/ament_cmake_export_targets-extras.cmake
-- Up-to-date symlink: /home/xavier/Developer/aquas-ROS-apriltags/install/camera_info_manager/share/camera_info_manager/cmake/camera_info_managerConfig.cmake
-- Up-to-date symlink: /home/xavier/Developer/aquas-ROS-apriltags/install/camera_info_manager/share/camera_info_manager/cmake/camera_info_managerConfig-version.cmake
-- Up-to-date symlink: /home/xavier/Developer/aquas-ROS-apriltags/install/camera_info_manager/share/camera_info_manager/package.xml
-- Installing: /home/xavier/Developer/aquas-ROS-apriltags/install/camera_info_manager/lib/libcamera_info_manager.so
-- Set runtime path of "/home/xavier/Developer/aquas-ROS-apriltags/install/camera_info_manager/lib/libcamera_info_manager.so" to ""
-- Installing: /home/xavier/Developer/aquas-ROS-apriltags/install/camera_info_manager/share/camera_info_manager/cmake/export_camera_info_managerExport.cmake
-- Installing: /home/xavier/Developer/aquas-ROS-apriltags/install/camera_info_manager/share/camera_info_manager/cmake/export_camera_info_managerExport-noconfig.cmake
