[0.081s] Invoking command in '/home/xavier/Developer/aquas-ROS-apriltags/build/image_common': CMAKE_PREFIX_PATH=/home/xavier/Developer/aquas-ROS-apriltags/install/camera_info_manager:/home/xavier/Developer/aquas-ROS-apriltags/install/image_transport:/home/xavier/Developer/aquas-ROS-apriltags/install/camera_calibration_parsers:/home/xavier/Developer/aquas-ROS-apriltags/install/image_common:/home/xavier/Developer/aquas-ROS-apriltags/install/apriltag_ros:/home/xavier/Developer/aquas-ROS-apriltags/install/apriltag:/home/xavier/Developer/aquas-ROS-apriltags/install/camera_info_manager_py:/home/xavier/Developer/aquas-ROS-apriltags/install/aquas_dock_align:/home/xavier/Developer/aquas-ROS-apriltags/install/aquas_camera_bringup:/home/xavier/Developer/aquas-ROS-apriltags/install/aquas_apriltag_bringup:/opt/ros/humble LD_LIBRARY_PATH=/home/xavier/Developer/aquas-ROS-apriltags/install/camera_info_manager/lib:/home/xavier/Developer/aquas-ROS-apriltags/install/image_transport/lib:/home/xavier/Developer/aquas-ROS-apriltags/install/camera_calibration_parsers/lib:/home/xavier/Developer/aquas-ROS-apriltags/install/apriltag_ros/lib:/home/xavier/Developer/aquas-ROS-apriltags/install/apriltag/lib:/opt/ros/humble/opt/rviz_ogre_vendor/lib:/opt/ros/humble/lib/aarch64-linux-gnu:/opt/ros/humble/lib /usr/bin/cmake --build /home/xavier/Developer/aquas-ROS-apriltags/build/image_common -- -j4 -l4
[0.266s] -- Found ament_cmake: 1.3.12 (/opt/ros/humble/share/ament_cmake/cmake)
[1.298s] -- Override CMake install command with custom implementation using symlinks instead of copying resources
[1.358s] -- Found ament_lint_auto: 0.12.14 (/opt/ros/humble/share/ament_lint_auto/cmake)
[1.935s] -- Added test 'copyright' to check source files copyright and LICENSE
[1.949s] -- Added test 'lint_cmake' to check CMake code style
[1.955s] -- Added test 'xmllint' to check XML markup files
[1.968s] -- Configuring done
[2.010s] -- Generating done
[2.027s] -- Build files have been written to: /home/xavier/Developer/aquas-ROS-apriltags/build/image_common
[2.168s] Invoked command in '/home/xavier/Developer/aquas-ROS-apriltags/build/image_common' returned '0': CMAKE_PREFIX_PATH=/home/xavier/Developer/aquas-ROS-apriltags/install/camera_info_manager:/home/xavier/Developer/aquas-ROS-apriltags/install/image_transport:/home/xavier/Developer/aquas-ROS-apriltags/install/camera_calibration_parsers:/home/xavier/Developer/aquas-ROS-apriltags/install/image_common:/home/xavier/Developer/aquas-ROS-apriltags/install/apriltag_ros:/home/xavier/Developer/aquas-ROS-apriltags/install/apriltag:/home/xavier/Developer/aquas-ROS-apriltags/install/camera_info_manager_py:/home/xavier/Developer/aquas-ROS-apriltags/install/aquas_dock_align:/home/xavier/Developer/aquas-ROS-apriltags/install/aquas_camera_bringup:/home/xavier/Developer/aquas-ROS-apriltags/install/aquas_apriltag_bringup:/opt/ros/humble LD_LIBRARY_PATH=/home/xavier/Developer/aquas-ROS-apriltags/install/camera_info_manager/lib:/home/xavier/Developer/aquas-ROS-apriltags/install/image_transport/lib:/home/xavier/Developer/aquas-ROS-apriltags/install/camera_calibration_parsers/lib:/home/xavier/Developer/aquas-ROS-apriltags/install/apriltag_ros/lib:/home/xavier/Developer/aquas-ROS-apriltags/install/apriltag/lib:/opt/ros/humble/opt/rviz_ogre_vendor/lib:/opt/ros/humble/lib/aarch64-linux-gnu:/opt/ros/humble/lib /usr/bin/cmake --build /home/xavier/Developer/aquas-ROS-apriltags/build/image_common -- -j4 -l4
[2.170s] Invoking command in '/home/xavier/Developer/aquas-ROS-apriltags/build/image_common': CMAKE_PREFIX_PATH=/home/xavier/Developer/aquas-ROS-apriltags/install/camera_info_manager:/home/xavier/Developer/aquas-ROS-apriltags/install/image_transport:/home/xavier/Developer/aquas-ROS-apriltags/install/camera_calibration_parsers:/home/xavier/Developer/aquas-ROS-apriltags/install/image_common:/home/xavier/Developer/aquas-ROS-apriltags/install/apriltag_ros:/home/xavier/Developer/aquas-ROS-apriltags/install/apriltag:/home/xavier/Developer/aquas-ROS-apriltags/install/camera_info_manager_py:/home/xavier/Developer/aquas-ROS-apriltags/install/aquas_dock_align:/home/xavier/Developer/aquas-ROS-apriltags/install/aquas_camera_bringup:/home/xavier/Developer/aquas-ROS-apriltags/install/aquas_apriltag_bringup:/opt/ros/humble LD_LIBRARY_PATH=/home/xavier/Developer/aquas-ROS-apriltags/install/camera_info_manager/lib:/home/xavier/Developer/aquas-ROS-apriltags/install/image_transport/lib:/home/xavier/Developer/aquas-ROS-apriltags/install/camera_calibration_parsers/lib:/home/xavier/Developer/aquas-ROS-apriltags/install/apriltag_ros/lib:/home/xavier/Developer/aquas-ROS-apriltags/install/apriltag/lib:/opt/ros/humble/opt/rviz_ogre_vendor/lib:/opt/ros/humble/lib/aarch64-linux-gnu:/opt/ros/humble/lib /usr/bin/cmake --install /home/xavier/Developer/aquas-ROS-apriltags/build/image_common
[2.230s] -- Install configuration: ""
[2.234s] -- Execute custom install script
[2.240s] -- Up-to-date symlink: /home/xavier/Developer/aquas-ROS-apriltags/install/image_common/share/ament_index/resource_index/package_run_dependencies/image_common
[2.245s] -- Up-to-date symlink: /home/xavier/Developer/aquas-ROS-apriltags/install/image_common/share/ament_index/resource_index/parent_prefix_path/image_common
[2.250s] -- Up-to-date symlink: /home/xavier/Developer/aquas-ROS-apriltags/install/image_common/share/image_common/environment/ament_prefix_path.sh
[2.254s] -- Up-to-date symlink: /home/xavier/Developer/aquas-ROS-apriltags/install/image_common/share/image_common/environment/ament_prefix_path.dsv
[2.257s] -- Up-to-date symlink: /home/xavier/Developer/aquas-ROS-apriltags/install/image_common/share/image_common/environment/path.sh
[2.261s] -- Up-to-date symlink: /home/xavier/Developer/aquas-ROS-apriltags/install/image_common/share/image_common/environment/path.dsv
[2.265s] -- Up-to-date symlink: /home/xavier/Developer/aquas-ROS-apriltags/install/image_common/share/image_common/local_setup.bash
[2.268s] -- Up-to-date symlink: /home/xavier/Developer/aquas-ROS-apriltags/install/image_common/share/image_common/local_setup.sh
[2.272s] -- Up-to-date symlink: /home/xavier/Developer/aquas-ROS-apriltags/install/image_common/share/image_common/local_setup.zsh
[2.277s] -- Up-to-date symlink: /home/xavier/Developer/aquas-ROS-apriltags/install/image_common/share/image_common/local_setup.dsv
[2.279s] -- Symlinking: /home/xavier/Developer/aquas-ROS-apriltags/install/image_common/share/image_common/package.dsv
[2.345s] -- Up-to-date symlink: /home/xavier/Developer/aquas-ROS-apriltags/install/image_common/share/ament_index/resource_index/packages/image_common
[2.349s] -- Up-to-date symlink: /home/xavier/Developer/aquas-ROS-apriltags/install/image_common/share/image_common/cmake/image_commonConfig.cmake
[2.352s] -- Up-to-date symlink: /home/xavier/Developer/aquas-ROS-apriltags/install/image_common/share/image_common/cmake/image_commonConfig-version.cmake
[2.356s] -- Up-to-date symlink: /home/xavier/Developer/aquas-ROS-apriltags/install/image_common/share/image_common/package.xml
[2.373s] Invoked command in '/home/xavier/Developer/aquas-ROS-apriltags/build/image_common' returned '0': CMAKE_PREFIX_PATH=/home/xavier/Developer/aquas-ROS-apriltags/install/camera_info_manager:/home/xavier/Developer/aquas-ROS-apriltags/install/image_transport:/home/xavier/Developer/aquas-ROS-apriltags/install/camera_calibration_parsers:/home/xavier/Developer/aquas-ROS-apriltags/install/image_common:/home/xavier/Developer/aquas-ROS-apriltags/install/apriltag_ros:/home/xavier/Developer/aquas-ROS-apriltags/install/apriltag:/home/xavier/Developer/aquas-ROS-apriltags/install/camera_info_manager_py:/home/xavier/Developer/aquas-ROS-apriltags/install/aquas_dock_align:/home/xavier/Developer/aquas-ROS-apriltags/install/aquas_camera_bringup:/home/xavier/Developer/aquas-ROS-apriltags/install/aquas_apriltag_bringup:/opt/ros/humble LD_LIBRARY_PATH=/home/xavier/Developer/aquas-ROS-apriltags/install/camera_info_manager/lib:/home/xavier/Developer/aquas-ROS-apriltags/install/image_transport/lib:/home/xavier/Developer/aquas-ROS-apriltags/install/camera_calibration_parsers/lib:/home/xavier/Developer/aquas-ROS-apriltags/install/apriltag_ros/lib:/home/xavier/Developer/aquas-ROS-apriltags/install/apriltag/lib:/opt/ros/humble/opt/rviz_ogre_vendor/lib:/opt/ros/humble/lib/aarch64-linux-gnu:/opt/ros/humble/lib /usr/bin/cmake --install /home/xavier/Developer/aquas-ROS-apriltags/build/image_common
