[0.135s] Invoking command in '/home/xavier/Developer/aquas-ROS-apriltags/build/camera_info_manager': CMAKE_PREFIX_PATH=/home/xavier/Developer/aquas-ROS-apriltags/install/camera_calibration_parsers:/home/xavier/Developer/aquas-ROS-apriltags/install/image_common:/home/xavier/Developer/aquas-ROS-apriltags/install/apriltag_ros:/home/xavier/Developer/aquas-ROS-apriltags/install/image_transport:/home/xavier/Developer/aquas-ROS-apriltags/install/camera_info_manager:/home/xavier/Developer/aquas-ROS-apriltags/install/apriltag:/home/xavier/Developer/aquas-ROS-apriltags/install/camera_info_manager_py:/home/xavier/Developer/aquas-ROS-apriltags/install/aquas_dock_align:/home/xavier/Developer/aquas-ROS-apriltags/install/aquas_camera_bringup:/home/xavier/Developer/aquas-ROS-apriltags/install/aquas_apriltag_bringup:/opt/ros/humble LD_LIBRARY_PATH=/home/xavier/Developer/aquas-ROS-apriltags/install/camera_calibration_parsers/lib:/home/xavier/Developer/aquas-ROS-apriltags/install/apriltag_ros/lib:/home/xavier/Developer/aquas-ROS-apriltags/install/image_transport/lib:/home/xavier/Developer/aquas-ROS-apriltags/install/camera_info_manager/lib:/home/xavier/Developer/aquas-ROS-apriltags/install/apriltag/lib:/opt/ros/humble/opt/rviz_ogre_vendor/lib:/opt/ros/humble/lib/aarch64-linux-gnu:/opt/ros/humble/lib /usr/bin/cmake /home/xavier/Developer/aquas-ROS-apriltags/src/image_common/camera_info_manager -DAMENT_CMAKE_SYMLINK_INSTALL=1 -DCMAKE_INSTALL_PREFIX=/home/xavier/Developer/aquas-ROS-apriltags/install/camera_info_manager
[0.261s] -- Found ament_cmake_ros: 0.10.0 (/opt/ros/humble/share/ament_cmake_ros/cmake)
[1.413s] -- Override CMake install command with custom implementation using symlinks instead of copying resources
[1.462s] -- Found ament_index_cpp: 1.4.0 (/opt/ros/humble/share/ament_index_cpp/cmake)
[1.467s] -- Found camera_calibration_parsers: 3.1.12 (/home/xavier/Developer/aquas-ROS-apriltags/install/camera_calibration_parsers/share/camera_calibration_parsers/cmake)
[1.713s] -- Found rosidl_generator_c: 3.1.8 (/opt/ros/humble/share/rosidl_generator_c/cmake)
[1.728s] -- Found rosidl_adapter: 3.1.8 (/opt/ros/humble/share/rosidl_adapter/cmake)
[1.760s] -- Found rosidl_generator_cpp: 3.1.8 (/opt/ros/humble/share/rosidl_generator_cpp/cmake)
[1.821s] -- Using all available rosidl_typesupport_c: rosidl_typesupport_fastrtps_c;rosidl_typesupport_introspection_c
[1.890s] -- Using all available rosidl_typesupport_cpp: rosidl_typesupport_fastrtps_cpp;rosidl_typesupport_introspection_cpp
[2.083s] -- Found rmw_implementation_cmake: 6.1.2 (/opt/ros/humble/share/rmw_implementation_cmake/cmake)
[2.089s] -- Found rmw_fastrtps_cpp: 6.2.9 (/opt/ros/humble/share/rmw_fastrtps_cpp/cmake)
[3.531s] -- Using RMW implementation 'rmw_fastrtps_cpp' as default
[4.193s] -- Found ament_cmake_cpplint: 0.12.14 (/opt/ros/humble/share/ament_cmake_cpplint/cmake)
[4.198s] -- Found ament_cmake_lint_cmake: 0.12.14 (/opt/ros/humble/share/ament_cmake_lint_cmake/cmake)
[4.202s] -- Found ament_cmake_uncrustify: 0.12.14 (/opt/ros/humble/share/ament_cmake_uncrustify/cmake)
[4.927s] -- Configuring done
[5.125s] -- Generating done
[5.196s] -- Build files have been written to: /home/xavier/Developer/aquas-ROS-apriltags/build/camera_info_manager
[5.470s] Invoked command in '/home/xavier/Developer/aquas-ROS-apriltags/build/camera_info_manager' returned '0': CMAKE_PREFIX_PATH=/home/xavier/Developer/aquas-ROS-apriltags/install/camera_calibration_parsers:/home/xavier/Developer/aquas-ROS-apriltags/install/image_common:/home/xavier/Developer/aquas-ROS-apriltags/install/apriltag_ros:/home/xavier/Developer/aquas-ROS-apriltags/install/image_transport:/home/xavier/Developer/aquas-ROS-apriltags/install/camera_info_manager:/home/xavier/Developer/aquas-ROS-apriltags/install/apriltag:/home/xavier/Developer/aquas-ROS-apriltags/install/camera_info_manager_py:/home/xavier/Developer/aquas-ROS-apriltags/install/aquas_dock_align:/home/xavier/Developer/aquas-ROS-apriltags/install/aquas_camera_bringup:/home/xavier/Developer/aquas-ROS-apriltags/install/aquas_apriltag_bringup:/opt/ros/humble LD_LIBRARY_PATH=/home/xavier/Developer/aquas-ROS-apriltags/install/camera_calibration_parsers/lib:/home/xavier/Developer/aquas-ROS-apriltags/install/apriltag_ros/lib:/home/xavier/Developer/aquas-ROS-apriltags/install/image_transport/lib:/home/xavier/Developer/aquas-ROS-apriltags/install/camera_info_manager/lib:/home/xavier/Developer/aquas-ROS-apriltags/install/apriltag/lib:/opt/ros/humble/opt/rviz_ogre_vendor/lib:/opt/ros/humble/lib/aarch64-linux-gnu:/opt/ros/humble/lib /usr/bin/cmake /home/xavier/Developer/aquas-ROS-apriltags/src/image_common/camera_info_manager -DAMENT_CMAKE_SYMLINK_INSTALL=1 -DCMAKE_INSTALL_PREFIX=/home/xavier/Developer/aquas-ROS-apriltags/install/camera_info_manager
[5.476s] Invoking command in '/home/xavier/Developer/aquas-ROS-apriltags/build/camera_info_manager': CMAKE_PREFIX_PATH=/home/xavier/Developer/aquas-ROS-apriltags/install/camera_calibration_parsers:/home/xavier/Developer/aquas-ROS-apriltags/install/image_common:/home/xavier/Developer/aquas-ROS-apriltags/install/apriltag_ros:/home/xavier/Developer/aquas-ROS-apriltags/install/image_transport:/home/xavier/Developer/aquas-ROS-apriltags/install/camera_info_manager:/home/xavier/Developer/aquas-ROS-apriltags/install/apriltag:/home/xavier/Developer/aquas-ROS-apriltags/install/camera_info_manager_py:/home/xavier/Developer/aquas-ROS-apriltags/install/aquas_dock_align:/home/xavier/Developer/aquas-ROS-apriltags/install/aquas_camera_bringup:/home/xavier/Developer/aquas-ROS-apriltags/install/aquas_apriltag_bringup:/opt/ros/humble LD_LIBRARY_PATH=/home/xavier/Developer/aquas-ROS-apriltags/install/camera_calibration_parsers/lib:/home/xavier/Developer/aquas-ROS-apriltags/install/apriltag_ros/lib:/home/xavier/Developer/aquas-ROS-apriltags/install/image_transport/lib:/home/xavier/Developer/aquas-ROS-apriltags/install/camera_info_manager/lib:/home/xavier/Developer/aquas-ROS-apriltags/install/apriltag/lib:/opt/ros/humble/opt/rviz_ogre_vendor/lib:/opt/ros/humble/lib/aarch64-linux-gnu:/opt/ros/humble/lib /usr/bin/cmake --build /home/xavier/Developer/aquas-ROS-apriltags/build/camera_info_manager -- -j4 -l4
[5.794s] [35m[1mConsolidate compiler generated dependencies of target camera_info_manager[0m
[5.990s] [100%] Built target camera_info_manager
[6.098s] Invoked command in '/home/xavier/Developer/aquas-ROS-apriltags/build/camera_info_manager' returned '0': CMAKE_PREFIX_PATH=/home/xavier/Developer/aquas-ROS-apriltags/install/camera_calibration_parsers:/home/xavier/Developer/aquas-ROS-apriltags/install/image_common:/home/xavier/Developer/aquas-ROS-apriltags/install/apriltag_ros:/home/xavier/Developer/aquas-ROS-apriltags/install/image_transport:/home/xavier/Developer/aquas-ROS-apriltags/install/camera_info_manager:/home/xavier/Developer/aquas-ROS-apriltags/install/apriltag:/home/xavier/Developer/aquas-ROS-apriltags/install/camera_info_manager_py:/home/xavier/Developer/aquas-ROS-apriltags/install/aquas_dock_align:/home/xavier/Developer/aquas-ROS-apriltags/install/aquas_camera_bringup:/home/xavier/Developer/aquas-ROS-apriltags/install/aquas_apriltag_bringup:/opt/ros/humble LD_LIBRARY_PATH=/home/xavier/Developer/aquas-ROS-apriltags/install/camera_calibration_parsers/lib:/home/xavier/Developer/aquas-ROS-apriltags/install/apriltag_ros/lib:/home/xavier/Developer/aquas-ROS-apriltags/install/image_transport/lib:/home/xavier/Developer/aquas-ROS-apriltags/install/camera_info_manager/lib:/home/xavier/Developer/aquas-ROS-apriltags/install/apriltag/lib:/opt/ros/humble/opt/rviz_ogre_vendor/lib:/opt/ros/humble/lib/aarch64-linux-gnu:/opt/ros/humble/lib /usr/bin/cmake --build /home/xavier/Developer/aquas-ROS-apriltags/build/camera_info_manager -- -j4 -l4
[6.100s] Invoking command in '/home/xavier/Developer/aquas-ROS-apriltags/build/camera_info_manager': CMAKE_PREFIX_PATH=/home/xavier/Developer/aquas-ROS-apriltags/install/camera_calibration_parsers:/home/xavier/Developer/aquas-ROS-apriltags/install/image_common:/home/xavier/Developer/aquas-ROS-apriltags/install/apriltag_ros:/home/xavier/Developer/aquas-ROS-apriltags/install/image_transport:/home/xavier/Developer/aquas-ROS-apriltags/install/camera_info_manager:/home/xavier/Developer/aquas-ROS-apriltags/install/apriltag:/home/xavier/Developer/aquas-ROS-apriltags/install/camera_info_manager_py:/home/xavier/Developer/aquas-ROS-apriltags/install/aquas_dock_align:/home/xavier/Developer/aquas-ROS-apriltags/install/aquas_camera_bringup:/home/xavier/Developer/aquas-ROS-apriltags/install/aquas_apriltag_bringup:/opt/ros/humble LD_LIBRARY_PATH=/home/xavier/Developer/aquas-ROS-apriltags/install/camera_calibration_parsers/lib:/home/xavier/Developer/aquas-ROS-apriltags/install/apriltag_ros/lib:/home/xavier/Developer/aquas-ROS-apriltags/install/image_transport/lib:/home/xavier/Developer/aquas-ROS-apriltags/install/camera_info_manager/lib:/home/xavier/Developer/aquas-ROS-apriltags/install/apriltag/lib:/opt/ros/humble/opt/rviz_ogre_vendor/lib:/opt/ros/humble/lib/aarch64-linux-gnu:/opt/ros/humble/lib /usr/bin/cmake --install /home/xavier/Developer/aquas-ROS-apriltags/build/camera_info_manager
[6.159s] -- Install configuration: ""
[6.163s] -- Execute custom install script
[6.183s] -- Symlinking: /home/xavier/Developer/aquas-ROS-apriltags/install/camera_info_manager/include/camera_info_manager/camera_info_manager/camera_info_manager.h
[6.265s] -- Symlinking: /home/xavier/Developer/aquas-ROS-apriltags/install/camera_info_manager/include/camera_info_manager/camera_info_manager/camera_info_manager.hpp
[6.331s] -- Symlinking: /home/xavier/Developer/aquas-ROS-apriltags/install/camera_info_manager/include/camera_info_manager/camera_info_manager/visibility_control.h
[6.416s] -- Symlinking: /home/xavier/Developer/aquas-ROS-apriltags/install/camera_info_manager/share/ament_index/resource_index/package_run_dependencies/camera_info_manager
[6.498s] -- Symlinking: /home/xavier/Developer/aquas-ROS-apriltags/install/camera_info_manager/share/ament_index/resource_index/parent_prefix_path/camera_info_manager
[6.575s] -- Symlinking: /home/xavier/Developer/aquas-ROS-apriltags/install/camera_info_manager/share/camera_info_manager/environment/ament_prefix_path.sh
[6.661s] -- Symlinking: /home/xavier/Developer/aquas-ROS-apriltags/install/camera_info_manager/share/camera_info_manager/environment/ament_prefix_path.dsv
[6.750s] -- Symlinking: /home/xavier/Developer/aquas-ROS-apriltags/install/camera_info_manager/share/camera_info_manager/environment/path.sh
[6.827s] -- Symlinking: /home/xavier/Developer/aquas-ROS-apriltags/install/camera_info_manager/share/camera_info_manager/environment/path.dsv
[6.891s] -- Symlinking: /home/xavier/Developer/aquas-ROS-apriltags/install/camera_info_manager/share/camera_info_manager/local_setup.bash
[6.953s] -- Symlinking: /home/xavier/Developer/aquas-ROS-apriltags/install/camera_info_manager/share/camera_info_manager/local_setup.sh
[7.027s] -- Symlinking: /home/xavier/Developer/aquas-ROS-apriltags/install/camera_info_manager/share/camera_info_manager/local_setup.zsh
[7.117s] -- Symlinking: /home/xavier/Developer/aquas-ROS-apriltags/install/camera_info_manager/share/camera_info_manager/local_setup.dsv
[7.179s] -- Symlinking: /home/xavier/Developer/aquas-ROS-apriltags/install/camera_info_manager/share/camera_info_manager/package.dsv
[7.239s] -- Symlinking: /home/xavier/Developer/aquas-ROS-apriltags/install/camera_info_manager/share/ament_index/resource_index/packages/camera_info_manager
[7.309s] -- Symlinking: /home/xavier/Developer/aquas-ROS-apriltags/install/camera_info_manager/share/camera_info_manager/cmake/ament_cmake_export_dependencies-extras.cmake
[7.378s] -- Symlinking: /home/xavier/Developer/aquas-ROS-apriltags/install/camera_info_manager/share/camera_info_manager/cmake/ament_cmake_export_targets-extras.cmake
[7.447s] -- Symlinking: /home/xavier/Developer/aquas-ROS-apriltags/install/camera_info_manager/share/camera_info_manager/cmake/camera_info_managerConfig.cmake
[7.513s] -- Symlinking: /home/xavier/Developer/aquas-ROS-apriltags/install/camera_info_manager/share/camera_info_manager/cmake/camera_info_managerConfig-version.cmake
[7.583s] -- Symlinking: /home/xavier/Developer/aquas-ROS-apriltags/install/camera_info_manager/share/camera_info_manager/package.xml
[7.661s] -- Up-to-date: /home/xavier/Developer/aquas-ROS-apriltags/install/camera_info_manager/lib/libcamera_info_manager.so
[7.662s] -- Up-to-date: /home/xavier/Developer/aquas-ROS-apriltags/install/camera_info_manager/share/camera_info_manager/cmake/export_camera_info_managerExport.cmake
[7.683s] -- Up-to-date: /home/xavier/Developer/aquas-ROS-apriltags/install/camera_info_manager/share/camera_info_manager/cmake/export_camera_info_managerExport-noconfig.cmake
[7.684s] Invoked command in '/home/xavier/Developer/aquas-ROS-apriltags/build/camera_info_manager' returned '0': CMAKE_PREFIX_PATH=/home/xavier/Developer/aquas-ROS-apriltags/install/camera_calibration_parsers:/home/xavier/Developer/aquas-ROS-apriltags/install/image_common:/home/xavier/Developer/aquas-ROS-apriltags/install/apriltag_ros:/home/xavier/Developer/aquas-ROS-apriltags/install/image_transport:/home/xavier/Developer/aquas-ROS-apriltags/install/camera_info_manager:/home/xavier/Developer/aquas-ROS-apriltags/install/apriltag:/home/xavier/Developer/aquas-ROS-apriltags/install/camera_info_manager_py:/home/xavier/Developer/aquas-ROS-apriltags/install/aquas_dock_align:/home/xavier/Developer/aquas-ROS-apriltags/install/aquas_camera_bringup:/home/xavier/Developer/aquas-ROS-apriltags/install/aquas_apriltag_bringup:/opt/ros/humble LD_LIBRARY_PATH=/home/xavier/Developer/aquas-ROS-apriltags/install/camera_calibration_parsers/lib:/home/xavier/Developer/aquas-ROS-apriltags/install/apriltag_ros/lib:/home/xavier/Developer/aquas-ROS-apriltags/install/image_transport/lib:/home/xavier/Developer/aquas-ROS-apriltags/install/camera_info_manager/lib:/home/xavier/Developer/aquas-ROS-apriltags/install/apriltag/lib:/opt/ros/humble/opt/rviz_ogre_vendor/lib:/opt/ros/humble/lib/aarch64-linux-gnu:/opt/ros/humble/lib /usr/bin/cmake --install /home/xavier/Developer/aquas-ROS-apriltags/build/camera_info_manager
