running develop
Removing /home/xavier/Developer/aquas-ROS-apriltags/install/aquas_apriltag_bringup/lib/python3.10/site-packages/aquas-apriltag-bringup.egg-link (link to .)
running egg_info
writing ../../build/aquas_apriltag_bringup/aquas_apriltag_bringup.egg-info/PKG-INFO
writing dependency_links to ../../build/aquas_apriltag_bringup/aquas_apriltag_bringup.egg-info/dependency_links.txt
writing entry points to ../../build/aquas_apriltag_bringup/aquas_apriltag_bringup.egg-info/entry_points.txt
writing requirements to ../../build/aquas_apriltag_bringup/aquas_apriltag_bringup.egg-info/requires.txt
writing top-level names to ../../build/aquas_apriltag_bringup/aquas_apriltag_bringup.egg-info/top_level.txt
reading manifest file '../../build/aquas_apriltag_bringup/aquas_apriltag_bringup.egg-info/SOURCES.txt'
writing manifest file '../../build/aquas_apriltag_bringup/aquas_apriltag_bringup.egg-info/SOURCES.txt'
running build
running build_py
creating /home/xavier/Developer/aquas-ROS-apriltags/build/aquas_apriltag_bringup/build
creating /home/xavier/Developer/aquas-ROS-apriltags/build/aquas_apriltag_bringup/build/lib
creating /home/xavier/Developer/aquas-ROS-apriltags/build/aquas_apriltag_bringup/build/lib/aquas_apriltag_bringup
copying aquas_apriltag_bringup/__init__.py -> /home/xavier/Developer/aquas-ROS-apriltags/build/aquas_apriltag_bringup/build/lib/aquas_apriltag_bringup
running install
running install_lib
creating /home/xavier/Developer/aquas-ROS-apriltags/install/aquas_apriltag_bringup/lib/python3.10/site-packages/aquas_apriltag_bringup
copying /home/xavier/Developer/aquas-ROS-apriltags/build/aquas_apriltag_bringup/build/lib/aquas_apriltag_bringup/__init__.py -> /home/xavier/Developer/aquas-ROS-apriltags/install/aquas_apriltag_bringup/lib/python3.10/site-packages/aquas_apriltag_bringup
byte-compiling /home/xavier/Developer/aquas-ROS-apriltags/install/aquas_apriltag_bringup/lib/python3.10/site-packages/aquas_apriltag_bringup/__init__.py to __init__.cpython-310.pyc
running install_data
copying resource/aquas_apriltag_bringup -> /home/xavier/Developer/aquas-ROS-apriltags/install/aquas_apriltag_bringup/share/ament_index/resource_index/packages
copying package.xml -> /home/xavier/Developer/aquas-ROS-apriltags/install/aquas_apriltag_bringup/share/aquas_apriltag_bringup
running install_egg_info
Copying ../../build/aquas_apriltag_bringup/aquas_apriltag_bringup.egg-info to /home/xavier/Developer/aquas-ROS-apriltags/install/aquas_apriltag_bringup/lib/python3.10/site-packages/aquas_apriltag_bringup-0.0.0-py3.10.egg-info
running install_scripts
writing list of installed files to '/home/xavier/Developer/aquas-ROS-apriltags/build/aquas_apriltag_bringup/install.log'
