[4.549s] Invoking command in '/home/xavier/Developer/aquas-ROS-apriltags/build/aquas_apriltag_bringup': PYTHONPATH=/home/xavier/Developer/aquas-ROS-apriltags/build/aquas_apriltag_bringup/prefix_override:/usr/lib/python3/dist-packages/colcon_core/task/python/colcon_distutils_commands:/home/xavier/Developer/aquas-ROS-apriltags/install/aquas_apriltag_bringup/lib/python3.10/site-packages:${PYTHONPATH} /usr/bin/python3 -W ignore:setup.py install is deprecated -W ignore:easy_install command is deprecated setup.py develop --uninstall --editable --build-directory /home/xavier/Developer/aquas-ROS-apriltags/build/aquas_apriltag_bringup/build
[6.833s] running develop
[8.185s] Removing /home/xavier/Developer/aquas-ROS-apriltags/install/aquas_apriltag_bringup/lib/python3.10/site-packages/aquas-apriltag-bringup.egg-link (link to .)
[8.369s] Invoked command in '/home/xavier/Developer/aquas-ROS-apriltags/build/aquas_apriltag_bringup' returned '0': PYTHONPATH=/home/xavier/Developer/aquas-ROS-apriltags/build/aquas_apriltag_bringup/prefix_override:/usr/lib/python3/dist-packages/colcon_core/task/python/colcon_distutils_commands:/home/xavier/Developer/aquas-ROS-apriltags/install/aquas_apriltag_bringup/lib/python3.10/site-packages:${PYTHONPATH} /usr/bin/python3 -W ignore:setup.py install is deprecated -W ignore:easy_install command is deprecated setup.py develop --uninstall --editable --build-directory /home/xavier/Developer/aquas-ROS-apriltags/build/aquas_apriltag_bringup/build
[8.380s] Invoking command in '/home/xavier/Developer/aquas-ROS-apriltags/src/aquas_apriltag_bringup': PYTHONPATH=/home/xavier/Developer/aquas-ROS-apriltags/build/aquas_apriltag_bringup/prefix_override:/usr/lib/python3/dist-packages/colcon_core/task/python/colcon_distutils_commands:/home/xavier/Developer/aquas-ROS-apriltags/install/aquas_apriltag_bringup/lib/python3.10/site-packages:${PYTHONPATH} /usr/bin/python3 -W ignore:setup.py install is deprecated -W ignore:easy_install command is deprecated setup.py egg_info --egg-base ../../build/aquas_apriltag_bringup build --build-base /home/xavier/Developer/aquas-ROS-apriltags/build/aquas_apriltag_bringup/build install --record /home/xavier/Developer/aquas-ROS-apriltags/build/aquas_apriltag_bringup/install.log --single-version-externally-managed install_data --force
[10.463s] running egg_info
[10.469s] writing ../../build/aquas_apriltag_bringup/aquas_apriltag_bringup.egg-info/PKG-INFO
[10.471s] writing dependency_links to ../../build/aquas_apriltag_bringup/aquas_apriltag_bringup.egg-info/dependency_links.txt
[10.472s] writing entry points to ../../build/aquas_apriltag_bringup/aquas_apriltag_bringup.egg-info/entry_points.txt
[10.474s] writing requirements to ../../build/aquas_apriltag_bringup/aquas_apriltag_bringup.egg-info/requires.txt
[10.475s] writing top-level names to ../../build/aquas_apriltag_bringup/aquas_apriltag_bringup.egg-info/top_level.txt
[10.492s] reading manifest file '../../build/aquas_apriltag_bringup/aquas_apriltag_bringup.egg-info/SOURCES.txt'
[10.503s] writing manifest file '../../build/aquas_apriltag_bringup/aquas_apriltag_bringup.egg-info/SOURCES.txt'
[10.505s] running build
[10.506s] running build_py
[10.507s] creating /home/xavier/Developer/aquas-ROS-apriltags/build/aquas_apriltag_bringup/build
[10.508s] creating /home/xavier/Developer/aquas-ROS-apriltags/build/aquas_apriltag_bringup/build/lib
[10.509s] creating /home/xavier/Developer/aquas-ROS-apriltags/build/aquas_apriltag_bringup/build/lib/aquas_apriltag_bringup
[10.510s] copying aquas_apriltag_bringup/__init__.py -> /home/xavier/Developer/aquas-ROS-apriltags/build/aquas_apriltag_bringup/build/lib/aquas_apriltag_bringup
[10.522s] running install
[10.523s] running install_lib
[10.524s] creating /home/xavier/Developer/aquas-ROS-apriltags/install/aquas_apriltag_bringup/lib/python3.10/site-packages/aquas_apriltag_bringup
[10.525s] copying /home/xavier/Developer/aquas-ROS-apriltags/build/aquas_apriltag_bringup/build/lib/aquas_apriltag_bringup/__init__.py -> /home/xavier/Developer/aquas-ROS-apriltags/install/aquas_apriltag_bringup/lib/python3.10/site-packages/aquas_apriltag_bringup
[10.526s] byte-compiling /home/xavier/Developer/aquas-ROS-apriltags/install/aquas_apriltag_bringup/lib/python3.10/site-packages/aquas_apriltag_bringup/__init__.py to __init__.cpython-310.pyc
[10.527s] running install_data
[10.533s] copying resource/aquas_apriltag_bringup -> /home/xavier/Developer/aquas-ROS-apriltags/install/aquas_apriltag_bringup/share/ament_index/resource_index/packages
[10.536s] copying package.xml -> /home/xavier/Developer/aquas-ROS-apriltags/install/aquas_apriltag_bringup/share/aquas_apriltag_bringup
[10.538s] running install_egg_info
[10.552s] Copying ../../build/aquas_apriltag_bringup/aquas_apriltag_bringup.egg-info to /home/xavier/Developer/aquas-ROS-apriltags/install/aquas_apriltag_bringup/lib/python3.10/site-packages/aquas_apriltag_bringup-0.0.0-py3.10.egg-info
[10.569s] running install_scripts
[10.718s] writing list of installed files to '/home/xavier/Developer/aquas-ROS-apriltags/build/aquas_apriltag_bringup/install.log'
[10.933s] Invoked command in '/home/xavier/Developer/aquas-ROS-apriltags/src/aquas_apriltag_bringup' returned '0': PYTHONPATH=/home/xavier/Developer/aquas-ROS-apriltags/build/aquas_apriltag_bringup/prefix_override:/usr/lib/python3/dist-packages/colcon_core/task/python/colcon_distutils_commands:/home/xavier/Developer/aquas-ROS-apriltags/install/aquas_apriltag_bringup/lib/python3.10/site-packages:${PYTHONPATH} /usr/bin/python3 -W ignore:setup.py install is deprecated -W ignore:easy_install command is deprecated setup.py egg_info --egg-base ../../build/aquas_apriltag_bringup build --build-base /home/xavier/Developer/aquas-ROS-apriltags/build/aquas_apriltag_bringup/build install --record /home/xavier/Developer/aquas-ROS-apriltags/build/aquas_apriltag_bringup/install.log --single-version-externally-managed install_data --force
