[0.100s] Invoking command in '/home/xavier/Developer/aquas-ROS-apriltags/build/apriltag_ros': AMENT_PREFIX_PATH=/home/xavier/Developer/aquas-ROS-apriltags/install/image_transport:${AMENT_PREFIX_PATH} CMAKE_PREFIX_PATH=/home/xavier/Developer/aquas-ROS-apriltags/install/image_transport:/home/xavier/Developer/aquas-ROS-apriltags/install/apriltag:/opt/ros/humble LD_LIBRARY_PATH=/home/xavier/Developer/aquas-ROS-apriltags/install/image_transport/lib:/home/xavier/Developer/aquas-ROS-apriltags/install/apriltag/lib:${LD_LIBRARY_PATH} PATH=/home/xavier/Developer/aquas-ROS-apriltags/install/apriltag/bin:${PATH} PKG_CONFIG_PATH=/home/xavier/Developer/aquas-ROS-apriltags/install/apriltag/lib/aarch64-linux-gnu/pkgconfig:/home/xavier/Developer/aquas-ROS-apriltags/install/apriltag/lib/pkgconfig PYTHONPATH=/home/xavier/Developer/aquas-ROS-apriltags/install/apriltag/lib/python3.10/site-packages:${PYTHONPATH} /usr/bin/cmake /home/xavier/Developer/aquas-ROS-apriltags/src/apriltag_ros -DCMAKE_INSTALL_PREFIX=/home/xavier/Developer/aquas-ROS-apriltags/install/apriltag_ros
[0.942s] -- The C compiler identification is GNU 11.4.0
[1.294s] -- The CXX compiler identification is GNU 11.4.0
[1.353s] -- Detecting C compiler ABI info
[1.810s] -- Detecting C compiler ABI info - done
[1.839s] -- Check for working C compiler: /usr/bin/cc - skipped
[1.843s] -- Detecting C compile features
[1.861s] -- Detecting C compile features - done
[1.885s] -- Detecting CXX compiler ABI info
[2.334s] -- Detecting CXX compiler ABI info - done
[2.365s] -- Check for working CXX compiler: /usr/bin/c++ - skipped
[2.366s] -- Detecting CXX compile features
[2.368s] -- Detecting CXX compile features - done
[2.429s] -- Found rclcpp: 16.0.17 (/opt/ros/humble/share/rclcpp/cmake)
[3.661s] -- Found Python3: /usr/bin/python3 (found version "3.10.12") found components: Interpreter 
[5.214s] -- Found rosidl_generator_c: 3.1.8 (/opt/ros/humble/share/rosidl_generator_c/cmake)
[5.291s] -- Found rosidl_adapter: 3.1.8 (/opt/ros/humble/share/rosidl_adapter/cmake)
[5.384s] -- Found rosidl_generator_cpp: 3.1.8 (/opt/ros/humble/share/rosidl_generator_cpp/cmake)
[5.526s] -- Using all available rosidl_typesupport_c: rosidl_typesupport_fastrtps_c;rosidl_typesupport_introspection_c
[5.717s] -- Using all available rosidl_typesupport_cpp: rosidl_typesupport_fastrtps_cpp;rosidl_typesupport_introspection_cpp
[6.220s] -- Found rmw_implementation_cmake: 6.1.2 (/opt/ros/humble/share/rmw_implementation_cmake/cmake)
[6.259s] -- Found rmw_fastrtps_cpp: 6.2.9 (/opt/ros/humble/share/rmw_fastrtps_cpp/cmake)
[7.181s] -- Found OpenSSL: /usr/lib/aarch64-linux-gnu/libcrypto.so (found version "3.0.2")  
[7.509s] -- Found FastRTPS: /opt/ros/humble/include  
[8.024s] -- Using RMW implementation 'rmw_fastrtps_cpp' as default
[8.157s] -- Looking for pthread.h
[8.556s] -- Looking for pthread.h - found
[8.558s] -- Performing Test CMAKE_HAVE_LIBC_PTHREAD
[8.984s] -- Performing Test CMAKE_HAVE_LIBC_PTHREAD - Success
[8.992s] -- Found Threads: TRUE  
[9.435s] -- Found rclcpp_components: 16.0.17 (/opt/ros/humble/share/rclcpp_components/cmake)
[9.797s] -- Found sensor_msgs: 4.9.0 (/opt/ros/humble/share/sensor_msgs/cmake)
[10.049s] -- Found apriltag_msgs: 2.0.1 (/opt/ros/humble/share/apriltag_msgs/cmake)
[10.177s] -- Found tf2_ros: 0.25.18 (/opt/ros/humble/share/tf2_ros/cmake)
[10.803s] -- Found image_transport: 3.1.12 (/home/xavier/Developer/aquas-ROS-apriltags/install/image_transport/share/image_transport/cmake)
[11.155s] -- Found cv_bridge: 3.2.1 (/opt/ros/humble/share/cv_bridge/cmake)
[11.415s] -- Found OpenCV: /usr (found version "4.5.4") found components: core calib3d 
[11.474s] -- Found ament_lint_auto: 0.12.14 (/opt/ros/humble/share/ament_lint_auto/cmake)
[12.167s] -- Added test 'clang_format' to check C / C++ code style
[12.228s] -- Added test 'cppcheck' to perform static code analysis on C / C++ code
[12.228s] -- Configured cppcheck include dirs: 
[12.229s] -- Configured cppcheck exclude dirs and/or files: 
[12.236s] -- Configuring done
[12.398s] -- Generating done
[12.435s] -- Build files have been written to: /home/xavier/Developer/aquas-ROS-apriltags/build/apriltag_ros
[12.488s] Invoked command in '/home/xavier/Developer/aquas-ROS-apriltags/build/apriltag_ros' returned '0': AMENT_PREFIX_PATH=/home/xavier/Developer/aquas-ROS-apriltags/install/image_transport:${AMENT_PREFIX_PATH} CMAKE_PREFIX_PATH=/home/xavier/Developer/aquas-ROS-apriltags/install/image_transport:/home/xavier/Developer/aquas-ROS-apriltags/install/apriltag:/opt/ros/humble LD_LIBRARY_PATH=/home/xavier/Developer/aquas-ROS-apriltags/install/image_transport/lib:/home/xavier/Developer/aquas-ROS-apriltags/install/apriltag/lib:${LD_LIBRARY_PATH} PATH=/home/xavier/Developer/aquas-ROS-apriltags/install/apriltag/bin:${PATH} PKG_CONFIG_PATH=/home/xavier/Developer/aquas-ROS-apriltags/install/apriltag/lib/aarch64-linux-gnu/pkgconfig:/home/xavier/Developer/aquas-ROS-apriltags/install/apriltag/lib/pkgconfig PYTHONPATH=/home/xavier/Developer/aquas-ROS-apriltags/install/apriltag/lib/python3.10/site-packages:${PYTHONPATH} /usr/bin/cmake /home/xavier/Developer/aquas-ROS-apriltags/src/apriltag_ros -DCMAKE_INSTALL_PREFIX=/home/xavier/Developer/aquas-ROS-apriltags/install/apriltag_ros
[12.500s] Invoking command in '/home/xavier/Developer/aquas-ROS-apriltags/build/apriltag_ros': AMENT_PREFIX_PATH=/home/xavier/Developer/aquas-ROS-apriltags/install/image_transport:${AMENT_PREFIX_PATH} CMAKE_PREFIX_PATH=/home/xavier/Developer/aquas-ROS-apriltags/install/image_transport:/home/xavier/Developer/aquas-ROS-apriltags/install/apriltag:/opt/ros/humble LD_LIBRARY_PATH=/home/xavier/Developer/aquas-ROS-apriltags/install/image_transport/lib:/home/xavier/Developer/aquas-ROS-apriltags/install/apriltag/lib:${LD_LIBRARY_PATH} PATH=/home/xavier/Developer/aquas-ROS-apriltags/install/apriltag/bin:${PATH} PKG_CONFIG_PATH=/home/xavier/Developer/aquas-ROS-apriltags/install/apriltag/lib/aarch64-linux-gnu/pkgconfig:/home/xavier/Developer/aquas-ROS-apriltags/install/apriltag/lib/pkgconfig PYTHONPATH=/home/xavier/Developer/aquas-ROS-apriltags/install/apriltag/lib/python3.10/site-packages:${PYTHONPATH} /usr/bin/cmake --build /home/xavier/Developer/aquas-ROS-apriltags/build/apriltag_ros -- -j4 -l4
[12.764s] [ 10%] [32mBuilding CXX object CMakeFiles/tags.dir/src/tag_functions.cpp.o[0m
[14.369s] [ 20%] [32m[1mLinking CXX static library libtags.a[0m
[14.552s] [ 20%] Built target tags
[14.658s] [ 30%] [32mBuilding CXX object CMakeFiles/apriltag_node.dir/rclcpp_components/node_main_apriltag_node.cpp.o[0m
[29.273s] [ 40%] [32m[1mLinking CXX executable apriltag_node[0m
[29.982s] [ 40%] Built target apriltag_node
[30.089s] [ 50%] [32mBuilding CXX object CMakeFiles/conversion.dir/src/conversion.cpp.o[0m
[39.215s] [ 60%] [32m[1mLinking CXX static library libconversion.a[0m
[39.404s] [ 60%] Built target conversion
[39.509s] [ 70%] [32mBuilding CXX object CMakeFiles/pose_estimation.dir/src/pose_estimation.cpp.o[0m
[48.381s] [ 80%] [32m[1mLinking CXX static library libpose_estimation.a[0m
[48.552s] [ 80%] Built target pose_estimation
[48.661s] [ 90%] [32mBuilding CXX object CMakeFiles/AprilTagNode.dir/src/AprilTagNode.cpp.o[0m
[77.371s] [100%] [32m[1mLinking CXX shared library libAprilTagNode.so[0m
[81.145s] [100%] Built target AprilTagNode
[81.195s] Invoked command in '/home/xavier/Developer/aquas-ROS-apriltags/build/apriltag_ros' returned '0': AMENT_PREFIX_PATH=/home/xavier/Developer/aquas-ROS-apriltags/install/image_transport:${AMENT_PREFIX_PATH} CMAKE_PREFIX_PATH=/home/xavier/Developer/aquas-ROS-apriltags/install/image_transport:/home/xavier/Developer/aquas-ROS-apriltags/install/apriltag:/opt/ros/humble LD_LIBRARY_PATH=/home/xavier/Developer/aquas-ROS-apriltags/install/image_transport/lib:/home/xavier/Developer/aquas-ROS-apriltags/install/apriltag/lib:${LD_LIBRARY_PATH} PATH=/home/xavier/Developer/aquas-ROS-apriltags/install/apriltag/bin:${PATH} PKG_CONFIG_PATH=/home/xavier/Developer/aquas-ROS-apriltags/install/apriltag/lib/aarch64-linux-gnu/pkgconfig:/home/xavier/Developer/aquas-ROS-apriltags/install/apriltag/lib/pkgconfig PYTHONPATH=/home/xavier/Developer/aquas-ROS-apriltags/install/apriltag/lib/python3.10/site-packages:${PYTHONPATH} /usr/bin/cmake --build /home/xavier/Developer/aquas-ROS-apriltags/build/apriltag_ros -- -j4 -l4
[81.207s] Invoking command in '/home/xavier/Developer/aquas-ROS-apriltags/build/apriltag_ros': AMENT_PREFIX_PATH=/home/xavier/Developer/aquas-ROS-apriltags/install/image_transport:${AMENT_PREFIX_PATH} CMAKE_PREFIX_PATH=/home/xavier/Developer/aquas-ROS-apriltags/install/image_transport:/home/xavier/Developer/aquas-ROS-apriltags/install/apriltag:/opt/ros/humble LD_LIBRARY_PATH=/home/xavier/Developer/aquas-ROS-apriltags/install/image_transport/lib:/home/xavier/Developer/aquas-ROS-apriltags/install/apriltag/lib:${LD_LIBRARY_PATH} PATH=/home/xavier/Developer/aquas-ROS-apriltags/install/apriltag/bin:${PATH} PKG_CONFIG_PATH=/home/xavier/Developer/aquas-ROS-apriltags/install/apriltag/lib/aarch64-linux-gnu/pkgconfig:/home/xavier/Developer/aquas-ROS-apriltags/install/apriltag/lib/pkgconfig PYTHONPATH=/home/xavier/Developer/aquas-ROS-apriltags/install/apriltag/lib/python3.10/site-packages:${PYTHONPATH} /usr/bin/cmake --install /home/xavier/Developer/aquas-ROS-apriltags/build/apriltag_ros
[81.240s] -- Install configuration: ""
[81.241s] -- Installing: /home/xavier/Developer/aquas-ROS-apriltags/install/apriltag_ros/lib/apriltag_ros/apriltag_node
[81.246s] -- Set runtime path of "/home/xavier/Developer/aquas-ROS-apriltags/install/apriltag_ros/lib/apriltag_ros/apriltag_node" to ""
[81.247s] -- Installing: /home/xavier/Developer/aquas-ROS-apriltags/install/apriltag_ros/share/apriltag_ros/environment/library_path.sh
[81.249s] -- Installing: /home/xavier/Developer/aquas-ROS-apriltags/install/apriltag_ros/share/apriltag_ros/environment/library_path.dsv
[81.251s] -- Installing: /home/xavier/Developer/aquas-ROS-apriltags/install/apriltag_ros/lib/libAprilTagNode.so
[81.279s] -- Set runtime path of "/home/xavier/Developer/aquas-ROS-apriltags/install/apriltag_ros/lib/libAprilTagNode.so" to ""
[81.280s] -- Installing: /home/xavier/Developer/aquas-ROS-apriltags/install/apriltag_ros/share/apriltag_ros/cfg
[81.280s] -- Installing: /home/xavier/Developer/aquas-ROS-apriltags/install/apriltag_ros/share/apriltag_ros/cfg/tags_36h11.yaml
[81.284s] -- Installing: /home/xavier/Developer/aquas-ROS-apriltags/install/apriltag_ros/share/apriltag_ros/launch
[81.285s] -- Installing: /home/xavier/Developer/aquas-ROS-apriltags/install/apriltag_ros/share/apriltag_ros/launch/camera_36h11.launch.yml
[81.288s] -- Installing: /home/xavier/Developer/aquas-ROS-apriltags/install/apriltag_ros/share/ament_index/resource_index/package_run_dependencies/apriltag_ros
[81.292s] -- Installing: /home/xavier/Developer/aquas-ROS-apriltags/install/apriltag_ros/share/ament_index/resource_index/parent_prefix_path/apriltag_ros
[81.294s] -- Installing: /home/xavier/Developer/aquas-ROS-apriltags/install/apriltag_ros/share/apriltag_ros/environment/ament_prefix_path.sh
[81.296s] -- Installing: /home/xavier/Developer/aquas-ROS-apriltags/install/apriltag_ros/share/apriltag_ros/environment/ament_prefix_path.dsv
[81.298s] -- Installing: /home/xavier/Developer/aquas-ROS-apriltags/install/apriltag_ros/share/apriltag_ros/environment/path.sh
[81.300s] -- Installing: /home/xavier/Developer/aquas-ROS-apriltags/install/apriltag_ros/share/apriltag_ros/environment/path.dsv
[81.301s] -- Installing: /home/xavier/Developer/aquas-ROS-apriltags/install/apriltag_ros/share/apriltag_ros/local_setup.bash
[81.302s] -- Installing: /home/xavier/Developer/aquas-ROS-apriltags/install/apriltag_ros/share/apriltag_ros/local_setup.sh
[81.304s] -- Installing: /home/xavier/Developer/aquas-ROS-apriltags/install/apriltag_ros/share/apriltag_ros/local_setup.zsh
[81.305s] -- Installing: /home/xavier/Developer/aquas-ROS-apriltags/install/apriltag_ros/share/apriltag_ros/local_setup.dsv
[81.307s] -- Installing: /home/xavier/Developer/aquas-ROS-apriltags/install/apriltag_ros/share/apriltag_ros/package.dsv
[81.308s] -- Installing: /home/xavier/Developer/aquas-ROS-apriltags/install/apriltag_ros/share/ament_index/resource_index/packages/apriltag_ros
[81.310s] -- Installing: /home/xavier/Developer/aquas-ROS-apriltags/install/apriltag_ros/share/ament_index/resource_index/rclcpp_components/apriltag_ros
[81.312s] -- Installing: /home/xavier/Developer/aquas-ROS-apriltags/install/apriltag_ros/share/apriltag_ros/cmake/apriltag_rosConfig.cmake
[81.314s] -- Installing: /home/xavier/Developer/aquas-ROS-apriltags/install/apriltag_ros/share/apriltag_ros/cmake/apriltag_rosConfig-version.cmake
[81.315s] -- Installing: /home/xavier/Developer/aquas-ROS-apriltags/install/apriltag_ros/share/apriltag_ros/package.xml
[81.324s] Invoked command in '/home/xavier/Developer/aquas-ROS-apriltags/build/apriltag_ros' returned '0': AMENT_PREFIX_PATH=/home/xavier/Developer/aquas-ROS-apriltags/install/image_transport:${AMENT_PREFIX_PATH} CMAKE_PREFIX_PATH=/home/xavier/Developer/aquas-ROS-apriltags/install/image_transport:/home/xavier/Developer/aquas-ROS-apriltags/install/apriltag:/opt/ros/humble LD_LIBRARY_PATH=/home/xavier/Developer/aquas-ROS-apriltags/install/image_transport/lib:/home/xavier/Developer/aquas-ROS-apriltags/install/apriltag/lib:${LD_LIBRARY_PATH} PATH=/home/xavier/Developer/aquas-ROS-apriltags/install/apriltag/bin:${PATH} PKG_CONFIG_PATH=/home/xavier/Developer/aquas-ROS-apriltags/install/apriltag/lib/aarch64-linux-gnu/pkgconfig:/home/xavier/Developer/aquas-ROS-apriltags/install/apriltag/lib/pkgconfig PYTHONPATH=/home/xavier/Developer/aquas-ROS-apriltags/install/apriltag/lib/python3.10/site-packages:${PYTHONPATH} /usr/bin/cmake --install /home/xavier/Developer/aquas-ROS-apriltags/build/apriltag_ros
