running develop
running egg_info
creating aquas_apriltag_bringup.egg-info
writing aquas_apriltag_bringup.egg-info/PKG-INFO
writing dependency_links to aquas_apriltag_bringup.egg-info/dependency_links.txt
writing entry points to aquas_apriltag_bringup.egg-info/entry_points.txt
writing requirements to aquas_apriltag_bringup.egg-info/requires.txt
writing top-level names to aquas_apriltag_bringup.egg-info/top_level.txt
writing manifest file 'aquas_apriltag_bringup.egg-info/SOURCES.txt'
reading manifest file 'aquas_apriltag_bringup.egg-info/SOURCES.txt'
writing manifest file 'aquas_apriltag_bringup.egg-info/SOURCES.txt'
running build_ext
Creating /home/xavier/Developer/aquas-ROS-apriltags/install/aquas_apriltag_bringup/lib/python3.10/site-packages/aquas-apriltag-bringup.egg-link (link to .)

Installed /home/xavier/Developer/aquas-ROS-apriltags/build/aquas_apriltag_bringup
running symlink_data
creating /home/xavier/Developer/aquas-ROS-apriltags/install/aquas_apriltag_bringup/share/ament_index
creating /home/xavier/Developer/aquas-ROS-apriltags/install/aquas_apriltag_bringup/share/ament_index/resource_index
creating /home/xavier/Developer/aquas-ROS-apriltags/install/aquas_apriltag_bringup/share/ament_index/resource_index/packages
symbolically linking /home/xavier/Developer/aquas-ROS-apriltags/build/aquas_apriltag_bringup/resource/aquas_apriltag_bringup -> /home/xavier/Developer/aquas-ROS-apriltags/install/aquas_apriltag_bringup/share/ament_index/resource_index/packages
symbolically linking /home/xavier/Developer/aquas-ROS-apriltags/build/aquas_apriltag_bringup/package.xml -> /home/xavier/Developer/aquas-ROS-apriltags/install/aquas_apriltag_bringup/share/aquas_apriltag_bringup
