[4.706s] Invoking command in '/home/xavier/Developer/aquas-ROS-apriltags/build/aquas_apriltag_bringup': PYTHONPATH=/home/xavier/Developer/aquas-ROS-apriltags/build/aquas_apriltag_bringup/prefix_override:/usr/lib/python3/dist-packages/colcon_core/task/python/colcon_distutils_commands:/home/xavier/Developer/aquas-ROS-apriltags/install/aquas_apriltag_bringup/lib/python3.10/site-packages:${PYTHONPATH} /usr/bin/python3 -W ignore:setup.py install is deprecated -W ignore:easy_install command is deprecated setup.py develop --editable --build-directory /home/xavier/Developer/aquas-ROS-apriltags/build/aquas_apriltag_bringup/build --no-deps symlink_data
[6.832s] running develop
[8.168s] running egg_info
[8.169s] creating aquas_apriltag_bringup.egg-info
[8.171s] writing aquas_apriltag_bringup.egg-info/PKG-INFO
[8.172s] writing dependency_links to aquas_apriltag_bringup.egg-info/dependency_links.txt
[8.173s] writing entry points to aquas_apriltag_bringup.egg-info/entry_points.txt
[8.174s] writing requirements to aquas_apriltag_bringup.egg-info/requires.txt
[8.175s] writing top-level names to aquas_apriltag_bringup.egg-info/top_level.txt
[8.176s] writing manifest file 'aquas_apriltag_bringup.egg-info/SOURCES.txt'
[8.186s] reading manifest file 'aquas_apriltag_bringup.egg-info/SOURCES.txt'
[8.190s] writing manifest file 'aquas_apriltag_bringup.egg-info/SOURCES.txt'
[8.199s] running build_ext
[8.200s] Creating /home/xavier/Developer/aquas-ROS-apriltags/install/aquas_apriltag_bringup/lib/python3.10/site-packages/aquas-apriltag-bringup.egg-link (link to .)
[8.205s] 
[8.206s] Installed /home/xavier/Developer/aquas-ROS-apriltags/build/aquas_apriltag_bringup
[8.207s] running symlink_data
[8.208s] creating /home/xavier/Developer/aquas-ROS-apriltags/install/aquas_apriltag_bringup/share/ament_index
[8.209s] creating /home/xavier/Developer/aquas-ROS-apriltags/install/aquas_apriltag_bringup/share/ament_index/resource_index
[8.210s] creating /home/xavier/Developer/aquas-ROS-apriltags/install/aquas_apriltag_bringup/share/ament_index/resource_index/packages
[8.212s] symbolically linking /home/xavier/Developer/aquas-ROS-apriltags/build/aquas_apriltag_bringup/resource/aquas_apriltag_bringup -> /home/xavier/Developer/aquas-ROS-apriltags/install/aquas_apriltag_bringup/share/ament_index/resource_index/packages
[8.213s] symbolically linking /home/xavier/Developer/aquas-ROS-apriltags/build/aquas_apriltag_bringup/package.xml -> /home/xavier/Developer/aquas-ROS-apriltags/install/aquas_apriltag_bringup/share/aquas_apriltag_bringup
[8.411s] Invoked command in '/home/xavier/Developer/aquas-ROS-apriltags/build/aquas_apriltag_bringup' returned '0': PYTHONPATH=/home/xavier/Developer/aquas-ROS-apriltags/build/aquas_apriltag_bringup/prefix_override:/usr/lib/python3/dist-packages/colcon_core/task/python/colcon_distutils_commands:/home/xavier/Developer/aquas-ROS-apriltags/install/aquas_apriltag_bringup/lib/python3.10/site-packages:${PYTHONPATH} /usr/bin/python3 -W ignore:setup.py install is deprecated -W ignore:easy_install command is deprecated setup.py develop --editable --build-directory /home/xavier/Developer/aquas-ROS-apriltags/build/aquas_apriltag_bringup/build --no-deps symlink_data
