[0.183s] Invoking command in '/home/xavier/Developer/aquas-ROS-apriltags/build/camera_calibration_parsers': CMAKE_PREFIX_PATH=${CMAKE_PREFIX_PATH}:/home/xavier/Developer/aquas-ROS-apriltags/install/camera_info_manager_py:/home/xavier/Developer/aquas-ROS-apriltags/install/aquas_dock_align:/home/xavier/Developer/aquas-ROS-apriltags/install/aquas_camera_bringup:/home/xavier/Developer/aquas-ROS-apriltags/install/aquas_apriltag_bringup:/opt/ros/humble /usr/bin/cmake --build /home/xavier/Developer/aquas-ROS-apriltags/build/camera_calibration_parsers -- -j4 -l4
[1.407s] [ 14%] Built target gtest_main
[1.432s] [ 28%] Built target gtest
[1.459s] [ 57%] Built target camera_calibration_parsers
[1.779s] [ 71%] Built target camera_calibration_parsers-parse_ini
[1.837s] [ 85%] Built target convert
[1.866s] [100%] Built target camera_calibration_parsers-parse_yml
[2.942s] Invoked command in '/home/xavier/Developer/aquas-ROS-apriltags/build/camera_calibration_parsers' returned '0': CMAKE_PREFIX_PATH=${CMAKE_PREFIX_PATH}:/home/xavier/Developer/aquas-ROS-apriltags/install/camera_info_manager_py:/home/xavier/Developer/aquas-ROS-apriltags/install/aquas_dock_align:/home/xavier/Developer/aquas-ROS-apriltags/install/aquas_camera_bringup:/home/xavier/Developer/aquas-ROS-apriltags/install/aquas_apriltag_bringup:/opt/ros/humble /usr/bin/cmake --build /home/xavier/Developer/aquas-ROS-apriltags/build/camera_calibration_parsers -- -j4 -l4
[3.004s] Invoking command in '/home/xavier/Developer/aquas-ROS-apriltags/build/camera_calibration_parsers': CMAKE_PREFIX_PATH=${CMAKE_PREFIX_PATH}:/home/xavier/Developer/aquas-ROS-apriltags/install/camera_info_manager_py:/home/xavier/Developer/aquas-ROS-apriltags/install/aquas_dock_align:/home/xavier/Developer/aquas-ROS-apriltags/install/aquas_camera_bringup:/home/xavier/Developer/aquas-ROS-apriltags/install/aquas_apriltag_bringup:/opt/ros/humble /usr/bin/cmake --install /home/xavier/Developer/aquas-ROS-apriltags/build/camera_calibration_parsers
[3.051s] -- Install configuration: ""
[3.059s] -- Execute custom install script
[3.063s] -- Up-to-date symlink: /home/xavier/Developer/aquas-ROS-apriltags/install/camera_calibration_parsers/lib/camera_calibration_parsers/convert
[3.067s] -- Up-to-date symlink: /home/xavier/Developer/aquas-ROS-apriltags/install/camera_calibration_parsers/include/camera_calibration_parsers/camera_calibration_parsers/parse.h
[3.069s] -- Up-to-date symlink: /home/xavier/Developer/aquas-ROS-apriltags/install/camera_calibration_parsers/include/camera_calibration_parsers/camera_calibration_parsers/parse.hpp
[3.071s] -- Up-to-date symlink: /home/xavier/Developer/aquas-ROS-apriltags/install/camera_calibration_parsers/include/camera_calibration_parsers/camera_calibration_parsers/parse_ini.h
[3.072s] -- Up-to-date symlink: /home/xavier/Developer/aquas-ROS-apriltags/install/camera_calibration_parsers/include/camera_calibration_parsers/camera_calibration_parsers/parse_ini.hpp
[3.074s] -- Up-to-date symlink: /home/xavier/Developer/aquas-ROS-apriltags/install/camera_calibration_parsers/include/camera_calibration_parsers/camera_calibration_parsers/parse_yml.h
[3.076s] -- Up-to-date symlink: /home/xavier/Developer/aquas-ROS-apriltags/install/camera_calibration_parsers/include/camera_calibration_parsers/camera_calibration_parsers/parse_yml.hpp
[3.077s] -- Up-to-date symlink: /home/xavier/Developer/aquas-ROS-apriltags/install/camera_calibration_parsers/include/camera_calibration_parsers/camera_calibration_parsers/visibility_control.hpp
[3.080s] -- Up-to-date symlink: /home/xavier/Developer/aquas-ROS-apriltags/install/camera_calibration_parsers/share/ament_index/resource_index/package_run_dependencies/camera_calibration_parsers
[3.082s] -- Up-to-date symlink: /home/xavier/Developer/aquas-ROS-apriltags/install/camera_calibration_parsers/share/ament_index/resource_index/parent_prefix_path/camera_calibration_parsers
[3.085s] -- Up-to-date symlink: /home/xavier/Developer/aquas-ROS-apriltags/install/camera_calibration_parsers/share/camera_calibration_parsers/environment/ament_prefix_path.sh
[3.087s] -- Up-to-date symlink: /home/xavier/Developer/aquas-ROS-apriltags/install/camera_calibration_parsers/share/camera_calibration_parsers/environment/ament_prefix_path.dsv
[3.089s] -- Up-to-date symlink: /home/xavier/Developer/aquas-ROS-apriltags/install/camera_calibration_parsers/share/camera_calibration_parsers/environment/path.sh
[3.091s] -- Up-to-date symlink: /home/xavier/Developer/aquas-ROS-apriltags/install/camera_calibration_parsers/share/camera_calibration_parsers/environment/path.dsv
[3.093s] -- Up-to-date symlink: /home/xavier/Developer/aquas-ROS-apriltags/install/camera_calibration_parsers/share/camera_calibration_parsers/local_setup.bash
[3.095s] -- Up-to-date symlink: /home/xavier/Developer/aquas-ROS-apriltags/install/camera_calibration_parsers/share/camera_calibration_parsers/local_setup.sh
[3.096s] -- Up-to-date symlink: /home/xavier/Developer/aquas-ROS-apriltags/install/camera_calibration_parsers/share/camera_calibration_parsers/local_setup.zsh
[3.099s] -- Up-to-date symlink: /home/xavier/Developer/aquas-ROS-apriltags/install/camera_calibration_parsers/share/camera_calibration_parsers/local_setup.dsv
[3.100s] -- Symlinking: /home/xavier/Developer/aquas-ROS-apriltags/install/camera_calibration_parsers/share/camera_calibration_parsers/package.dsv
[3.164s] -- Up-to-date symlink: /home/xavier/Developer/aquas-ROS-apriltags/install/camera_calibration_parsers/share/ament_index/resource_index/packages/camera_calibration_parsers
[3.166s] -- Up-to-date symlink: /home/xavier/Developer/aquas-ROS-apriltags/install/camera_calibration_parsers/share/camera_calibration_parsers/cmake/ament_cmake_export_targets-extras.cmake
[3.168s] -- Up-to-date symlink: /home/xavier/Developer/aquas-ROS-apriltags/install/camera_calibration_parsers/share/camera_calibration_parsers/cmake/ament_cmake_export_dependencies-extras.cmake
[3.171s] -- Up-to-date symlink: /home/xavier/Developer/aquas-ROS-apriltags/install/camera_calibration_parsers/share/camera_calibration_parsers/cmake/camera_calibration_parsersConfig.cmake
[3.172s] -- Up-to-date symlink: /home/xavier/Developer/aquas-ROS-apriltags/install/camera_calibration_parsers/share/camera_calibration_parsers/cmake/camera_calibration_parsersConfig-version.cmake
[3.173s] -- Up-to-date symlink: /home/xavier/Developer/aquas-ROS-apriltags/install/camera_calibration_parsers/share/camera_calibration_parsers/package.xml
[3.175s] -- Up-to-date: /home/xavier/Developer/aquas-ROS-apriltags/install/camera_calibration_parsers/lib/libcamera_calibration_parsers.so
[3.185s] -- Up-to-date: /home/xavier/Developer/aquas-ROS-apriltags/install/camera_calibration_parsers/share/camera_calibration_parsers/cmake/export_camera_calibration_parsersExport.cmake
[3.190s] -- Up-to-date: /home/xavier/Developer/aquas-ROS-apriltags/install/camera_calibration_parsers/share/camera_calibration_parsers/cmake/export_camera_calibration_parsersExport-noconfig.cmake
[3.210s] Invoked command in '/home/xavier/Developer/aquas-ROS-apriltags/build/camera_calibration_parsers' returned '0': CMAKE_PREFIX_PATH=${CMAKE_PREFIX_PATH}:/home/xavier/Developer/aquas-ROS-apriltags/install/camera_info_manager_py:/home/xavier/Developer/aquas-ROS-apriltags/install/aquas_dock_align:/home/xavier/Developer/aquas-ROS-apriltags/install/aquas_camera_bringup:/home/xavier/Developer/aquas-ROS-apriltags/install/aquas_apriltag_bringup:/opt/ros/humble /usr/bin/cmake --install /home/xavier/Developer/aquas-ROS-apriltags/build/camera_calibration_parsers
