-- Found ament_cmake: 1.3.12 (/opt/ros/humble/share/ament_cmake/cmake)
-- Override CMake install command with custom implementation using symlinks instead of copying resources
-- Found ament_lint_auto: 0.12.14 (/opt/ros/humble/share/ament_lint_auto/cmake)
-- Added test 'copyright' to check source files copyright and LICENSE
-- Added test 'lint_cmake' to check CMake code style
-- Added test 'xmllint' to check XML markup files
-- Configuring done
-- Generating done
-- Build files have been written to: /home/xavier/Developer/aquas-ROS-apriltags/build/image_common
-- Install configuration: ""
-- Execute custom install script
-- Symlinking: /home/xavier/Developer/aquas-ROS-apriltags/install/image_common/share/ament_index/resource_index/package_run_dependencies/image_common
-- Symlinking: /home/xavier/Developer/aquas-ROS-apriltags/install/image_common/share/ament_index/resource_index/parent_prefix_path/image_common
-- Symlinking: /home/xavier/Developer/aquas-ROS-apriltags/install/image_common/share/image_common/environment/ament_prefix_path.sh
-- Symlinking: /home/xavier/Developer/aquas-ROS-apriltags/install/image_common/share/image_common/environment/ament_prefix_path.dsv
-- Symlinking: /home/xavier/Developer/aquas-ROS-apriltags/install/image_common/share/image_common/environment/path.sh
-- Symlinking: /home/xavier/Developer/aquas-ROS-apriltags/install/image_common/share/image_common/environment/path.dsv
-- Symlinking: /home/xavier/Developer/aquas-ROS-apriltags/install/image_common/share/image_common/local_setup.bash
-- Symlinking: /home/xavier/Developer/aquas-ROS-apriltags/install/image_common/share/image_common/local_setup.sh
-- Symlinking: /home/xavier/Developer/aquas-ROS-apriltags/install/image_common/share/image_common/local_setup.zsh
-- Symlinking: /home/xavier/Developer/aquas-ROS-apriltags/install/image_common/share/image_common/local_setup.dsv
-- Symlinking: /home/xavier/Developer/aquas-ROS-apriltags/install/image_common/share/image_common/package.dsv
-- Symlinking: /home/xavier/Developer/aquas-ROS-apriltags/install/image_common/share/ament_index/resource_index/packages/image_common
-- Symlinking: /home/xavier/Developer/aquas-ROS-apriltags/install/image_common/share/image_common/cmake/image_commonConfig.cmake
-- Symlinking: /home/xavier/Developer/aquas-ROS-apriltags/install/image_common/share/image_common/cmake/image_commonConfig-version.cmake
-- Symlinking: /home/xavier/Developer/aquas-ROS-apriltags/install/image_common/share/image_common/package.xml
