[0.095s] Invoking command in '/home/xavier/Developer/aquas-ROS-apriltags/build/image_common': AMENT_PREFIX_PATH=/home/xavier/Developer/aquas-ROS-apriltags/install/camera_info_manager:/home/xavier/Developer/aquas-ROS-apriltags/install/image_transport:/home/xavier/Developer/aquas-ROS-apriltags/install/camera_calibration_parsers:${AMENT_PREFIX_PATH} CMAKE_PREFIX_PATH=/home/xavier/Developer/aquas-ROS-apriltags/install/camera_info_manager:/home/xavier/Developer/aquas-ROS-apriltags/install/image_transport:/home/xavier/Developer/aquas-ROS-apriltags/install/camera_calibration_parsers:/opt/ros/humble LD_LIBRARY_PATH=/home/xavier/Developer/aquas-ROS-apriltags/install/camera_info_manager/lib:/home/xavier/Developer/aquas-ROS-apriltags/install/image_transport/lib:/home/xavier/Developer/aquas-ROS-apriltags/install/camera_calibration_parsers/lib:${LD_LIBRARY_PATH} /usr/bin/cmake /home/xavier/Developer/aquas-ROS-apriltags/src/image_common/image_common -DCMAKE_INSTALL_PREFIX=/home/xavier/Developer/aquas-ROS-apriltags/install/image_common
[0.911s] -- The C compiler identification is GNU 11.4.0
[1.264s] -- The CXX compiler identification is GNU 11.4.0
[1.321s] -- Detecting C compiler ABI info
[1.779s] -- Detecting C compiler ABI info - done
[1.809s] -- Check for working C compiler: /usr/bin/cc - skipped
[1.812s] -- Detecting C compile features
[1.829s] -- Detecting C compile features - done
[1.854s] -- Detecting CXX compiler ABI info
[2.304s] -- Detecting CXX compiler ABI info - done
[2.335s] -- Check for working CXX compiler: /usr/bin/c++ - skipped
[2.335s] -- Detecting CXX compile features
[2.337s] -- Detecting CXX compile features - done
[2.445s] -- Found ament_cmake: 1.3.12 (/opt/ros/humble/share/ament_cmake/cmake)
[3.631s] -- Found Python3: /usr/bin/python3 (found version "3.10.12") found components: Interpreter 
[4.649s] -- Found ament_lint_auto: 0.12.14 (/opt/ros/humble/share/ament_lint_auto/cmake)
[5.365s] -- Added test 'copyright' to check source files copyright and LICENSE
[5.380s] -- Added test 'lint_cmake' to check CMake code style
[5.390s] -- Added test 'xmllint' to check XML markup files
[5.411s] -- Configuring done
[5.438s] -- Generating done
[5.449s] -- Build files have been written to: /home/xavier/Developer/aquas-ROS-apriltags/build/image_common
[5.467s] Invoked command in '/home/xavier/Developer/aquas-ROS-apriltags/build/image_common' returned '0': AMENT_PREFIX_PATH=/home/xavier/Developer/aquas-ROS-apriltags/install/camera_info_manager:/home/xavier/Developer/aquas-ROS-apriltags/install/image_transport:/home/xavier/Developer/aquas-ROS-apriltags/install/camera_calibration_parsers:${AMENT_PREFIX_PATH} CMAKE_PREFIX_PATH=/home/xavier/Developer/aquas-ROS-apriltags/install/camera_info_manager:/home/xavier/Developer/aquas-ROS-apriltags/install/image_transport:/home/xavier/Developer/aquas-ROS-apriltags/install/camera_calibration_parsers:/opt/ros/humble LD_LIBRARY_PATH=/home/xavier/Developer/aquas-ROS-apriltags/install/camera_info_manager/lib:/home/xavier/Developer/aquas-ROS-apriltags/install/image_transport/lib:/home/xavier/Developer/aquas-ROS-apriltags/install/camera_calibration_parsers/lib:${LD_LIBRARY_PATH} /usr/bin/cmake /home/xavier/Developer/aquas-ROS-apriltags/src/image_common/image_common -DCMAKE_INSTALL_PREFIX=/home/xavier/Developer/aquas-ROS-apriltags/install/image_common
[5.479s] Invoking command in '/home/xavier/Developer/aquas-ROS-apriltags/build/image_common': AMENT_PREFIX_PATH=/home/xavier/Developer/aquas-ROS-apriltags/install/camera_info_manager:/home/xavier/Developer/aquas-ROS-apriltags/install/image_transport:/home/xavier/Developer/aquas-ROS-apriltags/install/camera_calibration_parsers:${AMENT_PREFIX_PATH} CMAKE_PREFIX_PATH=/home/xavier/Developer/aquas-ROS-apriltags/install/camera_info_manager:/home/xavier/Developer/aquas-ROS-apriltags/install/image_transport:/home/xavier/Developer/aquas-ROS-apriltags/install/camera_calibration_parsers:/opt/ros/humble LD_LIBRARY_PATH=/home/xavier/Developer/aquas-ROS-apriltags/install/camera_info_manager/lib:/home/xavier/Developer/aquas-ROS-apriltags/install/image_transport/lib:/home/xavier/Developer/aquas-ROS-apriltags/install/camera_calibration_parsers/lib:${LD_LIBRARY_PATH} /usr/bin/cmake --build /home/xavier/Developer/aquas-ROS-apriltags/build/image_common -- -j4 -l4
[5.671s] Invoked command in '/home/xavier/Developer/aquas-ROS-apriltags/build/image_common' returned '0': AMENT_PREFIX_PATH=/home/xavier/Developer/aquas-ROS-apriltags/install/camera_info_manager:/home/xavier/Developer/aquas-ROS-apriltags/install/image_transport:/home/xavier/Developer/aquas-ROS-apriltags/install/camera_calibration_parsers:${AMENT_PREFIX_PATH} CMAKE_PREFIX_PATH=/home/xavier/Developer/aquas-ROS-apriltags/install/camera_info_manager:/home/xavier/Developer/aquas-ROS-apriltags/install/image_transport:/home/xavier/Developer/aquas-ROS-apriltags/install/camera_calibration_parsers:/opt/ros/humble LD_LIBRARY_PATH=/home/xavier/Developer/aquas-ROS-apriltags/install/camera_info_manager/lib:/home/xavier/Developer/aquas-ROS-apriltags/install/image_transport/lib:/home/xavier/Developer/aquas-ROS-apriltags/install/camera_calibration_parsers/lib:${LD_LIBRARY_PATH} /usr/bin/cmake --build /home/xavier/Developer/aquas-ROS-apriltags/build/image_common -- -j4 -l4
[5.683s] Invoking command in '/home/xavier/Developer/aquas-ROS-apriltags/build/image_common': AMENT_PREFIX_PATH=/home/xavier/Developer/aquas-ROS-apriltags/install/camera_info_manager:/home/xavier/Developer/aquas-ROS-apriltags/install/image_transport:/home/xavier/Developer/aquas-ROS-apriltags/install/camera_calibration_parsers:${AMENT_PREFIX_PATH} CMAKE_PREFIX_PATH=/home/xavier/Developer/aquas-ROS-apriltags/install/camera_info_manager:/home/xavier/Developer/aquas-ROS-apriltags/install/image_transport:/home/xavier/Developer/aquas-ROS-apriltags/install/camera_calibration_parsers:/opt/ros/humble LD_LIBRARY_PATH=/home/xavier/Developer/aquas-ROS-apriltags/install/camera_info_manager/lib:/home/xavier/Developer/aquas-ROS-apriltags/install/image_transport/lib:/home/xavier/Developer/aquas-ROS-apriltags/install/camera_calibration_parsers/lib:${LD_LIBRARY_PATH} /usr/bin/cmake --install /home/xavier/Developer/aquas-ROS-apriltags/build/image_common
[5.718s] -- Install configuration: ""
[5.719s] -- Installing: /home/xavier/Developer/aquas-ROS-apriltags/install/image_common/share/ament_index/resource_index/package_run_dependencies/image_common
[5.722s] -- Installing: /home/xavier/Developer/aquas-ROS-apriltags/install/image_common/share/ament_index/resource_index/parent_prefix_path/image_common
[5.724s] -- Installing: /home/xavier/Developer/aquas-ROS-apriltags/install/image_common/share/image_common/environment/ament_prefix_path.sh
[5.725s] -- Installing: /home/xavier/Developer/aquas-ROS-apriltags/install/image_common/share/image_common/environment/ament_prefix_path.dsv
[5.727s] -- Installing: /home/xavier/Developer/aquas-ROS-apriltags/install/image_common/share/image_common/environment/path.sh
[5.729s] -- Installing: /home/xavier/Developer/aquas-ROS-apriltags/install/image_common/share/image_common/environment/path.dsv
[5.731s] -- Installing: /home/xavier/Developer/aquas-ROS-apriltags/install/image_common/share/image_common/local_setup.bash
[5.732s] -- Installing: /home/xavier/Developer/aquas-ROS-apriltags/install/image_common/share/image_common/local_setup.sh
[5.734s] -- Installing: /home/xavier/Developer/aquas-ROS-apriltags/install/image_common/share/image_common/local_setup.zsh
[5.735s] -- Installing: /home/xavier/Developer/aquas-ROS-apriltags/install/image_common/share/image_common/local_setup.dsv
[5.737s] -- Installing: /home/xavier/Developer/aquas-ROS-apriltags/install/image_common/share/image_common/package.dsv
[5.739s] -- Installing: /home/xavier/Developer/aquas-ROS-apriltags/install/image_common/share/ament_index/resource_index/packages/image_common
[5.741s] -- Installing: /home/xavier/Developer/aquas-ROS-apriltags/install/image_common/share/image_common/cmake/image_commonConfig.cmake
[5.742s] -- Installing: /home/xavier/Developer/aquas-ROS-apriltags/install/image_common/share/image_common/cmake/image_commonConfig-version.cmake
[5.744s] -- Installing: /home/xavier/Developer/aquas-ROS-apriltags/install/image_common/share/image_common/package.xml
[5.753s] Invoked command in '/home/xavier/Developer/aquas-ROS-apriltags/build/image_common' returned '0': AMENT_PREFIX_PATH=/home/xavier/Developer/aquas-ROS-apriltags/install/camera_info_manager:/home/xavier/Developer/aquas-ROS-apriltags/install/image_transport:/home/xavier/Developer/aquas-ROS-apriltags/install/camera_calibration_parsers:${AMENT_PREFIX_PATH} CMAKE_PREFIX_PATH=/home/xavier/Developer/aquas-ROS-apriltags/install/camera_info_manager:/home/xavier/Developer/aquas-ROS-apriltags/install/image_transport:/home/xavier/Developer/aquas-ROS-apriltags/install/camera_calibration_parsers:/opt/ros/humble LD_LIBRARY_PATH=/home/xavier/Developer/aquas-ROS-apriltags/install/camera_info_manager/lib:/home/xavier/Developer/aquas-ROS-apriltags/install/image_transport/lib:/home/xavier/Developer/aquas-ROS-apriltags/install/camera_calibration_parsers/lib:${LD_LIBRARY_PATH} /usr/bin/cmake --install /home/xavier/Developer/aquas-ROS-apriltags/build/image_common
