[1.986s] Invoking command in '/home/xavier/Developer/aquas-ROS-apriltags/build/apriltag_ros': CMAKE_PREFIX_PATH=/home/xavier/Developer/aquas-ROS-apriltags/install/image_transport:/home/xavier/Developer/aquas-ROS-apriltags/install/apriltag:/home/xavier/Developer/aquas-ROS-apriltags/install/image_common:/home/xavier/Developer/aquas-ROS-apriltags/install/apriltag_ros:/home/xavier/Developer/aquas-ROS-apriltags/install/camera_info_manager:/home/xavier/Developer/aquas-ROS-apriltags/install/camera_calibration_parsers:/home/xavier/Developer/aquas-ROS-apriltags/install/camera_info_manager_py:/home/xavier/Developer/aquas-ROS-apriltags/install/aquas_dock_align:/home/xavier/Developer/aquas-ROS-apriltags/install/aquas_camera_bringup:/home/xavier/Developer/aquas-ROS-apriltags/install/aquas_apriltag_bringup:/opt/ros/humble LD_LIBRARY_PATH=/home/xavier/Developer/aquas-ROS-apriltags/install/image_transport/lib:/home/xavier/Developer/aquas-ROS-apriltags/install/apriltag/lib:/home/xavier/Developer/aquas-ROS-apriltags/install/apriltag_ros/lib:/home/xavier/Developer/aquas-ROS-apriltags/install/camera_info_manager/lib:/home/xavier/Developer/aquas-ROS-apriltags/install/camera_calibration_parsers/lib:/opt/ros/humble/opt/rviz_ogre_vendor/lib:/opt/ros/humble/lib/aarch64-linux-gnu:/opt/ros/humble/lib PYTHONPATH=/home/xavier/Developer/aquas-ROS-apriltags/install/apriltag/lib/python3.10/site-packages:/home/xavier/Developer/aquas-ROS-apriltags/build/dock_align:/home/xavier/Developer/aquas-ROS-apriltags/install/dock_align/lib/python3.10/site-packages:/home/xavier/Developer/aquas-ROS-apriltags/build/camera_info_manager_py:/home/xavier/Developer/aquas-ROS-apriltags/install/camera_info_manager_py/lib/python3.10/site-packages:/home/xavier/Developer/aquas-ROS-apriltags/build/camera_bringup:/home/xavier/Developer/aquas-ROS-apriltags/install/camera_bringup/lib/python3.10/site-packages:/home/xavier/Developer/aquas-ROS-apriltags/build/aquas_dock_align:/home/xavier/Developer/aquas-ROS-apriltags/install/aquas_dock_align/lib/python3.10/site-packages:/home/xavier/Developer/aquas-ROS-apriltags/build/aquas_camera_bringup:/home/xavier/Developer/aquas-ROS-apriltags/install/aquas_camera_bringup/lib/python3.10/site-packages:/home/xavier/Developer/aquas-ROS-apriltags/build/aquas_apriltag_bringup:/home/xavier/Developer/aquas-ROS-apriltags/install/aquas_apriltag_bringup/lib/python3.10/site-packages:/home/xavier/Developer/aquas-ROS-apriltags/build/apriltag_bringup:/home/xavier/Developer/aquas-ROS-apriltags/install/apriltag_bringup/lib/python3.10/site-packages:/opt/ros/humble/lib/python3.10/site-packages:/opt/ros/humble/local/lib/python3.10/dist-packages /usr/bin/cmake --build /home/xavier/Developer/aquas-ROS-apriltags/build/apriltag_ros -- -j4 -l4
[2.281s] -- Found rclcpp: 16.0.17 (/opt/ros/humble/share/rclcpp/cmake)
[3.294s] -- Override CMake install command with custom implementation using symlinks instead of copying resources
[3.677s] -- Found rosidl_generator_c: 3.1.8 (/opt/ros/humble/share/rosidl_generator_c/cmake)
[3.694s] -- Found rosidl_adapter: 3.1.8 (/opt/ros/humble/share/rosidl_adapter/cmake)
[3.736s] -- Found rosidl_generator_cpp: 3.1.8 (/opt/ros/humble/share/rosidl_generator_cpp/cmake)
[3.802s] -- Using all available rosidl_typesupport_c: rosidl_typesupport_fastrtps_c;rosidl_typesupport_introspection_c
[3.887s] -- Using all available rosidl_typesupport_cpp: rosidl_typesupport_fastrtps_cpp;rosidl_typesupport_introspection_cpp
[4.101s] -- Found rmw_implementation_cmake: 6.1.2 (/opt/ros/humble/share/rmw_implementation_cmake/cmake)
[4.113s] -- Found rmw_fastrtps_cpp: 6.2.9 (/opt/ros/humble/share/rmw_fastrtps_cpp/cmake)
[5.499s] -- Using RMW implementation 'rmw_fastrtps_cpp' as default
[5.845s] -- Found rclcpp_components: 16.0.17 (/opt/ros/humble/share/rclcpp_components/cmake)
[6.008s] -- Found sensor_msgs: 4.9.0 (/opt/ros/humble/share/sensor_msgs/cmake)
[6.200s] -- Found apriltag_msgs: 2.0.1 (/opt/ros/humble/share/apriltag_msgs/cmake)
[6.332s] -- Found tf2_ros: 0.25.18 (/opt/ros/humble/share/tf2_ros/cmake)
[6.887s] -- Found image_transport: 3.1.12 (/home/xavier/Developer/aquas-ROS-apriltags/install/image_transport/share/image_transport/cmake)
[7.563s] -- Found cv_bridge: 3.2.1 (/opt/ros/humble/share/cv_bridge/cmake)
[7.743s] -- Found ament_lint_auto: 0.12.14 (/opt/ros/humble/share/ament_lint_auto/cmake)
[8.534s] -- Added test 'clang_format' to check C / C++ code style
[8.584s] -- Added test 'cppcheck' to perform static code analysis on C / C++ code
[8.584s] -- Configured cppcheck include dirs: 
[8.585s] -- Configured cppcheck exclude dirs and/or files: 
[8.596s] -- Configuring done
[8.792s] -- Generating done
[8.837s] -- Build files have been written to: /home/xavier/Developer/aquas-ROS-apriltags/build/apriltag_ros
[8.999s] [35m[1mConsolidate compiler generated dependencies of target tags[0m
[9.001s] [35m[1mConsolidate compiler generated dependencies of target conversion[0m
[9.006s] [35m[1mConsolidate compiler generated dependencies of target apriltag_node[0m
[9.084s] [ 20%] Built target tags
[9.129s] [ 30%] [32mBuilding CXX object CMakeFiles/apriltag_node.dir/rclcpp_components/node_main_apriltag_node.cpp.o[0m
[9.139s] [ 50%] Built target conversion
[9.222s] [35m[1mConsolidate compiler generated dependencies of target pose_estimation[0m
[9.329s] [ 70%] Built target pose_estimation
[9.408s] [35m[1mConsolidate compiler generated dependencies of target AprilTagNode[0m
[9.554s] [ 80%] [32m[1mLinking CXX shared library libAprilTagNode.so[0m
[13.687s] [ 90%] Built target AprilTagNode
[26.548s] [100%] [32m[1mLinking CXX executable apriltag_node[0m
[27.315s] [100%] Built target apriltag_node
[27.377s] Invoked command in '/home/xavier/Developer/aquas-ROS-apriltags/build/apriltag_ros' returned '0': CMAKE_PREFIX_PATH=/home/xavier/Developer/aquas-ROS-apriltags/install/image_transport:/home/xavier/Developer/aquas-ROS-apriltags/install/apriltag:/home/xavier/Developer/aquas-ROS-apriltags/install/image_common:/home/xavier/Developer/aquas-ROS-apriltags/install/apriltag_ros:/home/xavier/Developer/aquas-ROS-apriltags/install/camera_info_manager:/home/xavier/Developer/aquas-ROS-apriltags/install/camera_calibration_parsers:/home/xavier/Developer/aquas-ROS-apriltags/install/camera_info_manager_py:/home/xavier/Developer/aquas-ROS-apriltags/install/aquas_dock_align:/home/xavier/Developer/aquas-ROS-apriltags/install/aquas_camera_bringup:/home/xavier/Developer/aquas-ROS-apriltags/install/aquas_apriltag_bringup:/opt/ros/humble LD_LIBRARY_PATH=/home/xavier/Developer/aquas-ROS-apriltags/install/image_transport/lib:/home/xavier/Developer/aquas-ROS-apriltags/install/apriltag/lib:/home/xavier/Developer/aquas-ROS-apriltags/install/apriltag_ros/lib:/home/xavier/Developer/aquas-ROS-apriltags/install/camera_info_manager/lib:/home/xavier/Developer/aquas-ROS-apriltags/install/camera_calibration_parsers/lib:/opt/ros/humble/opt/rviz_ogre_vendor/lib:/opt/ros/humble/lib/aarch64-linux-gnu:/opt/ros/humble/lib PYTHONPATH=/home/xavier/Developer/aquas-ROS-apriltags/install/apriltag/lib/python3.10/site-packages:/home/xavier/Developer/aquas-ROS-apriltags/build/dock_align:/home/xavier/Developer/aquas-ROS-apriltags/install/dock_align/lib/python3.10/site-packages:/home/xavier/Developer/aquas-ROS-apriltags/build/camera_info_manager_py:/home/xavier/Developer/aquas-ROS-apriltags/install/camera_info_manager_py/lib/python3.10/site-packages:/home/xavier/Developer/aquas-ROS-apriltags/build/camera_bringup:/home/xavier/Developer/aquas-ROS-apriltags/install/camera_bringup/lib/python3.10/site-packages:/home/xavier/Developer/aquas-ROS-apriltags/build/aquas_dock_align:/home/xavier/Developer/aquas-ROS-apriltags/install/aquas_dock_align/lib/python3.10/site-packages:/home/xavier/Developer/aquas-ROS-apriltags/build/aquas_camera_bringup:/home/xavier/Developer/aquas-ROS-apriltags/install/aquas_camera_bringup/lib/python3.10/site-packages:/home/xavier/Developer/aquas-ROS-apriltags/build/aquas_apriltag_bringup:/home/xavier/Developer/aquas-ROS-apriltags/install/aquas_apriltag_bringup/lib/python3.10/site-packages:/home/xavier/Developer/aquas-ROS-apriltags/build/apriltag_bringup:/home/xavier/Developer/aquas-ROS-apriltags/install/apriltag_bringup/lib/python3.10/site-packages:/opt/ros/humble/lib/python3.10/site-packages:/opt/ros/humble/local/lib/python3.10/dist-packages /usr/bin/cmake --build /home/xavier/Developer/aquas-ROS-apriltags/build/apriltag_ros -- -j4 -l4
[27.395s] Invoking command in '/home/xavier/Developer/aquas-ROS-apriltags/build/apriltag_ros': CMAKE_PREFIX_PATH=/home/xavier/Developer/aquas-ROS-apriltags/install/image_transport:/home/xavier/Developer/aquas-ROS-apriltags/install/apriltag:/home/xavier/Developer/aquas-ROS-apriltags/install/image_common:/home/xavier/Developer/aquas-ROS-apriltags/install/apriltag_ros:/home/xavier/Developer/aquas-ROS-apriltags/install/camera_info_manager:/home/xavier/Developer/aquas-ROS-apriltags/install/camera_calibration_parsers:/home/xavier/Developer/aquas-ROS-apriltags/install/camera_info_manager_py:/home/xavier/Developer/aquas-ROS-apriltags/install/aquas_dock_align:/home/xavier/Developer/aquas-ROS-apriltags/install/aquas_camera_bringup:/home/xavier/Developer/aquas-ROS-apriltags/install/aquas_apriltag_bringup:/opt/ros/humble LD_LIBRARY_PATH=/home/xavier/Developer/aquas-ROS-apriltags/install/image_transport/lib:/home/xavier/Developer/aquas-ROS-apriltags/install/apriltag/lib:/home/xavier/Developer/aquas-ROS-apriltags/install/apriltag_ros/lib:/home/xavier/Developer/aquas-ROS-apriltags/install/camera_info_manager/lib:/home/xavier/Developer/aquas-ROS-apriltags/install/camera_calibration_parsers/lib:/opt/ros/humble/opt/rviz_ogre_vendor/lib:/opt/ros/humble/lib/aarch64-linux-gnu:/opt/ros/humble/lib PYTHONPATH=/home/xavier/Developer/aquas-ROS-apriltags/install/apriltag/lib/python3.10/site-packages:/home/xavier/Developer/aquas-ROS-apriltags/build/dock_align:/home/xavier/Developer/aquas-ROS-apriltags/install/dock_align/lib/python3.10/site-packages:/home/xavier/Developer/aquas-ROS-apriltags/build/camera_info_manager_py:/home/xavier/Developer/aquas-ROS-apriltags/install/camera_info_manager_py/lib/python3.10/site-packages:/home/xavier/Developer/aquas-ROS-apriltags/build/camera_bringup:/home/xavier/Developer/aquas-ROS-apriltags/install/camera_bringup/lib/python3.10/site-packages:/home/xavier/Developer/aquas-ROS-apriltags/build/aquas_dock_align:/home/xavier/Developer/aquas-ROS-apriltags/install/aquas_dock_align/lib/python3.10/site-packages:/home/xavier/Developer/aquas-ROS-apriltags/build/aquas_camera_bringup:/home/xavier/Developer/aquas-ROS-apriltags/install/aquas_camera_bringup/lib/python3.10/site-packages:/home/xavier/Developer/aquas-ROS-apriltags/build/aquas_apriltag_bringup:/home/xavier/Developer/aquas-ROS-apriltags/install/aquas_apriltag_bringup/lib/python3.10/site-packages:/home/xavier/Developer/aquas-ROS-apriltags/build/apriltag_bringup:/home/xavier/Developer/aquas-ROS-apriltags/install/apriltag_bringup/lib/python3.10/site-packages:/opt/ros/humble/lib/python3.10/site-packages:/opt/ros/humble/local/lib/python3.10/dist-packages /usr/bin/cmake --install /home/xavier/Developer/aquas-ROS-apriltags/build/apriltag_ros
[27.433s] -- Install configuration: ""
[27.438s] -- Execute custom install script
[27.442s] -- Up-to-date symlink: /home/xavier/Developer/aquas-ROS-apriltags/install/apriltag_ros/lib/apriltag_ros/apriltag_node
[27.445s] -- Up-to-date symlink: /home/xavier/Developer/aquas-ROS-apriltags/install/apriltag_ros/share/apriltag_ros/environment/library_path.sh
[27.447s] -- Up-to-date symlink: /home/xavier/Developer/aquas-ROS-apriltags/install/apriltag_ros/share/apriltag_ros/environment/library_path.dsv
[27.450s] -- Up-to-date symlink: /home/xavier/Developer/aquas-ROS-apriltags/install/apriltag_ros/lib/libAprilTagNode.so
[27.454s] -- Up-to-date symlink: /home/xavier/Developer/aquas-ROS-apriltags/install/apriltag_ros/share/apriltag_ros/cfg/tags_36h11.yaml
[27.458s] -- Up-to-date symlink: /home/xavier/Developer/aquas-ROS-apriltags/install/apriltag_ros/share/apriltag_ros/launch/camera_36h11.launch.yml
[27.461s] -- Up-to-date symlink: /home/xavier/Developer/aquas-ROS-apriltags/install/apriltag_ros/share/ament_index/resource_index/package_run_dependencies/apriltag_ros
[27.464s] -- Up-to-date symlink: /home/xavier/Developer/aquas-ROS-apriltags/install/apriltag_ros/share/ament_index/resource_index/parent_prefix_path/apriltag_ros
[27.466s] -- Up-to-date symlink: /home/xavier/Developer/aquas-ROS-apriltags/install/apriltag_ros/share/apriltag_ros/environment/ament_prefix_path.sh
[27.468s] -- Up-to-date symlink: /home/xavier/Developer/aquas-ROS-apriltags/install/apriltag_ros/share/apriltag_ros/environment/ament_prefix_path.dsv
[27.470s] -- Up-to-date symlink: /home/xavier/Developer/aquas-ROS-apriltags/install/apriltag_ros/share/apriltag_ros/environment/path.sh
[27.472s] -- Up-to-date symlink: /home/xavier/Developer/aquas-ROS-apriltags/install/apriltag_ros/share/apriltag_ros/environment/path.dsv
[27.474s] -- Up-to-date symlink: /home/xavier/Developer/aquas-ROS-apriltags/install/apriltag_ros/share/apriltag_ros/local_setup.bash
[27.476s] -- Up-to-date symlink: /home/xavier/Developer/aquas-ROS-apriltags/install/apriltag_ros/share/apriltag_ros/local_setup.sh
[27.478s] -- Up-to-date symlink: /home/xavier/Developer/aquas-ROS-apriltags/install/apriltag_ros/share/apriltag_ros/local_setup.zsh
[27.480s] -- Up-to-date symlink: /home/xavier/Developer/aquas-ROS-apriltags/install/apriltag_ros/share/apriltag_ros/local_setup.dsv
[27.480s] -- Symlinking: /home/xavier/Developer/aquas-ROS-apriltags/install/apriltag_ros/share/apriltag_ros/package.dsv
[27.532s] -- Up-to-date symlink: /home/xavier/Developer/aquas-ROS-apriltags/install/apriltag_ros/share/ament_index/resource_index/packages/apriltag_ros
[27.534s] -- Up-to-date symlink: /home/xavier/Developer/aquas-ROS-apriltags/install/apriltag_ros/share/ament_index/resource_index/rclcpp_components/apriltag_ros
[27.537s] -- Up-to-date symlink: /home/xavier/Developer/aquas-ROS-apriltags/install/apriltag_ros/share/apriltag_ros/cmake/apriltag_rosConfig.cmake
[27.539s] -- Up-to-date symlink: /home/xavier/Developer/aquas-ROS-apriltags/install/apriltag_ros/share/apriltag_ros/cmake/apriltag_rosConfig-version.cmake
[27.540s] -- Up-to-date symlink: /home/xavier/Developer/aquas-ROS-apriltags/install/apriltag_ros/share/apriltag_ros/package.xml
[27.552s] Invoked command in '/home/xavier/Developer/aquas-ROS-apriltags/build/apriltag_ros' returned '0': CMAKE_PREFIX_PATH=/home/xavier/Developer/aquas-ROS-apriltags/install/image_transport:/home/xavier/Developer/aquas-ROS-apriltags/install/apriltag:/home/xavier/Developer/aquas-ROS-apriltags/install/image_common:/home/xavier/Developer/aquas-ROS-apriltags/install/apriltag_ros:/home/xavier/Developer/aquas-ROS-apriltags/install/camera_info_manager:/home/xavier/Developer/aquas-ROS-apriltags/install/camera_calibration_parsers:/home/xavier/Developer/aquas-ROS-apriltags/install/camera_info_manager_py:/home/xavier/Developer/aquas-ROS-apriltags/install/aquas_dock_align:/home/xavier/Developer/aquas-ROS-apriltags/install/aquas_camera_bringup:/home/xavier/Developer/aquas-ROS-apriltags/install/aquas_apriltag_bringup:/opt/ros/humble LD_LIBRARY_PATH=/home/xavier/Developer/aquas-ROS-apriltags/install/image_transport/lib:/home/xavier/Developer/aquas-ROS-apriltags/install/apriltag/lib:/home/xavier/Developer/aquas-ROS-apriltags/install/apriltag_ros/lib:/home/xavier/Developer/aquas-ROS-apriltags/install/camera_info_manager/lib:/home/xavier/Developer/aquas-ROS-apriltags/install/camera_calibration_parsers/lib:/opt/ros/humble/opt/rviz_ogre_vendor/lib:/opt/ros/humble/lib/aarch64-linux-gnu:/opt/ros/humble/lib PYTHONPATH=/home/xavier/Developer/aquas-ROS-apriltags/install/apriltag/lib/python3.10/site-packages:/home/xavier/Developer/aquas-ROS-apriltags/build/dock_align:/home/xavier/Developer/aquas-ROS-apriltags/install/dock_align/lib/python3.10/site-packages:/home/xavier/Developer/aquas-ROS-apriltags/build/camera_info_manager_py:/home/xavier/Developer/aquas-ROS-apriltags/install/camera_info_manager_py/lib/python3.10/site-packages:/home/xavier/Developer/aquas-ROS-apriltags/build/camera_bringup:/home/xavier/Developer/aquas-ROS-apriltags/install/camera_bringup/lib/python3.10/site-packages:/home/xavier/Developer/aquas-ROS-apriltags/build/aquas_dock_align:/home/xavier/Developer/aquas-ROS-apriltags/install/aquas_dock_align/lib/python3.10/site-packages:/home/xavier/Developer/aquas-ROS-apriltags/build/aquas_camera_bringup:/home/xavier/Developer/aquas-ROS-apriltags/install/aquas_camera_bringup/lib/python3.10/site-packages:/home/xavier/Developer/aquas-ROS-apriltags/build/aquas_apriltag_bringup:/home/xavier/Developer/aquas-ROS-apriltags/install/aquas_apriltag_bringup/lib/python3.10/site-packages:/home/xavier/Developer/aquas-ROS-apriltags/build/apriltag_bringup:/home/xavier/Developer/aquas-ROS-apriltags/install/apriltag_bringup/lib/python3.10/site-packages:/opt/ros/humble/lib/python3.10/site-packages:/opt/ros/humble/local/lib/python3.10/dist-packages /usr/bin/cmake --install /home/xavier/Developer/aquas-ROS-apriltags/build/apriltag_ros
