[0.000000] (-) TimerEvent: {}
[0.001070] (apriltag_bringup) JobQueued: {'identifier': 'apriltag_bringup', 'dependencies': OrderedDict()}
[0.001584] (camera_bringup) JobQueued: {'identifier': 'camera_bringup', 'dependencies': OrderedDict()}
[0.001823] (dock_align) JobQueued: {'identifier': 'dock_align', 'dependencies': OrderedDict()}
[0.002119] (apriltag_bringup) JobStarted: {'identifier': 'apriltag_bringup'}
[0.036181] (camera_bringup) JobStarted: {'identifier': 'camera_bringup'}
[0.059483] (dock_align) JobStarted: {'identifier': 'dock_align'}
[0.097791] (-) TimerEvent: {}
[0.199006] (-) TimerEvent: {}
[0.301191] (-) TimerEvent: {}
[0.403556] (-) TimerEvent: {}
[0.505940] (-) TimerEvent: {}
[0.608270] (-) TimerEvent: {}
[0.719671] (-) TimerEvent: {}
[0.821576] (-) TimerEvent: {}
[0.923481] (-) TimerEvent: {}
[1.025625] (-) TimerEvent: {}
[1.127578] (-) TimerEvent: {}
[1.229222] (-) TimerEvent: {}
[1.331068] (-) TimerEvent: {}
[1.433631] (-) TimerEvent: {}
[1.535679] (-) TimerEvent: {}
[1.637753] (-) TimerEvent: {}
[1.740066] (-) TimerEvent: {}
[1.841218] (-) TimerEvent: {}
[1.942432] (-) TimerEvent: {}
[2.044754] (-) TimerEvent: {}
[2.145911] (-) TimerEvent: {}
[2.247528] (-) TimerEvent: {}
[2.350769] (-) TimerEvent: {}
[2.456199] (-) TimerEvent: {}
[2.561614] (-) TimerEvent: {}
[2.563908] (camera_bringup) StderrLine: {'line': b'Traceback (most recent call last):\n  File "/usr/lib/python3/dist-packages/colcon_core/executor/__init__.py", line 91, in __call__\n    rc = await self.task(*args, **kwargs)\n  File "/usr/lib/python3/dist-packages/colcon_core/task/__init__.py", line 93, in __call__\n    return await task_method(*args, **kwargs)\n  File "/usr/lib/python3/dist-packages/colcon_core/task/python/build.py", line 145, in build\n    temp_symlinks = self._symlinks_in_build(args, setup_py_data)\n  File "/usr/lib/python3/dist-packages/colcon_core/task/python/build.py", line 319, in _symlinks_in_build\n    raise RuntimeError(\nRuntimeError: Provided py_modules \'foo.py\' does not exist\n'}
[2.567841] (camera_bringup) JobEnded: {'identifier': 'camera_bringup', 'rc': 1}
[2.569796] (dock_align) JobEnded: {'identifier': 'dock_align', 'rc': 'SIGINT'}
[2.570957] (apriltag_bringup) JobEnded: {'identifier': 'apriltag_bringup', 'rc': 'SIGINT'}
[2.577798] (-) EventReactorShutdown: {}
