[0.158s] Invoking command in '/home/xavier/Developer/aquas-ROS-apriltags/build/apriltag': CMAKE_PREFIX_PATH=/opt/ros/humble /usr/bin/cmake --build /home/xavier/Developer/aquas-ROS-apriltags/build/apriltag -- -j4 -l4
[0.726s] [ 79%] Built target apriltag
[0.862s] [ 81%] [34m[1mGenerating apriltag_detect_docstring.h, apriltag_detect_docstring.cxx[0m
[0.976s] [ 83%] [34m[1mGenerating apriltag_py_type_docstring.h, apriltag_py_type_docstring.cxx[0m
[1.083s] [ 86%] [34m[1mGenerating apriltag_estimate_tag_pose_docstring.h, apriltag_estimate_tag_pose_docstring.cxx[0m
[1.343s] [ 86%] Built target apriltag_py_docstrings
[1.491s] [ 88%] [32mBuilding CXX object CMakeFiles/opencv_demo.dir/example/opencv_demo.cc.o[0m
[17.055s] [ 90%] [32m[1mLinking CXX executable opencv_demo[0m
[21.040s] [ 90%] Built target opencv_demo
[21.116s] [35m[1mConsolidate compiler generated dependencies of target apriltag.cpython-310-aarch64-linux-gnu[0m
[21.231s] [ 93%] [32mBuilding C object CMakeFiles/apriltag.cpython-310-aarch64-linux-gnu.dir/apriltag_pywrap.c.o[0m
[23.729s] [ 95%] [32m[1mLinking C shared module apriltag.cpython-310-aarch64-linux-gnu.so[0m
[23.987s] [ 95%] Built target apriltag.cpython-310-aarch64-linux-gnu
[24.066s] [35m[1mConsolidate compiler generated dependencies of target apriltag_demo[0m
[24.151s] [100%] Built target apriltag_demo
[24.239s] Invoked command in '/home/xavier/Developer/aquas-ROS-apriltags/build/apriltag' returned '0': CMAKE_PREFIX_PATH=/opt/ros/humble /usr/bin/cmake --build /home/xavier/Developer/aquas-ROS-apriltags/build/apriltag -- -j4 -l4
[24.312s] Invoking command in '/home/xavier/Developer/aquas-ROS-apriltags/build/apriltag': CMAKE_PREFIX_PATH=/opt/ros/humble /usr/bin/cmake --install /home/xavier/Developer/aquas-ROS-apriltags/build/apriltag
[24.371s] -- Install configuration: "Release"
[24.375s] -- Installing: /home/xavier/Developer/aquas-ROS-apriltags/install/apriltag/include/apriltag/apriltag.h
[24.378s] -- Installing: /home/xavier/Developer/aquas-ROS-apriltags/install/apriltag/include/apriltag/apriltag_math.h
[24.386s] -- Installing: /home/xavier/Developer/aquas-ROS-apriltags/install/apriltag/include/apriltag/apriltag_pose.h
[24.392s] -- Installing: /home/xavier/Developer/aquas-ROS-apriltags/install/apriltag/include/apriltag/common/debug_print.h
[24.397s] -- Installing: /home/xavier/Developer/aquas-ROS-apriltags/install/apriltag/include/apriltag/common/doubles.h
[24.402s] -- Installing: /home/xavier/Developer/aquas-ROS-apriltags/install/apriltag/include/apriltag/common/doubles_floats_impl.h
[24.408s] -- Installing: /home/xavier/Developer/aquas-ROS-apriltags/install/apriltag/include/apriltag/common/floats.h
[24.412s] -- Installing: /home/xavier/Developer/aquas-ROS-apriltags/install/apriltag/include/apriltag/common/g2d.h
[24.416s] -- Installing: /home/xavier/Developer/aquas-ROS-apriltags/install/apriltag/include/apriltag/common/getopt.h
[24.420s] -- Installing: /home/xavier/Developer/aquas-ROS-apriltags/install/apriltag/include/apriltag/common/homography.h
[24.427s] -- Installing: /home/xavier/Developer/aquas-ROS-apriltags/install/apriltag/include/apriltag/common/image_types.h
[24.431s] -- Installing: /home/xavier/Developer/aquas-ROS-apriltags/install/apriltag/include/apriltag/common/image_u8.h
[24.435s] -- Installing: /home/xavier/Developer/aquas-ROS-apriltags/install/apriltag/include/apriltag/common/image_u8_parallel.h
[24.441s] -- Installing: /home/xavier/Developer/aquas-ROS-apriltags/install/apriltag/include/apriltag/common/image_u8x3.h
[24.446s] -- Installing: /home/xavier/Developer/aquas-ROS-apriltags/install/apriltag/include/apriltag/common/image_u8x4.h
[24.450s] -- Installing: /home/xavier/Developer/aquas-ROS-apriltags/install/apriltag/include/apriltag/common/matd.h
[24.454s] -- Installing: /home/xavier/Developer/aquas-ROS-apriltags/install/apriltag/include/apriltag/common/math_util.h
[24.459s] -- Installing: /home/xavier/Developer/aquas-ROS-apriltags/install/apriltag/include/apriltag/common/pam.h
[24.463s] -- Installing: /home/xavier/Developer/aquas-ROS-apriltags/install/apriltag/include/apriltag/common/pjpeg.h
[24.468s] -- Installing: /home/xavier/Developer/aquas-ROS-apriltags/install/apriltag/include/apriltag/common/pnm.h
[24.472s] -- Installing: /home/xavier/Developer/aquas-ROS-apriltags/install/apriltag/include/apriltag/common/postscript_utils.h
[24.476s] -- Installing: /home/xavier/Developer/aquas-ROS-apriltags/install/apriltag/include/apriltag/common/pthreads_cross.h
[24.480s] -- Installing: /home/xavier/Developer/aquas-ROS-apriltags/install/apriltag/include/apriltag/common/string_util.h
[24.483s] -- Installing: /home/xavier/Developer/aquas-ROS-apriltags/install/apriltag/include/apriltag/common/svd22.h
[24.490s] -- Installing: /home/xavier/Developer/aquas-ROS-apriltags/install/apriltag/include/apriltag/common/time_util.h
[24.494s] -- Installing: /home/xavier/Developer/aquas-ROS-apriltags/install/apriltag/include/apriltag/common/timeprofile.h
[24.497s] -- Installing: /home/xavier/Developer/aquas-ROS-apriltags/install/apriltag/include/apriltag/common/unionfind.h
[24.504s] -- Installing: /home/xavier/Developer/aquas-ROS-apriltags/install/apriltag/include/apriltag/common/workerpool.h
[24.507s] -- Installing: /home/xavier/Developer/aquas-ROS-apriltags/install/apriltag/include/apriltag/common/zarray.h
[24.511s] -- Installing: /home/xavier/Developer/aquas-ROS-apriltags/install/apriltag/include/apriltag/common/zhash.h
[24.518s] -- Installing: /home/xavier/Developer/aquas-ROS-apriltags/install/apriltag/include/apriltag/common/zmaxheap.h
[24.523s] -- Installing: /home/xavier/Developer/aquas-ROS-apriltags/install/apriltag/include/apriltag/tag16h5.h
[24.526s] -- Installing: /home/xavier/Developer/aquas-ROS-apriltags/install/apriltag/include/apriltag/tag25h9.h
[24.529s] -- Installing: /home/xavier/Developer/aquas-ROS-apriltags/install/apriltag/include/apriltag/tag36h10.h
[24.533s] -- Installing: /home/xavier/Developer/aquas-ROS-apriltags/install/apriltag/include/apriltag/tag36h11.h
[24.536s] -- Installing: /home/xavier/Developer/aquas-ROS-apriltags/install/apriltag/include/apriltag/tagCircle21h7.h
[24.539s] -- Installing: /home/xavier/Developer/aquas-ROS-apriltags/install/apriltag/include/apriltag/tagCircle49h12.h
[24.543s] -- Installing: /home/xavier/Developer/aquas-ROS-apriltags/install/apriltag/include/apriltag/tagCustom48h12.h
[24.547s] -- Installing: /home/xavier/Developer/aquas-ROS-apriltags/install/apriltag/include/apriltag/tagStandard41h12.h
[24.550s] -- Installing: /home/xavier/Developer/aquas-ROS-apriltags/install/apriltag/include/apriltag/tagStandard52h13.h
[24.554s] -- Installing: /home/xavier/Developer/aquas-ROS-apriltags/install/apriltag/lib/libapriltag.so.3.4.5
[24.595s] -- Installing: /home/xavier/Developer/aquas-ROS-apriltags/install/apriltag/lib/libapriltag.so.3
[24.596s] -- Installing: /home/xavier/Developer/aquas-ROS-apriltags/install/apriltag/lib/libapriltag.so
[24.601s] -- Installing: /home/xavier/Developer/aquas-ROS-apriltags/install/apriltag/lib/apriltag/cmake/apriltagTargets.cmake
[24.606s] -- Installing: /home/xavier/Developer/aquas-ROS-apriltags/install/apriltag/lib/apriltag/cmake/apriltagTargets-release.cmake
[24.611s] -- Installing: /home/xavier/Developer/aquas-ROS-apriltags/install/apriltag/lib/apriltag/cmake/apriltagConfig.cmake
[24.615s] -- Installing: /home/xavier/Developer/aquas-ROS-apriltags/install/apriltag/lib/apriltag/cmake/apriltagConfigVersion.cmake
[24.620s] -- Installing: /home/xavier/Developer/aquas-ROS-apriltags/install/apriltag/lib/pkgconfig/apriltag.pc
[24.625s] -- Installing: /home/xavier/Developer/aquas-ROS-apriltags/install/apriltag/lib/python3.10/site-packages/apriltag.cpython-310-aarch64-linux-gnu.so
[24.632s] -- Set runtime path of "/home/xavier/Developer/aquas-ROS-apriltags/install/apriltag/lib/python3.10/site-packages/apriltag.cpython-310-aarch64-linux-gnu.so" to ""
[24.635s] -- Installing: /home/xavier/Developer/aquas-ROS-apriltags/install/apriltag/bin/opencv_demo
[24.641s] -- Set runtime path of "/home/xavier/Developer/aquas-ROS-apriltags/install/apriltag/bin/opencv_demo" to ""
[24.643s] -- Installing: /home/xavier/Developer/aquas-ROS-apriltags/install/apriltag/bin/apriltag_demo
[24.652s] -- Set runtime path of "/home/xavier/Developer/aquas-ROS-apriltags/install/apriltag/bin/apriltag_demo" to ""
[24.672s] Invoked command in '/home/xavier/Developer/aquas-ROS-apriltags/build/apriltag' returned '0': CMAKE_PREFIX_PATH=/opt/ros/humble /usr/bin/cmake --install /home/xavier/Developer/aquas-ROS-apriltags/build/apriltag
