[0.123s] Invoking command in '/home/xavier/Developer/aquas-ROS-apriltags/build/camera_info_manager': AMENT_PREFIX_PATH=/home/xavier/Developer/aquas-ROS-apriltags/install/camera_calibration_parsers:${AMENT_PREFIX_PATH} CMAKE_PREFIX_PATH=/home/xavier/Developer/aquas-ROS-apriltags/install/camera_calibration_parsers:/opt/ros/humble LD_LIBRARY_PATH=/home/xavier/Developer/aquas-ROS-apriltags/install/camera_calibration_parsers/lib:${LD_LIBRARY_PATH} /usr/bin/cmake /home/xavier/Developer/aquas-ROS-apriltags/src/image_common/camera_info_manager -DCMAKE_INSTALL_PREFIX=/home/xavier/Developer/aquas-ROS-apriltags/install/camera_info_manager
[1.100s] -- The C compiler identification is GNU 11.4.0
[1.454s] -- The CXX compiler identification is GNU 11.4.0
[1.514s] -- Detecting C compiler ABI info
[1.930s] -- Detecting C compiler ABI info - done
[1.961s] -- Check for working C compiler: /usr/bin/cc - skipped
[1.967s] -- Detecting C compile features
[1.971s] -- Detecting C compile features - done
[1.990s] -- Detecting CXX compiler ABI info
[2.442s] -- Detecting CXX compiler ABI info - done
[2.474s] -- Check for working CXX compiler: /usr/bin/c++ - skipped
[2.475s] -- Detecting CXX compile features
[2.478s] -- Detecting CXX compile features - done
[2.519s] -- Found ament_cmake_ros: 0.10.0 (/opt/ros/humble/share/ament_cmake_ros/cmake)
[3.691s] -- Found Python3: /usr/bin/python3 (found version "3.10.12") found components: Interpreter 
[4.695s] -- Found ament_index_cpp: 1.4.0 (/opt/ros/humble/share/ament_index_cpp/cmake)
[4.707s] -- Found camera_calibration_parsers: 3.1.12 (/home/xavier/Developer/aquas-ROS-apriltags/install/camera_calibration_parsers/share/camera_calibration_parsers/cmake)
[5.310s] -- Found rosidl_generator_c: 3.1.8 (/opt/ros/humble/share/rosidl_generator_c/cmake)
[5.394s] -- Found rosidl_adapter: 3.1.8 (/opt/ros/humble/share/rosidl_adapter/cmake)
[5.508s] -- Found rosidl_generator_cpp: 3.1.8 (/opt/ros/humble/share/rosidl_generator_cpp/cmake)
[5.681s] -- Using all available rosidl_typesupport_c: rosidl_typesupport_fastrtps_c;rosidl_typesupport_introspection_c
[5.862s] -- Using all available rosidl_typesupport_cpp: rosidl_typesupport_fastrtps_cpp;rosidl_typesupport_introspection_cpp
[6.378s] -- Found rmw_implementation_cmake: 6.1.2 (/opt/ros/humble/share/rmw_implementation_cmake/cmake)
[6.417s] -- Found rmw_fastrtps_cpp: 6.2.9 (/opt/ros/humble/share/rmw_fastrtps_cpp/cmake)
[7.273s] -- Found OpenSSL: /usr/lib/aarch64-linux-gnu/libcrypto.so (found version "3.0.2")  
[7.608s] -- Found FastRTPS: /opt/ros/humble/include  
[8.140s] -- Using RMW implementation 'rmw_fastrtps_cpp' as default
[8.268s] -- Looking for pthread.h
[8.705s] -- Looking for pthread.h - found
[8.706s] -- Performing Test CMAKE_HAVE_LIBC_PTHREAD
[9.130s] -- Performing Test CMAKE_HAVE_LIBC_PTHREAD - Success
[9.135s] -- Found Threads: TRUE  
[9.953s] -- Found ament_cmake_cpplint: 0.12.14 (/opt/ros/humble/share/ament_cmake_cpplint/cmake)
[9.984s] -- Found ament_cmake_lint_cmake: 0.12.14 (/opt/ros/humble/share/ament_cmake_lint_cmake/cmake)
[10.015s] -- Found ament_cmake_uncrustify: 0.12.14 (/opt/ros/humble/share/ament_cmake_uncrustify/cmake)
[10.521s] -- Configuring done
[10.621s] -- Generating done
[10.646s] -- Build files have been written to: /home/xavier/Developer/aquas-ROS-apriltags/build/camera_info_manager
[10.697s] Invoked command in '/home/xavier/Developer/aquas-ROS-apriltags/build/camera_info_manager' returned '0': AMENT_PREFIX_PATH=/home/xavier/Developer/aquas-ROS-apriltags/install/camera_calibration_parsers:${AMENT_PREFIX_PATH} CMAKE_PREFIX_PATH=/home/xavier/Developer/aquas-ROS-apriltags/install/camera_calibration_parsers:/opt/ros/humble LD_LIBRARY_PATH=/home/xavier/Developer/aquas-ROS-apriltags/install/camera_calibration_parsers/lib:${LD_LIBRARY_PATH} /usr/bin/cmake /home/xavier/Developer/aquas-ROS-apriltags/src/image_common/camera_info_manager -DCMAKE_INSTALL_PREFIX=/home/xavier/Developer/aquas-ROS-apriltags/install/camera_info_manager
[10.707s] Invoking command in '/home/xavier/Developer/aquas-ROS-apriltags/build/camera_info_manager': AMENT_PREFIX_PATH=/home/xavier/Developer/aquas-ROS-apriltags/install/camera_calibration_parsers:${AMENT_PREFIX_PATH} CMAKE_PREFIX_PATH=/home/xavier/Developer/aquas-ROS-apriltags/install/camera_calibration_parsers:/opt/ros/humble LD_LIBRARY_PATH=/home/xavier/Developer/aquas-ROS-apriltags/install/camera_calibration_parsers/lib:${LD_LIBRARY_PATH} /usr/bin/cmake --build /home/xavier/Developer/aquas-ROS-apriltags/build/camera_info_manager -- -j4 -l4
[10.972s] [ 50%] [32mBuilding CXX object CMakeFiles/camera_info_manager.dir/src/camera_info_manager.cpp.o[0m
[26.905s] [100%] [32m[1mLinking CXX shared library libcamera_info_manager.so[0m
[28.247s] [100%] Built target camera_info_manager
[28.336s] Invoked command in '/home/xavier/Developer/aquas-ROS-apriltags/build/camera_info_manager' returned '0': AMENT_PREFIX_PATH=/home/xavier/Developer/aquas-ROS-apriltags/install/camera_calibration_parsers:${AMENT_PREFIX_PATH} CMAKE_PREFIX_PATH=/home/xavier/Developer/aquas-ROS-apriltags/install/camera_calibration_parsers:/opt/ros/humble LD_LIBRARY_PATH=/home/xavier/Developer/aquas-ROS-apriltags/install/camera_calibration_parsers/lib:${LD_LIBRARY_PATH} /usr/bin/cmake --build /home/xavier/Developer/aquas-ROS-apriltags/build/camera_info_manager -- -j4 -l4
[28.359s] Invoking command in '/home/xavier/Developer/aquas-ROS-apriltags/build/camera_info_manager': AMENT_PREFIX_PATH=/home/xavier/Developer/aquas-ROS-apriltags/install/camera_calibration_parsers:${AMENT_PREFIX_PATH} CMAKE_PREFIX_PATH=/home/xavier/Developer/aquas-ROS-apriltags/install/camera_calibration_parsers:/opt/ros/humble LD_LIBRARY_PATH=/home/xavier/Developer/aquas-ROS-apriltags/install/camera_calibration_parsers/lib:${LD_LIBRARY_PATH} /usr/bin/cmake --install /home/xavier/Developer/aquas-ROS-apriltags/build/camera_info_manager
[28.400s] -- Install configuration: ""
[28.403s] -- Installing: /home/xavier/Developer/aquas-ROS-apriltags/install/camera_info_manager/lib/libcamera_info_manager.so
[28.417s] -- Set runtime path of "/home/xavier/Developer/aquas-ROS-apriltags/install/camera_info_manager/lib/libcamera_info_manager.so" to ""
[28.419s] -- Installing: /home/xavier/Developer/aquas-ROS-apriltags/install/camera_info_manager/include/camera_info_manager
[28.421s] -- Installing: /home/xavier/Developer/aquas-ROS-apriltags/install/camera_info_manager/include/camera_info_manager/camera_info_manager
[28.423s] -- Installing: /home/xavier/Developer/aquas-ROS-apriltags/install/camera_info_manager/include/camera_info_manager/camera_info_manager/camera_info_manager.hpp
[28.426s] -- Installing: /home/xavier/Developer/aquas-ROS-apriltags/install/camera_info_manager/include/camera_info_manager/camera_info_manager/camera_info_manager.h
[28.429s] -- Installing: /home/xavier/Developer/aquas-ROS-apriltags/install/camera_info_manager/include/camera_info_manager/camera_info_manager/visibility_control.h
[28.433s] -- Installing: /home/xavier/Developer/aquas-ROS-apriltags/install/camera_info_manager/share/ament_index/resource_index/package_run_dependencies/camera_info_manager
[28.439s] -- Installing: /home/xavier/Developer/aquas-ROS-apriltags/install/camera_info_manager/share/ament_index/resource_index/parent_prefix_path/camera_info_manager
[28.449s] -- Installing: /home/xavier/Developer/aquas-ROS-apriltags/install/camera_info_manager/share/camera_info_manager/environment/ament_prefix_path.sh
[28.454s] -- Installing: /home/xavier/Developer/aquas-ROS-apriltags/install/camera_info_manager/share/camera_info_manager/environment/ament_prefix_path.dsv
[28.456s] -- Installing: /home/xavier/Developer/aquas-ROS-apriltags/install/camera_info_manager/share/camera_info_manager/environment/path.sh
[28.459s] -- Installing: /home/xavier/Developer/aquas-ROS-apriltags/install/camera_info_manager/share/camera_info_manager/environment/path.dsv
[28.462s] -- Installing: /home/xavier/Developer/aquas-ROS-apriltags/install/camera_info_manager/share/camera_info_manager/local_setup.bash
[28.465s] -- Installing: /home/xavier/Developer/aquas-ROS-apriltags/install/camera_info_manager/share/camera_info_manager/local_setup.sh
[28.468s] -- Installing: /home/xavier/Developer/aquas-ROS-apriltags/install/camera_info_manager/share/camera_info_manager/local_setup.zsh
[28.470s] -- Installing: /home/xavier/Developer/aquas-ROS-apriltags/install/camera_info_manager/share/camera_info_manager/local_setup.dsv
[28.473s] -- Installing: /home/xavier/Developer/aquas-ROS-apriltags/install/camera_info_manager/share/camera_info_manager/package.dsv
[28.477s] -- Installing: /home/xavier/Developer/aquas-ROS-apriltags/install/camera_info_manager/share/ament_index/resource_index/packages/camera_info_manager
[28.479s] -- Installing: /home/xavier/Developer/aquas-ROS-apriltags/install/camera_info_manager/share/camera_info_manager/cmake/export_camera_info_managerExport.cmake
[28.485s] -- Installing: /home/xavier/Developer/aquas-ROS-apriltags/install/camera_info_manager/share/camera_info_manager/cmake/export_camera_info_managerExport-noconfig.cmake
[28.489s] -- Installing: /home/xavier/Developer/aquas-ROS-apriltags/install/camera_info_manager/share/camera_info_manager/cmake/ament_cmake_export_dependencies-extras.cmake
[28.492s] -- Installing: /home/xavier/Developer/aquas-ROS-apriltags/install/camera_info_manager/share/camera_info_manager/cmake/ament_cmake_export_targets-extras.cmake
[28.495s] -- Installing: /home/xavier/Developer/aquas-ROS-apriltags/install/camera_info_manager/share/camera_info_manager/cmake/camera_info_managerConfig.cmake
[28.498s] -- Installing: /home/xavier/Developer/aquas-ROS-apriltags/install/camera_info_manager/share/camera_info_manager/cmake/camera_info_managerConfig-version.cmake
[28.501s] -- Installing: /home/xavier/Developer/aquas-ROS-apriltags/install/camera_info_manager/share/camera_info_manager/package.xml
[28.524s] Invoked command in '/home/xavier/Developer/aquas-ROS-apriltags/build/camera_info_manager' returned '0': AMENT_PREFIX_PATH=/home/xavier/Developer/aquas-ROS-apriltags/install/camera_calibration_parsers:${AMENT_PREFIX_PATH} CMAKE_PREFIX_PATH=/home/xavier/Developer/aquas-ROS-apriltags/install/camera_calibration_parsers:/opt/ros/humble LD_LIBRARY_PATH=/home/xavier/Developer/aquas-ROS-apriltags/install/camera_calibration_parsers/lib:${LD_LIBRARY_PATH} /usr/bin/cmake --install /home/xavier/Developer/aquas-ROS-apriltags/build/camera_info_manager
