[0.152s] Invoking command in '/home/xavier/Developer/aquas-ROS-apriltags/build/image_transport': CMAKE_PREFIX_PATH=${CMAKE_PREFIX_PATH}:/home/xavier/Developer/aquas-ROS-apriltags/install/camera_info_manager_py:/home/xavier/Developer/aquas-ROS-apriltags/install/aquas_dock_align:/home/xavier/Developer/aquas-ROS-apriltags/install/aquas_camera_bringup:/home/xavier/Developer/aquas-ROS-apriltags/install/aquas_apriltag_bringup:/opt/ros/humble /usr/bin/cmake --build /home/xavier/Developer/aquas-ROS-apriltags/build/image_transport -- -j4 -l4
[0.697s] [  6%] Built target gtest
[0.708s] [ 13%] Built target gtest_main
[0.873s] [ 40%] Built target image_transport
[1.321s] [ 46%] Built target image_transport_plugins
[1.332s] [ 53%] Built target image_transport-camera_common
[1.340s] [ 60%] Built target list_transports
[1.371s] [ 66%] Built target republish
[1.586s] [ 73%] Built target image_transport-publisher
[1.636s] [ 80%] Built target image_transport-subscriber
[1.672s] [ 86%] Built target image_transport-message_passing
[1.703s] [ 93%] Built target image_transport-remapping
[1.812s] [100%] Built target image_transport-single_subscriber_publisher
[2.728s] Invoked command in '/home/xavier/Developer/aquas-ROS-apriltags/build/image_transport' returned '0': CMAKE_PREFIX_PATH=${CMAKE_PREFIX_PATH}:/home/xavier/Developer/aquas-ROS-apriltags/install/camera_info_manager_py:/home/xavier/Developer/aquas-ROS-apriltags/install/aquas_dock_align:/home/xavier/Developer/aquas-ROS-apriltags/install/aquas_camera_bringup:/home/xavier/Developer/aquas-ROS-apriltags/install/aquas_apriltag_bringup:/opt/ros/humble /usr/bin/cmake --build /home/xavier/Developer/aquas-ROS-apriltags/build/image_transport -- -j4 -l4
[2.739s] Invoking command in '/home/xavier/Developer/aquas-ROS-apriltags/build/image_transport': CMAKE_PREFIX_PATH=${CMAKE_PREFIX_PATH}:/home/xavier/Developer/aquas-ROS-apriltags/install/camera_info_manager_py:/home/xavier/Developer/aquas-ROS-apriltags/install/aquas_dock_align:/home/xavier/Developer/aquas-ROS-apriltags/install/aquas_camera_bringup:/home/xavier/Developer/aquas-ROS-apriltags/install/aquas_apriltag_bringup:/opt/ros/humble /usr/bin/cmake --install /home/xavier/Developer/aquas-ROS-apriltags/build/image_transport
[2.790s] -- Install configuration: ""
[2.793s] -- Execute custom install script
[2.795s] -- Up-to-date symlink: /home/xavier/Developer/aquas-ROS-apriltags/install/image_transport/share/image_transport//default_plugins.xml
[2.799s] -- Up-to-date symlink: /home/xavier/Developer/aquas-ROS-apriltags/install/image_transport/lib/libimage_transport.so
[2.804s] -- Up-to-date symlink: /home/xavier/Developer/aquas-ROS-apriltags/install/image_transport/lib/libimage_transport_plugins.so
[2.805s] -- Up-to-date symlink: /home/xavier/Developer/aquas-ROS-apriltags/install/image_transport/lib/image_transport/list_transports
[2.806s] -- Up-to-date symlink: /home/xavier/Developer/aquas-ROS-apriltags/install/image_transport/lib/image_transport/republish
[2.817s] -- Up-to-date symlink: /home/xavier/Developer/aquas-ROS-apriltags/install/image_transport/include/image_transport/image_transport/camera_common.h
[2.820s] -- Up-to-date symlink: /home/xavier/Developer/aquas-ROS-apriltags/install/image_transport/include/image_transport/image_transport/camera_common.hpp
[2.820s] -- Up-to-date symlink: /home/xavier/Developer/aquas-ROS-apriltags/install/image_transport/include/image_transport/image_transport/camera_publisher.h
[2.821s] -- Up-to-date symlink: /home/xavier/Developer/aquas-ROS-apriltags/install/image_transport/include/image_transport/image_transport/camera_publisher.hpp
[2.822s] -- Up-to-date symlink: /home/xavier/Developer/aquas-ROS-apriltags/install/image_transport/include/image_transport/image_transport/camera_subscriber.h
[2.822s] -- Up-to-date symlink: /home/xavier/Developer/aquas-ROS-apriltags/install/image_transport/include/image_transport/image_transport/camera_subscriber.hpp
[2.823s] -- Up-to-date symlink: /home/xavier/Developer/aquas-ROS-apriltags/install/image_transport/include/image_transport/image_transport/exception.h
[2.824s] -- Up-to-date symlink: /home/xavier/Developer/aquas-ROS-apriltags/install/image_transport/include/image_transport/image_transport/exception.hpp
[2.825s] -- Up-to-date symlink: /home/xavier/Developer/aquas-ROS-apriltags/install/image_transport/include/image_transport/image_transport/image_transport.h
[2.826s] -- Up-to-date symlink: /home/xavier/Developer/aquas-ROS-apriltags/install/image_transport/include/image_transport/image_transport/image_transport.hpp
[2.828s] -- Up-to-date symlink: /home/xavier/Developer/aquas-ROS-apriltags/install/image_transport/include/image_transport/image_transport/loader_fwds.h
[2.830s] -- Up-to-date symlink: /home/xavier/Developer/aquas-ROS-apriltags/install/image_transport/include/image_transport/image_transport/loader_fwds.hpp
[2.833s] -- Up-to-date symlink: /home/xavier/Developer/aquas-ROS-apriltags/install/image_transport/include/image_transport/image_transport/publisher.h
[2.835s] -- Up-to-date symlink: /home/xavier/Developer/aquas-ROS-apriltags/install/image_transport/include/image_transport/image_transport/publisher.hpp
[2.838s] -- Up-to-date symlink: /home/xavier/Developer/aquas-ROS-apriltags/install/image_transport/include/image_transport/image_transport/publisher_plugin.h
[2.840s] -- Up-to-date symlink: /home/xavier/Developer/aquas-ROS-apriltags/install/image_transport/include/image_transport/image_transport/publisher_plugin.hpp
[2.843s] -- Up-to-date symlink: /home/xavier/Developer/aquas-ROS-apriltags/install/image_transport/include/image_transport/image_transport/raw_publisher.h
[2.846s] -- Up-to-date symlink: /home/xavier/Developer/aquas-ROS-apriltags/install/image_transport/include/image_transport/image_transport/raw_publisher.hpp
[2.848s] -- Up-to-date symlink: /home/xavier/Developer/aquas-ROS-apriltags/install/image_transport/include/image_transport/image_transport/raw_subscriber.h
[2.851s] -- Up-to-date symlink: /home/xavier/Developer/aquas-ROS-apriltags/install/image_transport/include/image_transport/image_transport/raw_subscriber.hpp
[2.854s] -- Up-to-date symlink: /home/xavier/Developer/aquas-ROS-apriltags/install/image_transport/include/image_transport/image_transport/simple_publisher_plugin.h
[2.857s] -- Up-to-date symlink: /home/xavier/Developer/aquas-ROS-apriltags/install/image_transport/include/image_transport/image_transport/simple_publisher_plugin.hpp
[2.859s] -- Up-to-date symlink: /home/xavier/Developer/aquas-ROS-apriltags/install/image_transport/include/image_transport/image_transport/simple_subscriber_plugin.h
[2.862s] -- Up-to-date symlink: /home/xavier/Developer/aquas-ROS-apriltags/install/image_transport/include/image_transport/image_transport/simple_subscriber_plugin.hpp
[2.865s] -- Up-to-date symlink: /home/xavier/Developer/aquas-ROS-apriltags/install/image_transport/include/image_transport/image_transport/single_subscriber_publisher.h
[2.868s] -- Up-to-date symlink: /home/xavier/Developer/aquas-ROS-apriltags/install/image_transport/include/image_transport/image_transport/single_subscriber_publisher.hpp
[2.871s] -- Up-to-date symlink: /home/xavier/Developer/aquas-ROS-apriltags/install/image_transport/include/image_transport/image_transport/subscriber.h
[2.874s] -- Up-to-date symlink: /home/xavier/Developer/aquas-ROS-apriltags/install/image_transport/include/image_transport/image_transport/subscriber.hpp
[2.877s] -- Up-to-date symlink: /home/xavier/Developer/aquas-ROS-apriltags/install/image_transport/include/image_transport/image_transport/subscriber_filter.h
[2.881s] -- Up-to-date symlink: /home/xavier/Developer/aquas-ROS-apriltags/install/image_transport/include/image_transport/image_transport/subscriber_filter.hpp
[2.885s] -- Up-to-date symlink: /home/xavier/Developer/aquas-ROS-apriltags/install/image_transport/include/image_transport/image_transport/subscriber_plugin.h
[2.898s] -- Up-to-date symlink: /home/xavier/Developer/aquas-ROS-apriltags/install/image_transport/include/image_transport/image_transport/subscriber_plugin.hpp
[2.903s] -- Up-to-date symlink: /home/xavier/Developer/aquas-ROS-apriltags/install/image_transport/include/image_transport/image_transport/transport_hints.h
[2.917s] -- Up-to-date symlink: /home/xavier/Developer/aquas-ROS-apriltags/install/image_transport/include/image_transport/image_transport/transport_hints.hpp
[2.924s] -- Up-to-date symlink: /home/xavier/Developer/aquas-ROS-apriltags/install/image_transport/include/image_transport/image_transport/visibility_control.hpp
[2.924s] -- Up-to-date symlink: /home/xavier/Developer/aquas-ROS-apriltags/install/image_transport/share/ament_index/resource_index/package_run_dependencies/image_transport
[2.929s] -- Up-to-date symlink: /home/xavier/Developer/aquas-ROS-apriltags/install/image_transport/share/ament_index/resource_index/parent_prefix_path/image_transport
[2.929s] -- Up-to-date symlink: /home/xavier/Developer/aquas-ROS-apriltags/install/image_transport/share/image_transport/environment/ament_prefix_path.sh
[2.930s] -- Up-to-date symlink: /home/xavier/Developer/aquas-ROS-apriltags/install/image_transport/share/image_transport/environment/ament_prefix_path.dsv
[2.930s] -- Up-to-date symlink: /home/xavier/Developer/aquas-ROS-apriltags/install/image_transport/share/image_transport/environment/path.sh
[2.931s] -- Up-to-date symlink: /home/xavier/Developer/aquas-ROS-apriltags/install/image_transport/share/image_transport/environment/path.dsv
[2.931s] -- Up-to-date symlink: /home/xavier/Developer/aquas-ROS-apriltags/install/image_transport/share/image_transport/local_setup.bash
[2.932s] -- Up-to-date symlink: /home/xavier/Developer/aquas-ROS-apriltags/install/image_transport/share/image_transport/local_setup.sh
[2.933s] -- Up-to-date symlink: /home/xavier/Developer/aquas-ROS-apriltags/install/image_transport/share/image_transport/local_setup.zsh
[2.933s] -- Up-to-date symlink: /home/xavier/Developer/aquas-ROS-apriltags/install/image_transport/share/image_transport/local_setup.dsv
[2.934s] -- Symlinking: /home/xavier/Developer/aquas-ROS-apriltags/install/image_transport/share/image_transport/package.dsv
[2.987s] -- Up-to-date symlink: /home/xavier/Developer/aquas-ROS-apriltags/install/image_transport/share/ament_index/resource_index/packages/image_transport
[2.993s] -- Up-to-date symlink: /home/xavier/Developer/aquas-ROS-apriltags/install/image_transport/share/ament_index/resource_index/image_transport__pluginlib__plugin/image_transport
[2.993s] -- Up-to-date symlink: /home/xavier/Developer/aquas-ROS-apriltags/install/image_transport/share/image_transport/cmake/ament_cmake_export_targets-extras.cmake
[2.994s] -- Up-to-date symlink: /home/xavier/Developer/aquas-ROS-apriltags/install/image_transport/share/image_transport/cmake/ament_cmake_export_dependencies-extras.cmake
[2.995s] -- Up-to-date symlink: /home/xavier/Developer/aquas-ROS-apriltags/install/image_transport/share/image_transport/cmake/image_transportConfig.cmake
[2.996s] -- Up-to-date symlink: /home/xavier/Developer/aquas-ROS-apriltags/install/image_transport/share/image_transport/cmake/image_transportConfig-version.cmake
[2.998s] -- Up-to-date symlink: /home/xavier/Developer/aquas-ROS-apriltags/install/image_transport/share/image_transport/package.xml
[3.003s] -- Up-to-date: /home/xavier/Developer/aquas-ROS-apriltags/install/image_transport/share/image_transport/cmake/export_image_transportExport.cmake
[3.004s] -- Up-to-date: /home/xavier/Developer/aquas-ROS-apriltags/install/image_transport/share/image_transport/cmake/export_image_transportExport-noconfig.cmake
[3.144s] Invoked command in '/home/xavier/Developer/aquas-ROS-apriltags/build/image_transport' returned '0': CMAKE_PREFIX_PATH=${CMAKE_PREFIX_PATH}:/home/xavier/Developer/aquas-ROS-apriltags/install/camera_info_manager_py:/home/xavier/Developer/aquas-ROS-apriltags/install/aquas_dock_align:/home/xavier/Developer/aquas-ROS-apriltags/install/aquas_camera_bringup:/home/xavier/Developer/aquas-ROS-apriltags/install/aquas_apriltag_bringup:/opt/ros/humble /usr/bin/cmake --install /home/xavier/Developer/aquas-ROS-apriltags/build/image_transport
