[0.150s] Invoking command in '/home/xavier/Developer/aquas-ROS-apriltags/build/image_transport': CMAKE_PREFIX_PATH=${CMAKE_PREFIX_PATH}:/home/xavier/Developer/aquas-ROS-apriltags/install/camera_info_manager_py:/home/xavier/Developer/aquas-ROS-apriltags/install/aquas_dock_align:/home/xavier/Developer/aquas-ROS-apriltags/install/aquas_camera_bringup:/home/xavier/Developer/aquas-ROS-apriltags/install/aquas_apriltag_bringup:/opt/ros/humble /usr/bin/cmake --build /home/xavier/Developer/aquas-ROS-apriltags/build/image_transport -- -j4 -l4
[0.714s] [  6%] Built target gtest
[0.739s] [ 13%] Built target gtest_main
[0.861s] [ 40%] Built target image_transport
[1.282s] [ 46%] Built target list_transports
[1.297s] [ 53%] Built target image_transport-camera_common
[1.347s] [ 60%] Built target image_transport_plugins
[1.357s] [ 66%] Built target republish
[1.563s] [ 73%] Built target image_transport-publisher
[1.567s] [ 80%] Built target image_transport-subscriber
[1.633s] [ 86%] Built target image_transport-message_passing
[1.648s] [ 93%] Built target image_transport-remapping
[1.781s] [100%] Built target image_transport-single_subscriber_publisher
[2.808s] Invoked command in '/home/xavier/Developer/aquas-ROS-apriltags/build/image_transport' returned '0': CMAKE_PREFIX_PATH=${CMAKE_PREFIX_PATH}:/home/xavier/Developer/aquas-ROS-apriltags/install/camera_info_manager_py:/home/xavier/Developer/aquas-ROS-apriltags/install/aquas_dock_align:/home/xavier/Developer/aquas-ROS-apriltags/install/aquas_camera_bringup:/home/xavier/Developer/aquas-ROS-apriltags/install/aquas_apriltag_bringup:/opt/ros/humble /usr/bin/cmake --build /home/xavier/Developer/aquas-ROS-apriltags/build/image_transport -- -j4 -l4
[2.813s] Invoking command in '/home/xavier/Developer/aquas-ROS-apriltags/build/image_transport': CMAKE_PREFIX_PATH=${CMAKE_PREFIX_PATH}:/home/xavier/Developer/aquas-ROS-apriltags/install/camera_info_manager_py:/home/xavier/Developer/aquas-ROS-apriltags/install/aquas_dock_align:/home/xavier/Developer/aquas-ROS-apriltags/install/aquas_camera_bringup:/home/xavier/Developer/aquas-ROS-apriltags/install/aquas_apriltag_bringup:/opt/ros/humble /usr/bin/cmake --install /home/xavier/Developer/aquas-ROS-apriltags/build/image_transport
[2.870s] -- Install configuration: ""
[2.873s] -- Execute custom install script
[2.874s] -- Up-to-date symlink: /home/xavier/Developer/aquas-ROS-apriltags/install/image_transport/share/image_transport//default_plugins.xml
[2.877s] -- Up-to-date symlink: /home/xavier/Developer/aquas-ROS-apriltags/install/image_transport/lib/libimage_transport.so
[2.878s] -- Up-to-date symlink: /home/xavier/Developer/aquas-ROS-apriltags/install/image_transport/lib/libimage_transport_plugins.so
[2.881s] -- Up-to-date symlink: /home/xavier/Developer/aquas-ROS-apriltags/install/image_transport/lib/image_transport/list_transports
[2.883s] -- Up-to-date symlink: /home/xavier/Developer/aquas-ROS-apriltags/install/image_transport/lib/image_transport/republish
[2.891s] -- Up-to-date symlink: /home/xavier/Developer/aquas-ROS-apriltags/install/image_transport/include/image_transport/image_transport/camera_common.h
[2.893s] -- Up-to-date symlink: /home/xavier/Developer/aquas-ROS-apriltags/install/image_transport/include/image_transport/image_transport/camera_common.hpp
[2.894s] -- Up-to-date symlink: /home/xavier/Developer/aquas-ROS-apriltags/install/image_transport/include/image_transport/image_transport/camera_publisher.h
[2.896s] -- Up-to-date symlink: /home/xavier/Developer/aquas-ROS-apriltags/install/image_transport/include/image_transport/image_transport/camera_publisher.hpp
[2.898s] -- Up-to-date symlink: /home/xavier/Developer/aquas-ROS-apriltags/install/image_transport/include/image_transport/image_transport/camera_subscriber.h
[2.901s] -- Up-to-date symlink: /home/xavier/Developer/aquas-ROS-apriltags/install/image_transport/include/image_transport/image_transport/camera_subscriber.hpp
[2.903s] -- Up-to-date symlink: /home/xavier/Developer/aquas-ROS-apriltags/install/image_transport/include/image_transport/image_transport/exception.h
[2.905s] -- Up-to-date symlink: /home/xavier/Developer/aquas-ROS-apriltags/install/image_transport/include/image_transport/image_transport/exception.hpp
[2.908s] -- Up-to-date symlink: /home/xavier/Developer/aquas-ROS-apriltags/install/image_transport/include/image_transport/image_transport/image_transport.h
[2.909s] -- Up-to-date symlink: /home/xavier/Developer/aquas-ROS-apriltags/install/image_transport/include/image_transport/image_transport/image_transport.hpp
[2.910s] -- Up-to-date symlink: /home/xavier/Developer/aquas-ROS-apriltags/install/image_transport/include/image_transport/image_transport/loader_fwds.h
[2.911s] -- Up-to-date symlink: /home/xavier/Developer/aquas-ROS-apriltags/install/image_transport/include/image_transport/image_transport/loader_fwds.hpp
[2.913s] -- Up-to-date symlink: /home/xavier/Developer/aquas-ROS-apriltags/install/image_transport/include/image_transport/image_transport/publisher.h
[2.915s] -- Up-to-date symlink: /home/xavier/Developer/aquas-ROS-apriltags/install/image_transport/include/image_transport/image_transport/publisher.hpp
[2.918s] -- Up-to-date symlink: /home/xavier/Developer/aquas-ROS-apriltags/install/image_transport/include/image_transport/image_transport/publisher_plugin.h
[2.920s] -- Up-to-date symlink: /home/xavier/Developer/aquas-ROS-apriltags/install/image_transport/include/image_transport/image_transport/publisher_plugin.hpp
[2.922s] -- Up-to-date symlink: /home/xavier/Developer/aquas-ROS-apriltags/install/image_transport/include/image_transport/image_transport/raw_publisher.h
[2.924s] -- Up-to-date symlink: /home/xavier/Developer/aquas-ROS-apriltags/install/image_transport/include/image_transport/image_transport/raw_publisher.hpp
[2.928s] -- Up-to-date symlink: /home/xavier/Developer/aquas-ROS-apriltags/install/image_transport/include/image_transport/image_transport/raw_subscriber.h
[2.929s] -- Up-to-date symlink: /home/xavier/Developer/aquas-ROS-apriltags/install/image_transport/include/image_transport/image_transport/raw_subscriber.hpp
[2.931s] -- Up-to-date symlink: /home/xavier/Developer/aquas-ROS-apriltags/install/image_transport/include/image_transport/image_transport/simple_publisher_plugin.h
[2.938s] -- Up-to-date symlink: /home/xavier/Developer/aquas-ROS-apriltags/install/image_transport/include/image_transport/image_transport/simple_publisher_plugin.hpp
[2.938s] -- Up-to-date symlink: /home/xavier/Developer/aquas-ROS-apriltags/install/image_transport/include/image_transport/image_transport/simple_subscriber_plugin.h
[2.939s] -- Up-to-date symlink: /home/xavier/Developer/aquas-ROS-apriltags/install/image_transport/include/image_transport/image_transport/simple_subscriber_plugin.hpp
[2.943s] -- Up-to-date symlink: /home/xavier/Developer/aquas-ROS-apriltags/install/image_transport/include/image_transport/image_transport/single_subscriber_publisher.h
[2.944s] -- Up-to-date symlink: /home/xavier/Developer/aquas-ROS-apriltags/install/image_transport/include/image_transport/image_transport/single_subscriber_publisher.hpp
[2.945s] -- Up-to-date symlink: /home/xavier/Developer/aquas-ROS-apriltags/install/image_transport/include/image_transport/image_transport/subscriber.h
[2.946s] -- Up-to-date symlink: /home/xavier/Developer/aquas-ROS-apriltags/install/image_transport/include/image_transport/image_transport/subscriber.hpp
[2.947s] -- Up-to-date symlink: /home/xavier/Developer/aquas-ROS-apriltags/install/image_transport/include/image_transport/image_transport/subscriber_filter.h
[2.949s] -- Up-to-date symlink: /home/xavier/Developer/aquas-ROS-apriltags/install/image_transport/include/image_transport/image_transport/subscriber_filter.hpp
[2.950s] -- Up-to-date symlink: /home/xavier/Developer/aquas-ROS-apriltags/install/image_transport/include/image_transport/image_transport/subscriber_plugin.h
[2.951s] -- Up-to-date symlink: /home/xavier/Developer/aquas-ROS-apriltags/install/image_transport/include/image_transport/image_transport/subscriber_plugin.hpp
[2.952s] -- Up-to-date symlink: /home/xavier/Developer/aquas-ROS-apriltags/install/image_transport/include/image_transport/image_transport/transport_hints.h
[2.953s] -- Up-to-date symlink: /home/xavier/Developer/aquas-ROS-apriltags/install/image_transport/include/image_transport/image_transport/transport_hints.hpp
[2.954s] -- Up-to-date symlink: /home/xavier/Developer/aquas-ROS-apriltags/install/image_transport/include/image_transport/image_transport/visibility_control.hpp
[2.955s] -- Up-to-date symlink: /home/xavier/Developer/aquas-ROS-apriltags/install/image_transport/share/ament_index/resource_index/package_run_dependencies/image_transport
[2.956s] -- Up-to-date symlink: /home/xavier/Developer/aquas-ROS-apriltags/install/image_transport/share/ament_index/resource_index/parent_prefix_path/image_transport
[2.957s] -- Up-to-date symlink: /home/xavier/Developer/aquas-ROS-apriltags/install/image_transport/share/image_transport/environment/ament_prefix_path.sh
[2.957s] -- Up-to-date symlink: /home/xavier/Developer/aquas-ROS-apriltags/install/image_transport/share/image_transport/environment/ament_prefix_path.dsv
[2.959s] -- Up-to-date symlink: /home/xavier/Developer/aquas-ROS-apriltags/install/image_transport/share/image_transport/environment/path.sh
[2.960s] -- Up-to-date symlink: /home/xavier/Developer/aquas-ROS-apriltags/install/image_transport/share/image_transport/environment/path.dsv
[2.961s] -- Up-to-date symlink: /home/xavier/Developer/aquas-ROS-apriltags/install/image_transport/share/image_transport/local_setup.bash
[2.961s] -- Up-to-date symlink: /home/xavier/Developer/aquas-ROS-apriltags/install/image_transport/share/image_transport/local_setup.sh
[2.962s] -- Up-to-date symlink: /home/xavier/Developer/aquas-ROS-apriltags/install/image_transport/share/image_transport/local_setup.zsh
[2.963s] -- Up-to-date symlink: /home/xavier/Developer/aquas-ROS-apriltags/install/image_transport/share/image_transport/local_setup.dsv
[2.964s] -- Symlinking: /home/xavier/Developer/aquas-ROS-apriltags/install/image_transport/share/image_transport/package.dsv
[3.027s] -- Up-to-date symlink: /home/xavier/Developer/aquas-ROS-apriltags/install/image_transport/share/ament_index/resource_index/packages/image_transport
[3.029s] -- Up-to-date symlink: /home/xavier/Developer/aquas-ROS-apriltags/install/image_transport/share/ament_index/resource_index/image_transport__pluginlib__plugin/image_transport
[3.030s] -- Up-to-date symlink: /home/xavier/Developer/aquas-ROS-apriltags/install/image_transport/share/image_transport/cmake/ament_cmake_export_targets-extras.cmake
[3.032s] -- Up-to-date symlink: /home/xavier/Developer/aquas-ROS-apriltags/install/image_transport/share/image_transport/cmake/ament_cmake_export_dependencies-extras.cmake
[3.034s] -- Up-to-date symlink: /home/xavier/Developer/aquas-ROS-apriltags/install/image_transport/share/image_transport/cmake/image_transportConfig.cmake
[3.035s] -- Up-to-date symlink: /home/xavier/Developer/aquas-ROS-apriltags/install/image_transport/share/image_transport/cmake/image_transportConfig-version.cmake
[3.037s] -- Up-to-date symlink: /home/xavier/Developer/aquas-ROS-apriltags/install/image_transport/share/image_transport/package.xml
[3.041s] -- Up-to-date: /home/xavier/Developer/aquas-ROS-apriltags/install/image_transport/share/image_transport/cmake/export_image_transportExport.cmake
[3.042s] -- Up-to-date: /home/xavier/Developer/aquas-ROS-apriltags/install/image_transport/share/image_transport/cmake/export_image_transportExport-noconfig.cmake
[3.063s] Invoked command in '/home/xavier/Developer/aquas-ROS-apriltags/build/image_transport' returned '0': CMAKE_PREFIX_PATH=${CMAKE_PREFIX_PATH}:/home/xavier/Developer/aquas-ROS-apriltags/install/camera_info_manager_py:/home/xavier/Developer/aquas-ROS-apriltags/install/aquas_dock_align:/home/xavier/Developer/aquas-ROS-apriltags/install/aquas_camera_bringup:/home/xavier/Developer/aquas-ROS-apriltags/install/aquas_apriltag_bringup:/opt/ros/humble /usr/bin/cmake --install /home/xavier/Developer/aquas-ROS-apriltags/build/image_transport
