[0.500s] DEBUG:colcon:Command line arguments: ['/usr/bin/colcon', 'build', '--symlink-install']
[0.501s] DEBUG:colcon:Parsed command line arguments: Namespace(log_base=None, log_level=None, verb_name='build', build_base='build', install_base='install', merge_install=False, symlink_install=True, test_result_base=None, continue_on_error=False, executor='parallel', parallel_workers=4, event_handlers=None, ignore_user_meta=False, metas=['./colcon.meta'], base_paths=['.'], packages_ignore=None, packages_ignore_regex=None, paths=None, packages_up_to=None, packages_up_to_regex=None, packages_above=None, packages_above_and_dependencies=None, packages_above_depth=None, packages_select_by_dep=None, packages_skip_by_dep=None, packages_skip_up_to=None, packages_select_build_failed=False, packages_skip_build_finished=False, packages_select_test_failures=False, packages_skip_test_passed=False, packages_select=None, packages_skip=None, packages_select_regex=None, packages_skip_regex=None, packages_start=None, packages_end=None, allow_overriding=[], cmake_args=None, cmake_target=None, cmake_target_skip_unavailable=False, cmake_clean_cache=False, cmake_clean_first=False, cmake_force_configure=False, ament_cmake_args=None, catkin_cmake_args=None, catkin_skip_building_tests=False, verb_parser=<colcon_defaults.argument_parser.defaults.DefaultArgumentsDecorator object at 0xffff8ee06b30>, verb_extension=<colcon_core.verb.build.BuildVerb object at 0xffff8effc040>, main=<bound method BuildVerb.main of <colcon_core.verb.build.BuildVerb object at 0xffff8effc040>>)
[1.394s] Level 1:colcon.colcon_core.package_discovery:discover_packages(colcon_meta) check parameters
[1.394s] Level 1:colcon.colcon_core.package_discovery:discover_packages(recursive) check parameters
[1.395s] Level 1:colcon.colcon_core.package_discovery:discover_packages(ignore) check parameters
[1.395s] Level 1:colcon.colcon_core.package_discovery:discover_packages(path) check parameters
[1.395s] Level 1:colcon.colcon_core.package_discovery:discover_packages(colcon_meta) discover
[1.395s] Level 1:colcon.colcon_core.package_discovery:discover_packages(recursive) discover
[1.395s] INFO:colcon.colcon_core.package_discovery:Crawling recursively for packages in '/home/xavier/Developer/aquas-ROS-apriltags'
[1.396s] Level 1:colcon.colcon_core.package_identification:_identify(.) by extensions ['ignore', 'ignore_ament_install']
[1.396s] Level 1:colcon.colcon_core.package_identification:_identify(.) by extension 'ignore'
[1.396s] Level 1:colcon.colcon_core.package_identification:_identify(.) by extension 'ignore_ament_install'
[1.397s] Level 1:colcon.colcon_core.package_identification:_identify(.) by extensions ['colcon_pkg']
[1.397s] Level 1:colcon.colcon_core.package_identification:_identify(.) by extension 'colcon_pkg'
[1.397s] Level 1:colcon.colcon_core.package_identification:_identify(.) by extensions ['colcon_meta']
[1.397s] Level 1:colcon.colcon_core.package_identification:_identify(.) by extension 'colcon_meta'
[1.397s] Level 1:colcon.colcon_core.package_identification:_identify(.) by extensions ['ros']
[1.398s] Level 1:colcon.colcon_core.package_identification:_identify(.) by extension 'ros'
[1.452s] Level 1:colcon.colcon_core.package_identification:_identify(.) by extensions ['cmake', 'python']
[1.453s] Level 1:colcon.colcon_core.package_identification:_identify(.) by extension 'cmake'
[1.453s] Level 1:colcon.colcon_core.package_identification:_identify(.) by extension 'python'
[1.453s] Level 1:colcon.colcon_core.package_identification:_identify(.) by extensions ['python_setup_py']
[1.453s] Level 1:colcon.colcon_core.package_identification:_identify(.) by extension 'python_setup_py'
[1.454s] Level 1:colcon.colcon_core.package_identification:_identify(build) by extensions ['ignore', 'ignore_ament_install']
[1.454s] Level 1:colcon.colcon_core.package_identification:_identify(build) by extension 'ignore'
[1.455s] Level 1:colcon.colcon_core.package_identification:_identify(build) ignored
[1.455s] Level 1:colcon.colcon_core.package_identification:_identify(install) by extensions ['ignore', 'ignore_ament_install']
[1.456s] Level 1:colcon.colcon_core.package_identification:_identify(install) by extension 'ignore'
[1.456s] Level 1:colcon.colcon_core.package_identification:_identify(install) ignored
[1.456s] Level 1:colcon.colcon_core.package_identification:_identify(log) by extensions ['ignore', 'ignore_ament_install']
[1.457s] Level 1:colcon.colcon_core.package_identification:_identify(log) by extension 'ignore'
[1.457s] Level 1:colcon.colcon_core.package_identification:_identify(log) ignored
[1.457s] Level 1:colcon.colcon_core.package_identification:_identify(src) by extensions ['ignore', 'ignore_ament_install']
[1.458s] Level 1:colcon.colcon_core.package_identification:_identify(src) by extension 'ignore'
[1.458s] Level 1:colcon.colcon_core.package_identification:_identify(src) by extension 'ignore_ament_install'
[1.458s] Level 1:colcon.colcon_core.package_identification:_identify(src) by extensions ['colcon_pkg']
[1.458s] Level 1:colcon.colcon_core.package_identification:_identify(src) by extension 'colcon_pkg'
[1.459s] Level 1:colcon.colcon_core.package_identification:_identify(src) by extensions ['colcon_meta']
[1.459s] Level 1:colcon.colcon_core.package_identification:_identify(src) by extension 'colcon_meta'
[1.459s] Level 1:colcon.colcon_core.package_identification:_identify(src) by extensions ['ros']
[1.459s] Level 1:colcon.colcon_core.package_identification:_identify(src) by extension 'ros'
[1.459s] Level 1:colcon.colcon_core.package_identification:_identify(src) by extensions ['cmake', 'python']
[1.460s] Level 1:colcon.colcon_core.package_identification:_identify(src) by extension 'cmake'
[1.460s] Level 1:colcon.colcon_core.package_identification:_identify(src) by extension 'python'
[1.460s] Level 1:colcon.colcon_core.package_identification:_identify(src) by extensions ['python_setup_py']
[1.460s] Level 1:colcon.colcon_core.package_identification:_identify(src) by extension 'python_setup_py'
[1.461s] Level 1:colcon.colcon_core.package_identification:_identify(src/apriltag_bringup) by extensions ['ignore', 'ignore_ament_install']
[1.461s] Level 1:colcon.colcon_core.package_identification:_identify(src/apriltag_bringup) by extension 'ignore'
[1.461s] Level 1:colcon.colcon_core.package_identification:_identify(src/apriltag_bringup) by extension 'ignore_ament_install'
[1.461s] Level 1:colcon.colcon_core.package_identification:_identify(src/apriltag_bringup) by extensions ['colcon_pkg']
[1.462s] Level 1:colcon.colcon_core.package_identification:_identify(src/apriltag_bringup) by extension 'colcon_pkg'
[1.462s] Level 1:colcon.colcon_core.package_identification:_identify(src/apriltag_bringup) by extensions ['colcon_meta']
[1.462s] Level 1:colcon.colcon_core.package_identification:_identify(src/apriltag_bringup) by extension 'colcon_meta'
[1.462s] Level 1:colcon.colcon_core.package_identification:_identify(src/apriltag_bringup) by extensions ['ros']
[1.462s] Level 1:colcon.colcon_core.package_identification:_identify(src/apriltag_bringup) by extension 'ros'
[1.463s] Level 1:colcon.colcon_core.package_identification:_identify(src/apriltag_bringup) by extensions ['cmake', 'python']
[1.463s] Level 1:colcon.colcon_core.package_identification:_identify(src/apriltag_bringup) by extension 'cmake'
[1.463s] Level 1:colcon.colcon_core.package_identification:_identify(src/apriltag_bringup) by extension 'python'
[1.537s] DEBUG:colcon.colcon_core.package_identification:Package 'src/apriltag_bringup' with type 'python' and name 'apriltag_bringup'
[1.537s] Level 1:colcon.colcon_core.package_identification:_identify(src/camera_bringup) by extensions ['ignore', 'ignore_ament_install']
[1.538s] Level 1:colcon.colcon_core.package_identification:_identify(src/camera_bringup) by extension 'ignore'
[1.538s] Level 1:colcon.colcon_core.package_identification:_identify(src/camera_bringup) by extension 'ignore_ament_install'
[1.539s] Level 1:colcon.colcon_core.package_identification:_identify(src/camera_bringup) by extensions ['colcon_pkg']
[1.539s] Level 1:colcon.colcon_core.package_identification:_identify(src/camera_bringup) by extension 'colcon_pkg'
[1.539s] Level 1:colcon.colcon_core.package_identification:_identify(src/camera_bringup) by extensions ['colcon_meta']
[1.539s] Level 1:colcon.colcon_core.package_identification:_identify(src/camera_bringup) by extension 'colcon_meta'
[1.539s] Level 1:colcon.colcon_core.package_identification:_identify(src/camera_bringup) by extensions ['ros']
[1.539s] Level 1:colcon.colcon_core.package_identification:_identify(src/camera_bringup) by extension 'ros'
[1.540s] Level 1:colcon.colcon_core.package_identification:_identify(src/camera_bringup) by extensions ['cmake', 'python']
[1.540s] Level 1:colcon.colcon_core.package_identification:_identify(src/camera_bringup) by extension 'cmake'
[1.540s] Level 1:colcon.colcon_core.package_identification:_identify(src/camera_bringup) by extension 'python'
[1.546s] DEBUG:colcon.colcon_core.package_identification:Package 'src/camera_bringup' with type 'python' and name 'camera_bringup'
[1.547s] Level 1:colcon.colcon_core.package_identification:_identify(src/dock_align) by extensions ['ignore', 'ignore_ament_install']
[1.547s] Level 1:colcon.colcon_core.package_identification:_identify(src/dock_align) by extension 'ignore'
[1.548s] Level 1:colcon.colcon_core.package_identification:_identify(src/dock_align) by extension 'ignore_ament_install'
[1.548s] Level 1:colcon.colcon_core.package_identification:_identify(src/dock_align) by extensions ['colcon_pkg']
[1.548s] Level 1:colcon.colcon_core.package_identification:_identify(src/dock_align) by extension 'colcon_pkg'
[1.548s] Level 1:colcon.colcon_core.package_identification:_identify(src/dock_align) by extensions ['colcon_meta']
[1.548s] Level 1:colcon.colcon_core.package_identification:_identify(src/dock_align) by extension 'colcon_meta'
[1.549s] Level 1:colcon.colcon_core.package_identification:_identify(src/dock_align) by extensions ['ros']
[1.549s] Level 1:colcon.colcon_core.package_identification:_identify(src/dock_align) by extension 'ros'
[1.549s] Level 1:colcon.colcon_core.package_identification:_identify(src/dock_align) by extensions ['cmake', 'python']
[1.549s] Level 1:colcon.colcon_core.package_identification:_identify(src/dock_align) by extension 'cmake'
[1.550s] Level 1:colcon.colcon_core.package_identification:_identify(src/dock_align) by extension 'python'
[1.555s] DEBUG:colcon.colcon_core.package_identification:Package 'src/dock_align' with type 'python' and name 'dock_align'
[1.555s] Level 1:colcon.colcon_core.package_discovery:discover_packages(recursive) using defaults
[1.556s] Level 1:colcon.colcon_core.package_discovery:discover_packages(ignore) discover
[1.556s] Level 1:colcon.colcon_core.package_discovery:discover_packages(ignore) using defaults
[1.556s] Level 1:colcon.colcon_core.package_discovery:discover_packages(path) discover
[1.556s] Level 1:colcon.colcon_core.package_discovery:discover_packages(path) using defaults
[1.664s] Level 1:colcon.colcon_core.package_discovery:discover_packages(prefix_path) check parameters
[1.664s] Level 1:colcon.colcon_core.package_discovery:discover_packages(prefix_path) discover
[1.681s] DEBUG:colcon.colcon_installed_package_information.package_discovery:Found 283 installed packages in /opt/ros/humble
[1.728s] Level 1:colcon.colcon_core.package_discovery:discover_packages(prefix_path) using defaults
[1.925s] Level 5:colcon.colcon_core.verb:set package 'apriltag_bringup' build argument 'cmake_args' from command line to 'None'
[1.925s] Level 5:colcon.colcon_core.verb:set package 'apriltag_bringup' build argument 'cmake_target' from command line to 'None'
[1.925s] Level 5:colcon.colcon_core.verb:set package 'apriltag_bringup' build argument 'cmake_target_skip_unavailable' from command line to 'False'
[1.925s] Level 5:colcon.colcon_core.verb:set package 'apriltag_bringup' build argument 'cmake_clean_cache' from command line to 'False'
[1.926s] Level 5:colcon.colcon_core.verb:set package 'apriltag_bringup' build argument 'cmake_clean_first' from command line to 'False'
[1.926s] Level 5:colcon.colcon_core.verb:set package 'apriltag_bringup' build argument 'cmake_force_configure' from command line to 'False'
[1.926s] Level 5:colcon.colcon_core.verb:set package 'apriltag_bringup' build argument 'ament_cmake_args' from command line to 'None'
[1.926s] Level 5:colcon.colcon_core.verb:set package 'apriltag_bringup' build argument 'catkin_cmake_args' from command line to 'None'
[1.926s] Level 5:colcon.colcon_core.verb:set package 'apriltag_bringup' build argument 'catkin_skip_building_tests' from command line to 'False'
[1.926s] DEBUG:colcon.colcon_core.verb:Building package 'apriltag_bringup' with the following arguments: {'ament_cmake_args': None, 'build_base': '/home/xavier/Developer/aquas-ROS-apriltags/build/apriltag_bringup', 'catkin_cmake_args': None, 'catkin_skip_building_tests': False, 'cmake_args': None, 'cmake_clean_cache': False, 'cmake_clean_first': False, 'cmake_force_configure': False, 'cmake_target': None, 'cmake_target_skip_unavailable': False, 'install_base': '/home/xavier/Developer/aquas-ROS-apriltags/install/apriltag_bringup', 'merge_install': False, 'path': '/home/xavier/Developer/aquas-ROS-apriltags/src/apriltag_bringup', 'symlink_install': True, 'test_result_base': None}
[1.928s] Level 5:colcon.colcon_core.verb:set package 'camera_bringup' build argument 'cmake_args' from command line to 'None'
[1.928s] Level 5:colcon.colcon_core.verb:set package 'camera_bringup' build argument 'cmake_target' from command line to 'None'
[1.928s] Level 5:colcon.colcon_core.verb:set package 'camera_bringup' build argument 'cmake_target_skip_unavailable' from command line to 'False'
[1.928s] Level 5:colcon.colcon_core.verb:set package 'camera_bringup' build argument 'cmake_clean_cache' from command line to 'False'
[1.928s] Level 5:colcon.colcon_core.verb:set package 'camera_bringup' build argument 'cmake_clean_first' from command line to 'False'
[1.929s] Level 5:colcon.colcon_core.verb:set package 'camera_bringup' build argument 'cmake_force_configure' from command line to 'False'
[1.929s] Level 5:colcon.colcon_core.verb:set package 'camera_bringup' build argument 'ament_cmake_args' from command line to 'None'
[1.929s] Level 5:colcon.colcon_core.verb:set package 'camera_bringup' build argument 'catkin_cmake_args' from command line to 'None'
[1.929s] Level 5:colcon.colcon_core.verb:set package 'camera_bringup' build argument 'catkin_skip_building_tests' from command line to 'False'
[1.929s] DEBUG:colcon.colcon_core.verb:Building package 'camera_bringup' with the following arguments: {'ament_cmake_args': None, 'build_base': '/home/xavier/Developer/aquas-ROS-apriltags/build/camera_bringup', 'catkin_cmake_args': None, 'catkin_skip_building_tests': False, 'cmake_args': None, 'cmake_clean_cache': False, 'cmake_clean_first': False, 'cmake_force_configure': False, 'cmake_target': None, 'cmake_target_skip_unavailable': False, 'install_base': '/home/xavier/Developer/aquas-ROS-apriltags/install/camera_bringup', 'merge_install': False, 'path': '/home/xavier/Developer/aquas-ROS-apriltags/src/camera_bringup', 'symlink_install': True, 'test_result_base': None}
[1.931s] Level 5:colcon.colcon_core.verb:set package 'dock_align' build argument 'cmake_args' from command line to 'None'
[1.931s] Level 5:colcon.colcon_core.verb:set package 'dock_align' build argument 'cmake_target' from command line to 'None'
[1.931s] Level 5:colcon.colcon_core.verb:set package 'dock_align' build argument 'cmake_target_skip_unavailable' from command line to 'False'
[1.931s] Level 5:colcon.colcon_core.verb:set package 'dock_align' build argument 'cmake_clean_cache' from command line to 'False'
[1.931s] Level 5:colcon.colcon_core.verb:set package 'dock_align' build argument 'cmake_clean_first' from command line to 'False'
[1.931s] Level 5:colcon.colcon_core.verb:set package 'dock_align' build argument 'cmake_force_configure' from command line to 'False'
[1.931s] Level 5:colcon.colcon_core.verb:set package 'dock_align' build argument 'ament_cmake_args' from command line to 'None'
[1.932s] Level 5:colcon.colcon_core.verb:set package 'dock_align' build argument 'catkin_cmake_args' from command line to 'None'
[1.932s] Level 5:colcon.colcon_core.verb:set package 'dock_align' build argument 'catkin_skip_building_tests' from command line to 'False'
[1.932s] DEBUG:colcon.colcon_core.verb:Building package 'dock_align' with the following arguments: {'ament_cmake_args': None, 'build_base': '/home/xavier/Developer/aquas-ROS-apriltags/build/dock_align', 'catkin_cmake_args': None, 'catkin_skip_building_tests': False, 'cmake_args': None, 'cmake_clean_cache': False, 'cmake_clean_first': False, 'cmake_force_configure': False, 'cmake_target': None, 'cmake_target_skip_unavailable': False, 'install_base': '/home/xavier/Developer/aquas-ROS-apriltags/install/dock_align', 'merge_install': False, 'path': '/home/xavier/Developer/aquas-ROS-apriltags/src/dock_align', 'symlink_install': True, 'test_result_base': None}
[1.932s] INFO:colcon.colcon_core.executor:Executing jobs using 'parallel' executor
[1.936s] DEBUG:colcon.colcon_parallel_executor.executor.parallel:run_until_complete
[1.938s] INFO:colcon.colcon_core.task.python.build:Building Python package in '/home/xavier/Developer/aquas-ROS-apriltags/src/apriltag_bringup'
[1.948s] INFO:colcon.colcon_core.plugin_system:Skipping extension 'colcon_core.shell.bat': Not used on non-Windows systems
[1.949s] INFO:colcon.colcon_core.shell:Skip shell extension 'powershell' for command environment: Not usable outside of PowerShell
[1.949s] DEBUG:colcon.colcon_core.shell:Skip shell extension 'dsv' for command environment
[1.968s] INFO:colcon.colcon_core.task.python.build:Building Python package in '/home/xavier/Developer/aquas-ROS-apriltags/src/camera_bringup'
[1.970s] INFO:colcon.colcon_core.shell:Skip shell extension 'powershell' for command environment: Not usable outside of PowerShell
[1.970s] DEBUG:colcon.colcon_core.shell:Skip shell extension 'dsv' for command environment
[1.989s] INFO:colcon.colcon_core.task.python.build:Building Python package in '/home/xavier/Developer/aquas-ROS-apriltags/src/dock_align'
[1.990s] INFO:colcon.colcon_core.shell:Skip shell extension 'powershell' for command environment: Not usable outside of PowerShell
[1.991s] DEBUG:colcon.colcon_core.shell:Skip shell extension 'dsv' for command environment
[4.258s] DEBUG:colcon.colcon_core.event_handler.log_command:Invoking command in '/home/xavier/Developer/aquas-ROS-apriltags/build/camera_bringup': PYTHONPATH=/home/xavier/Developer/aquas-ROS-apriltags/build/camera_bringup/prefix_override:/usr/lib/python3/dist-packages/colcon_core/task/python/colcon_distutils_commands:/home/xavier/Developer/aquas-ROS-apriltags/install/camera_bringup/lib/python3.10/site-packages:${PYTHONPATH} /usr/bin/python3 -W ignore:setup.py install is deprecated -W ignore:easy_install command is deprecated setup.py develop --editable --build-directory /home/xavier/Developer/aquas-ROS-apriltags/build/camera_bringup/build --no-deps
[4.287s] DEBUG:colcon.colcon_core.event_handler.log_command:Invoking command in '/home/xavier/Developer/aquas-ROS-apriltags/build/apriltag_bringup': PYTHONPATH=/home/xavier/Developer/aquas-ROS-apriltags/build/apriltag_bringup/prefix_override:/usr/lib/python3/dist-packages/colcon_core/task/python/colcon_distutils_commands:/home/xavier/Developer/aquas-ROS-apriltags/install/apriltag_bringup/lib/python3.10/site-packages:${PYTHONPATH} /usr/bin/python3 -W ignore:setup.py install is deprecated -W ignore:easy_install command is deprecated setup.py develop --editable --build-directory /home/xavier/Developer/aquas-ROS-apriltags/build/apriltag_bringup/build --no-deps
[4.295s] DEBUG:colcon.colcon_core.event_handler.log_command:Invoking command in '/home/xavier/Developer/aquas-ROS-apriltags/build/dock_align': PYTHONPATH=/home/xavier/Developer/aquas-ROS-apriltags/build/dock_align/prefix_override:/usr/lib/python3/dist-packages/colcon_core/task/python/colcon_distutils_commands:/home/xavier/Developer/aquas-ROS-apriltags/install/dock_align/lib/python3.10/site-packages:${PYTHONPATH} /usr/bin/python3 -W ignore:setup.py install is deprecated -W ignore:easy_install command is deprecated setup.py develop --editable --build-directory /home/xavier/Developer/aquas-ROS-apriltags/build/dock_align/build --no-deps
[7.451s] Level 1:colcon.colcon_core.shell:create_environment_hook('apriltag_bringup', 'pythonpath_develop')
[7.453s] INFO:colcon.colcon_core.shell:Creating environment hook '/home/xavier/Developer/aquas-ROS-apriltags/build/apriltag_bringup/share/apriltag_bringup/hook/pythonpath_develop.ps1'
[7.457s] DEBUG:colcon.colcon_core.event_handler.log_command:Invoked command in '/home/xavier/Developer/aquas-ROS-apriltags/build/apriltag_bringup' returned '0': PYTHONPATH=/home/xavier/Developer/aquas-ROS-apriltags/build/apriltag_bringup/prefix_override:/usr/lib/python3/dist-packages/colcon_core/task/python/colcon_distutils_commands:/home/xavier/Developer/aquas-ROS-apriltags/install/apriltag_bringup/lib/python3.10/site-packages:${PYTHONPATH} /usr/bin/python3 -W ignore:setup.py install is deprecated -W ignore:easy_install command is deprecated setup.py develop --editable --build-directory /home/xavier/Developer/aquas-ROS-apriltags/build/apriltag_bringup/build --no-deps
[7.467s] INFO:colcon.colcon_core.shell:Creating environment descriptor '/home/xavier/Developer/aquas-ROS-apriltags/build/apriltag_bringup/share/apriltag_bringup/hook/pythonpath_develop.dsv'
[7.473s] INFO:colcon.colcon_core.shell:Creating environment hook '/home/xavier/Developer/aquas-ROS-apriltags/build/apriltag_bringup/share/apriltag_bringup/hook/pythonpath_develop.sh'
[7.513s] Level 1:colcon.colcon_core.environment:checking '/home/xavier/Developer/aquas-ROS-apriltags/install/apriltag_bringup' for CMake module files
[7.515s] Level 1:colcon.colcon_core.environment:checking '/home/xavier/Developer/aquas-ROS-apriltags/install/apriltag_bringup' for CMake config files
[7.518s] Level 1:colcon.colcon_core.environment:checking '/home/xavier/Developer/aquas-ROS-apriltags/install/apriltag_bringup/lib'
[7.519s] Level 1:colcon.colcon_core.environment:checking '/home/xavier/Developer/aquas-ROS-apriltags/install/apriltag_bringup/bin'
[7.519s] Level 1:colcon.colcon_core.environment:checking '/home/xavier/Developer/aquas-ROS-apriltags/install/apriltag_bringup/lib/pkgconfig/apriltag_bringup.pc'
[7.520s] Level 1:colcon.colcon_core.environment:checking '/home/xavier/Developer/aquas-ROS-apriltags/install/apriltag_bringup/lib/python3.10/site-packages'
[7.521s] Level 1:colcon.colcon_core.shell:create_environment_hook('apriltag_bringup', 'pythonpath')
[7.522s] INFO:colcon.colcon_core.shell:Creating environment hook '/home/xavier/Developer/aquas-ROS-apriltags/install/apriltag_bringup/share/apriltag_bringup/hook/pythonpath.ps1'
[7.525s] INFO:colcon.colcon_core.shell:Creating environment descriptor '/home/xavier/Developer/aquas-ROS-apriltags/install/apriltag_bringup/share/apriltag_bringup/hook/pythonpath.dsv'
[7.526s] INFO:colcon.colcon_core.shell:Creating environment hook '/home/xavier/Developer/aquas-ROS-apriltags/install/apriltag_bringup/share/apriltag_bringup/hook/pythonpath.sh'
[7.530s] Level 1:colcon.colcon_core.environment:checking '/home/xavier/Developer/aquas-ROS-apriltags/install/apriltag_bringup/bin'
[7.531s] Level 1:colcon.colcon_core.environment:create_environment_scripts_only(apriltag_bringup)
[7.532s] INFO:colcon.colcon_core.shell:Creating package script '/home/xavier/Developer/aquas-ROS-apriltags/install/apriltag_bringup/share/apriltag_bringup/package.ps1'
[7.539s] INFO:colcon.colcon_core.shell:Creating package descriptor '/home/xavier/Developer/aquas-ROS-apriltags/install/apriltag_bringup/share/apriltag_bringup/package.dsv'
[7.543s] INFO:colcon.colcon_core.shell:Creating package script '/home/xavier/Developer/aquas-ROS-apriltags/install/apriltag_bringup/share/apriltag_bringup/package.sh'
[7.548s] INFO:colcon.colcon_core.shell:Creating package script '/home/xavier/Developer/aquas-ROS-apriltags/install/apriltag_bringup/share/apriltag_bringup/package.bash'
[7.552s] INFO:colcon.colcon_core.shell:Creating package script '/home/xavier/Developer/aquas-ROS-apriltags/install/apriltag_bringup/share/apriltag_bringup/package.zsh'
[7.557s] Level 1:colcon.colcon_core.environment:create_file_with_runtime_dependencies(/home/xavier/Developer/aquas-ROS-apriltags/install/apriltag_bringup/share/colcon-core/packages/apriltag_bringup)
[7.562s] Level 1:colcon.colcon_core.shell:create_environment_hook('camera_bringup', 'pythonpath_develop')
[7.563s] INFO:colcon.colcon_core.shell:Creating environment hook '/home/xavier/Developer/aquas-ROS-apriltags/build/camera_bringup/share/camera_bringup/hook/pythonpath_develop.ps1'
[7.567s] DEBUG:colcon.colcon_core.event_handler.log_command:Invoked command in '/home/xavier/Developer/aquas-ROS-apriltags/build/camera_bringup' returned '0': PYTHONPATH=/home/xavier/Developer/aquas-ROS-apriltags/build/camera_bringup/prefix_override:/usr/lib/python3/dist-packages/colcon_core/task/python/colcon_distutils_commands:/home/xavier/Developer/aquas-ROS-apriltags/install/camera_bringup/lib/python3.10/site-packages:${PYTHONPATH} /usr/bin/python3 -W ignore:setup.py install is deprecated -W ignore:easy_install command is deprecated setup.py develop --editable --build-directory /home/xavier/Developer/aquas-ROS-apriltags/build/camera_bringup/build --no-deps
[7.568s] INFO:colcon.colcon_core.shell:Creating environment descriptor '/home/xavier/Developer/aquas-ROS-apriltags/build/camera_bringup/share/camera_bringup/hook/pythonpath_develop.dsv'
[7.571s] INFO:colcon.colcon_core.shell:Creating environment hook '/home/xavier/Developer/aquas-ROS-apriltags/build/camera_bringup/share/camera_bringup/hook/pythonpath_develop.sh'
[7.575s] Level 1:colcon.colcon_core.environment:checking '/home/xavier/Developer/aquas-ROS-apriltags/install/camera_bringup' for CMake module files
[7.577s] Level 1:colcon.colcon_core.environment:checking '/home/xavier/Developer/aquas-ROS-apriltags/install/camera_bringup' for CMake config files
[7.579s] Level 1:colcon.colcon_core.environment:checking '/home/xavier/Developer/aquas-ROS-apriltags/install/camera_bringup/lib'
[7.579s] Level 1:colcon.colcon_core.environment:checking '/home/xavier/Developer/aquas-ROS-apriltags/install/camera_bringup/bin'
[7.579s] Level 1:colcon.colcon_core.environment:checking '/home/xavier/Developer/aquas-ROS-apriltags/install/camera_bringup/lib/pkgconfig/camera_bringup.pc'
[7.580s] Level 1:colcon.colcon_core.environment:checking '/home/xavier/Developer/aquas-ROS-apriltags/install/camera_bringup/lib/python3.10/site-packages'
[7.581s] Level 1:colcon.colcon_core.shell:create_environment_hook('camera_bringup', 'pythonpath')
[7.582s] INFO:colcon.colcon_core.shell:Creating environment hook '/home/xavier/Developer/aquas-ROS-apriltags/install/camera_bringup/share/camera_bringup/hook/pythonpath.ps1'
[7.584s] INFO:colcon.colcon_core.shell:Creating environment descriptor '/home/xavier/Developer/aquas-ROS-apriltags/install/camera_bringup/share/camera_bringup/hook/pythonpath.dsv'
[7.586s] INFO:colcon.colcon_core.shell:Creating environment hook '/home/xavier/Developer/aquas-ROS-apriltags/install/camera_bringup/share/camera_bringup/hook/pythonpath.sh'
[7.590s] Level 1:colcon.colcon_core.environment:checking '/home/xavier/Developer/aquas-ROS-apriltags/install/camera_bringup/bin'
[7.590s] Level 1:colcon.colcon_core.environment:create_environment_scripts_only(camera_bringup)
[7.592s] INFO:colcon.colcon_core.shell:Creating package script '/home/xavier/Developer/aquas-ROS-apriltags/install/camera_bringup/share/camera_bringup/package.ps1'
[7.594s] INFO:colcon.colcon_core.shell:Creating package descriptor '/home/xavier/Developer/aquas-ROS-apriltags/install/camera_bringup/share/camera_bringup/package.dsv'
[7.596s] INFO:colcon.colcon_core.shell:Creating package script '/home/xavier/Developer/aquas-ROS-apriltags/install/camera_bringup/share/camera_bringup/package.sh'
[7.598s] INFO:colcon.colcon_core.shell:Creating package script '/home/xavier/Developer/aquas-ROS-apriltags/install/camera_bringup/share/camera_bringup/package.bash'
[7.600s] INFO:colcon.colcon_core.shell:Creating package script '/home/xavier/Developer/aquas-ROS-apriltags/install/camera_bringup/share/camera_bringup/package.zsh'
[7.602s] Level 1:colcon.colcon_core.environment:create_file_with_runtime_dependencies(/home/xavier/Developer/aquas-ROS-apriltags/install/camera_bringup/share/colcon-core/packages/camera_bringup)
[7.604s] Level 1:colcon.colcon_core.shell:create_environment_hook('dock_align', 'pythonpath_develop')
[7.606s] INFO:colcon.colcon_core.shell:Creating environment hook '/home/xavier/Developer/aquas-ROS-apriltags/build/dock_align/share/dock_align/hook/pythonpath_develop.ps1'
[7.609s] DEBUG:colcon.colcon_core.event_handler.log_command:Invoked command in '/home/xavier/Developer/aquas-ROS-apriltags/build/dock_align' returned '0': PYTHONPATH=/home/xavier/Developer/aquas-ROS-apriltags/build/dock_align/prefix_override:/usr/lib/python3/dist-packages/colcon_core/task/python/colcon_distutils_commands:/home/xavier/Developer/aquas-ROS-apriltags/install/dock_align/lib/python3.10/site-packages:${PYTHONPATH} /usr/bin/python3 -W ignore:setup.py install is deprecated -W ignore:easy_install command is deprecated setup.py develop --editable --build-directory /home/xavier/Developer/aquas-ROS-apriltags/build/dock_align/build --no-deps
[7.610s] INFO:colcon.colcon_core.shell:Creating environment descriptor '/home/xavier/Developer/aquas-ROS-apriltags/build/dock_align/share/dock_align/hook/pythonpath_develop.dsv'
[7.613s] INFO:colcon.colcon_core.shell:Creating environment hook '/home/xavier/Developer/aquas-ROS-apriltags/build/dock_align/share/dock_align/hook/pythonpath_develop.sh'
[7.616s] Level 1:colcon.colcon_core.environment:checking '/home/xavier/Developer/aquas-ROS-apriltags/install/dock_align' for CMake module files
[7.618s] Level 1:colcon.colcon_core.environment:checking '/home/xavier/Developer/aquas-ROS-apriltags/install/dock_align' for CMake config files
[7.619s] Level 1:colcon.colcon_core.environment:checking '/home/xavier/Developer/aquas-ROS-apriltags/install/dock_align/lib'
[7.620s] Level 1:colcon.colcon_core.environment:checking '/home/xavier/Developer/aquas-ROS-apriltags/install/dock_align/bin'
[7.620s] Level 1:colcon.colcon_core.environment:checking '/home/xavier/Developer/aquas-ROS-apriltags/install/dock_align/lib/pkgconfig/dock_align.pc'
[7.621s] Level 1:colcon.colcon_core.environment:checking '/home/xavier/Developer/aquas-ROS-apriltags/install/dock_align/lib/python3.10/site-packages'
[7.622s] Level 1:colcon.colcon_core.shell:create_environment_hook('dock_align', 'pythonpath')
[7.623s] INFO:colcon.colcon_core.shell:Creating environment hook '/home/xavier/Developer/aquas-ROS-apriltags/install/dock_align/share/dock_align/hook/pythonpath.ps1'
[7.625s] INFO:colcon.colcon_core.shell:Creating environment descriptor '/home/xavier/Developer/aquas-ROS-apriltags/install/dock_align/share/dock_align/hook/pythonpath.dsv'
[7.627s] INFO:colcon.colcon_core.shell:Creating environment hook '/home/xavier/Developer/aquas-ROS-apriltags/install/dock_align/share/dock_align/hook/pythonpath.sh'
[7.631s] Level 1:colcon.colcon_core.environment:checking '/home/xavier/Developer/aquas-ROS-apriltags/install/dock_align/bin'
[7.631s] Level 1:colcon.colcon_core.environment:create_environment_scripts_only(dock_align)
[7.633s] INFO:colcon.colcon_core.shell:Creating package script '/home/xavier/Developer/aquas-ROS-apriltags/install/dock_align/share/dock_align/package.ps1'
[7.635s] INFO:colcon.colcon_core.shell:Creating package descriptor '/home/xavier/Developer/aquas-ROS-apriltags/install/dock_align/share/dock_align/package.dsv'
[7.638s] INFO:colcon.colcon_core.shell:Creating package script '/home/xavier/Developer/aquas-ROS-apriltags/install/dock_align/share/dock_align/package.sh'
[7.640s] INFO:colcon.colcon_core.shell:Creating package script '/home/xavier/Developer/aquas-ROS-apriltags/install/dock_align/share/dock_align/package.bash'
[7.642s] INFO:colcon.colcon_core.shell:Creating package script '/home/xavier/Developer/aquas-ROS-apriltags/install/dock_align/share/dock_align/package.zsh'
[7.643s] Level 1:colcon.colcon_core.environment:create_file_with_runtime_dependencies(/home/xavier/Developer/aquas-ROS-apriltags/install/dock_align/share/colcon-core/packages/dock_align)
[7.645s] DEBUG:colcon.colcon_parallel_executor.executor.parallel:closing loop
[7.646s] DEBUG:colcon.colcon_parallel_executor.executor.parallel:loop closed
[7.647s] DEBUG:colcon.colcon_parallel_executor.executor.parallel:run_until_complete finished with '0'
[7.647s] DEBUG:colcon.colcon_core.event_reactor:joining thread
[7.671s] INFO:colcon.colcon_core.plugin_system:Skipping extension 'colcon_notification.desktop_notification.terminal_notifier': Not used on non-Darwin systems
[7.671s] INFO:colcon.colcon_core.plugin_system:Skipping extension 'colcon_notification.desktop_notification.win32': Not used on non-Windows systems
[7.671s] INFO:colcon.colcon_notification.desktop_notification:Sending desktop notification using 'notify2'
[7.729s] DEBUG:colcon.colcon_core.event_reactor:joined thread
[7.731s] INFO:colcon.colcon_core.shell:Creating prefix script '/home/xavier/Developer/aquas-ROS-apriltags/install/local_setup.ps1'
[7.735s] INFO:colcon.colcon_core.shell:Creating prefix util module '/home/xavier/Developer/aquas-ROS-apriltags/install/_local_setup_util_ps1.py'
[7.743s] INFO:colcon.colcon_core.shell:Creating prefix chain script '/home/xavier/Developer/aquas-ROS-apriltags/install/setup.ps1'
[7.748s] INFO:colcon.colcon_core.shell:Creating prefix script '/home/xavier/Developer/aquas-ROS-apriltags/install/local_setup.sh'
[7.753s] INFO:colcon.colcon_core.shell:Creating prefix util module '/home/xavier/Developer/aquas-ROS-apriltags/install/_local_setup_util_sh.py'
[7.758s] INFO:colcon.colcon_core.shell:Creating prefix chain script '/home/xavier/Developer/aquas-ROS-apriltags/install/setup.sh'
[7.763s] INFO:colcon.colcon_core.shell:Creating prefix script '/home/xavier/Developer/aquas-ROS-apriltags/install/local_setup.bash'
[7.766s] INFO:colcon.colcon_core.shell:Creating prefix chain script '/home/xavier/Developer/aquas-ROS-apriltags/install/setup.bash'
[7.772s] INFO:colcon.colcon_core.shell:Creating prefix script '/home/xavier/Developer/aquas-ROS-apriltags/install/local_setup.zsh'
[7.775s] INFO:colcon.colcon_core.shell:Creating prefix chain script '/home/xavier/Developer/aquas-ROS-apriltags/install/setup.zsh'
