[0.146s] Invoking command in '/home/xavier/Developer/aquas-ROS-apriltags/build/camera_calibration_parsers': CMAKE_PREFIX_PATH=/opt/ros/humble /usr/bin/cmake /home/xavier/Developer/aquas-ROS-apriltags/src/image_common/camera_calibration_parsers -DAMENT_CMAKE_SYMLINK_INSTALL=1 -DCMAKE_INSTALL_PREFIX=/home/xavier/Developer/aquas-ROS-apriltags/install/camera_calibration_parsers
[1.421s] -- The C compiler identification is GNU 11.4.0
[2.373s] -- The CXX compiler identification is GNU 11.4.0
[2.416s] -- Detecting C compiler ABI info
[2.870s] -- Detecting C compiler ABI info - done
[2.906s] -- Check for working C compiler: /usr/bin/cc - skipped
[2.907s] -- Detecting C compile features
[2.910s] -- Detecting C compile features - done
[2.939s] -- Detecting CXX compiler ABI info
[3.455s] -- Detecting CXX compiler ABI info - done
[3.494s] -- Check for working CXX compiler: /usr/bin/c++ - skipped
[3.496s] -- Detecting CXX compile features
[3.499s] -- Detecting CXX compile features - done
[3.540s] -- Found ament_cmake_ros: 0.10.0 (/opt/ros/humble/share/ament_cmake_ros/cmake)
[5.269s] -- Found Python3: /usr/bin/python3 (found version "3.10.12") found components: Interpreter 
[5.814s] -- Override CMake install command with custom implementation using symlinks instead of copying resources
[6.362s] -- Found rclcpp: 16.0.17 (/opt/ros/humble/share/rclcpp/cmake)
[7.060s] -- Found rosidl_generator_c: 3.1.8 (/opt/ros/humble/share/rosidl_generator_c/cmake)
[7.137s] -- Found rosidl_adapter: 3.1.8 (/opt/ros/humble/share/rosidl_adapter/cmake)
[7.245s] -- Found rosidl_generator_cpp: 3.1.8 (/opt/ros/humble/share/rosidl_generator_cpp/cmake)
[7.397s] -- Using all available rosidl_typesupport_c: rosidl_typesupport_fastrtps_c;rosidl_typesupport_introspection_c
[7.601s] -- Using all available rosidl_typesupport_cpp: rosidl_typesupport_fastrtps_cpp;rosidl_typesupport_introspection_cpp
[8.125s] -- Found rmw_implementation_cmake: 6.1.2 (/opt/ros/humble/share/rmw_implementation_cmake/cmake)
[8.165s] -- Found rmw_fastrtps_cpp: 6.2.9 (/opt/ros/humble/share/rmw_fastrtps_cpp/cmake)
[9.296s] -- Found OpenSSL: /usr/lib/aarch64-linux-gnu/libcrypto.so (found version "3.0.2")  
[9.823s] -- Found FastRTPS: /opt/ros/humble/include  
[11.119s] -- Using RMW implementation 'rmw_fastrtps_cpp' as default
[11.349s] -- Looking for pthread.h
[12.265s] -- Looking for pthread.h - found
[12.268s] -- Performing Test CMAKE_HAVE_LIBC_PTHREAD
[13.336s] -- Performing Test CMAKE_HAVE_LIBC_PTHREAD - Success
[13.352s] -- Found Threads: TRUE  
[14.436s] -- Found sensor_msgs: 4.9.0 (/opt/ros/humble/share/sensor_msgs/cmake)
[15.043s] -- Found yaml_cpp_vendor: 8.0.2 (/opt/ros/humble/share/yaml_cpp_vendor/cmake)
[15.195s] -- Found ament_cmake_cppcheck: 0.12.14 (/opt/ros/humble/share/ament_cmake_cppcheck/cmake)
[15.256s] -- Found ament_cmake_cpplint: 0.12.14 (/opt/ros/humble/share/ament_cmake_cpplint/cmake)
[15.308s] -- Found ament_cmake_lint_cmake: 0.12.14 (/opt/ros/humble/share/ament_cmake_lint_cmake/cmake)
[15.383s] -- Found ament_cmake_uncrustify: 0.12.14 (/opt/ros/humble/share/ament_cmake_uncrustify/cmake)
[15.486s] -- Found gtest sources under '/opt/ros/humble/src/gtest_vendor': C++ tests using 'Google Test' will be built
[16.534s] -- Configuring done
[16.748s] -- Generating done
[16.808s] -- Build files have been written to: /home/xavier/Developer/aquas-ROS-apriltags/build/camera_calibration_parsers
[16.878s] Invoked command in '/home/xavier/Developer/aquas-ROS-apriltags/build/camera_calibration_parsers' returned '0': CMAKE_PREFIX_PATH=/opt/ros/humble /usr/bin/cmake /home/xavier/Developer/aquas-ROS-apriltags/src/image_common/camera_calibration_parsers -DAMENT_CMAKE_SYMLINK_INSTALL=1 -DCMAKE_INSTALL_PREFIX=/home/xavier/Developer/aquas-ROS-apriltags/install/camera_calibration_parsers
[16.903s] Invoking command in '/home/xavier/Developer/aquas-ROS-apriltags/build/camera_calibration_parsers': CMAKE_PREFIX_PATH=/opt/ros/humble /usr/bin/cmake --build /home/xavier/Developer/aquas-ROS-apriltags/build/camera_calibration_parsers -- -j4 -l4
[17.435s] [  7%] [32mBuilding CXX object CMakeFiles/camera_calibration_parsers.dir/src/parse.cpp.o[0m
[17.439s] [ 14%] [32mBuilding CXX object CMakeFiles/camera_calibration_parsers.dir/src/parse_ini.cpp.o[0m
[17.473s] [ 21%] [32mBuilding CXX object gtest/CMakeFiles/gtest.dir/src/gtest-all.cc.o[0m
[17.562s] [ 28%] [32mBuilding CXX object gtest/CMakeFiles/gtest_main.dir/src/gtest_main.cc.o[0m
[34.262s] [ 35%] [32m[1mLinking CXX static library libgtest_main.a[0m
[34.950s] [ 35%] Built target gtest_main
