[0.137s] Invoking command in '/home/xavier/Developer/aquas-ROS-apriltags/build/apriltag': CMAKE_PREFIX_PATH=${CMAKE_PREFIX_PATH}:/home/xavier/Developer/aquas-ROS-apriltags/install/camera_info_manager_py:/home/xavier/Developer/aquas-ROS-apriltags/install/aquas_dock_align:/home/xavier/Developer/aquas-ROS-apriltags/install/aquas_camera_bringup:/home/xavier/Developer/aquas-ROS-apriltags/install/aquas_apriltag_bringup:/opt/ros/humble /usr/bin/cmake --build /home/xavier/Developer/aquas-ROS-apriltags/build/apriltag -- -j4 -l4
[0.618s] [  2%] [34m[1mGenerating apriltag_detect_docstring.h, apriltag_detect_docstring.cxx[0m
[0.649s] [ 81%] Built target apriltag
[0.678s] [ 83%] [34m[1mGenerating apriltag_estimate_tag_pose_docstring.h, apriltag_estimate_tag_pose_docstring.cxx[0m
[0.681s] [ 86%] [34m[1mGenerating apriltag_py_type_docstring.h, apriltag_py_type_docstring.cxx[0m
[1.062s] [ 90%] Built target apriltag_demo
[1.152s] [ 90%] Built target apriltag_py_docstrings
[1.268s] [ 95%] Built target opencv_demo
[1.373s] [35m[1mConsolidate compiler generated dependencies of target apriltag.cpython-310-aarch64-linux-gnu[0m
[1.526s] [ 97%] [32mBuilding C object CMakeFiles/apriltag.cpython-310-aarch64-linux-gnu.dir/apriltag_pywrap.c.o[0m
[2.891s] [100%] [32m[1mLinking C shared module apriltag.cpython-310-aarch64-linux-gnu.so[0m
[3.143s] [100%] Built target apriltag.cpython-310-aarch64-linux-gnu
[3.333s] Invoked command in '/home/xavier/Developer/aquas-ROS-apriltags/build/apriltag' returned '0': CMAKE_PREFIX_PATH=${CMAKE_PREFIX_PATH}:/home/xavier/Developer/aquas-ROS-apriltags/install/camera_info_manager_py:/home/xavier/Developer/aquas-ROS-apriltags/install/aquas_dock_align:/home/xavier/Developer/aquas-ROS-apriltags/install/aquas_camera_bringup:/home/xavier/Developer/aquas-ROS-apriltags/install/aquas_apriltag_bringup:/opt/ros/humble /usr/bin/cmake --build /home/xavier/Developer/aquas-ROS-apriltags/build/apriltag -- -j4 -l4
[3.338s] Invoking command in '/home/xavier/Developer/aquas-ROS-apriltags/build/apriltag': CMAKE_PREFIX_PATH=${CMAKE_PREFIX_PATH}:/home/xavier/Developer/aquas-ROS-apriltags/install/camera_info_manager_py:/home/xavier/Developer/aquas-ROS-apriltags/install/aquas_dock_align:/home/xavier/Developer/aquas-ROS-apriltags/install/aquas_camera_bringup:/home/xavier/Developer/aquas-ROS-apriltags/install/aquas_apriltag_bringup:/opt/ros/humble /usr/bin/cmake --install /home/xavier/Developer/aquas-ROS-apriltags/build/apriltag
[3.429s] -- Install configuration: "Release"
[3.429s] -- Up-to-date: /home/xavier/Developer/aquas-ROS-apriltags/install/apriltag/include/apriltag/apriltag.h
[3.430s] -- Up-to-date: /home/xavier/Developer/aquas-ROS-apriltags/install/apriltag/include/apriltag/apriltag_math.h
[3.430s] -- Up-to-date: /home/xavier/Developer/aquas-ROS-apriltags/install/apriltag/include/apriltag/apriltag_pose.h
[3.431s] -- Up-to-date: /home/xavier/Developer/aquas-ROS-apriltags/install/apriltag/include/apriltag/common/debug_print.h
[3.432s] -- Up-to-date: /home/xavier/Developer/aquas-ROS-apriltags/install/apriltag/include/apriltag/common/doubles.h
[3.432s] -- Up-to-date: /home/xavier/Developer/aquas-ROS-apriltags/install/apriltag/include/apriltag/common/doubles_floats_impl.h
[3.433s] -- Up-to-date: /home/xavier/Developer/aquas-ROS-apriltags/install/apriltag/include/apriltag/common/floats.h
[3.434s] -- Up-to-date: /home/xavier/Developer/aquas-ROS-apriltags/install/apriltag/include/apriltag/common/g2d.h
[3.435s] -- Up-to-date: /home/xavier/Developer/aquas-ROS-apriltags/install/apriltag/include/apriltag/common/getopt.h
[3.436s] -- Up-to-date: /home/xavier/Developer/aquas-ROS-apriltags/install/apriltag/include/apriltag/common/homography.h
[3.436s] -- Up-to-date: /home/xavier/Developer/aquas-ROS-apriltags/install/apriltag/include/apriltag/common/image_types.h
[3.437s] -- Up-to-date: /home/xavier/Developer/aquas-ROS-apriltags/install/apriltag/include/apriltag/common/image_u8.h
[3.438s] -- Up-to-date: /home/xavier/Developer/aquas-ROS-apriltags/install/apriltag/include/apriltag/common/image_u8_parallel.h
[3.438s] -- Up-to-date: /home/xavier/Developer/aquas-ROS-apriltags/install/apriltag/include/apriltag/common/image_u8x3.h
[3.438s] -- Up-to-date: /home/xavier/Developer/aquas-ROS-apriltags/install/apriltag/include/apriltag/common/image_u8x4.h
[3.439s] -- Up-to-date: /home/xavier/Developer/aquas-ROS-apriltags/install/apriltag/include/apriltag/common/matd.h
[3.450s] -- Up-to-date: /home/xavier/Developer/aquas-ROS-apriltags/install/apriltag/include/apriltag/common/math_util.h
[3.450s] -- Up-to-date: /home/xavier/Developer/aquas-ROS-apriltags/install/apriltag/include/apriltag/common/pam.h
[3.451s] -- Up-to-date: /home/xavier/Developer/aquas-ROS-apriltags/install/apriltag/include/apriltag/common/pjpeg.h
[3.452s] -- Up-to-date: /home/xavier/Developer/aquas-ROS-apriltags/install/apriltag/include/apriltag/common/pnm.h
[3.452s] -- Up-to-date: /home/xavier/Developer/aquas-ROS-apriltags/install/apriltag/include/apriltag/common/postscript_utils.h
[3.453s] -- Up-to-date: /home/xavier/Developer/aquas-ROS-apriltags/install/apriltag/include/apriltag/common/pthreads_cross.h
[3.453s] -- Up-to-date: /home/xavier/Developer/aquas-ROS-apriltags/install/apriltag/include/apriltag/common/string_util.h
[3.454s] -- Up-to-date: /home/xavier/Developer/aquas-ROS-apriltags/install/apriltag/include/apriltag/common/svd22.h
[3.454s] -- Up-to-date: /home/xavier/Developer/aquas-ROS-apriltags/install/apriltag/include/apriltag/common/time_util.h
[3.455s] -- Up-to-date: /home/xavier/Developer/aquas-ROS-apriltags/install/apriltag/include/apriltag/common/timeprofile.h
[3.456s] -- Up-to-date: /home/xavier/Developer/aquas-ROS-apriltags/install/apriltag/include/apriltag/common/unionfind.h
[3.456s] -- Up-to-date: /home/xavier/Developer/aquas-ROS-apriltags/install/apriltag/include/apriltag/common/workerpool.h
[3.457s] -- Up-to-date: /home/xavier/Developer/aquas-ROS-apriltags/install/apriltag/include/apriltag/common/zarray.h
[3.457s] -- Up-to-date: /home/xavier/Developer/aquas-ROS-apriltags/install/apriltag/include/apriltag/common/zhash.h
[3.458s] -- Up-to-date: /home/xavier/Developer/aquas-ROS-apriltags/install/apriltag/include/apriltag/common/zmaxheap.h
[3.459s] -- Up-to-date: /home/xavier/Developer/aquas-ROS-apriltags/install/apriltag/include/apriltag/tag16h5.h
[3.459s] -- Up-to-date: /home/xavier/Developer/aquas-ROS-apriltags/install/apriltag/include/apriltag/tag25h9.h
[3.460s] -- Up-to-date: /home/xavier/Developer/aquas-ROS-apriltags/install/apriltag/include/apriltag/tag36h10.h
[3.461s] -- Up-to-date: /home/xavier/Developer/aquas-ROS-apriltags/install/apriltag/include/apriltag/tag36h11.h
[3.461s] -- Up-to-date: /home/xavier/Developer/aquas-ROS-apriltags/install/apriltag/include/apriltag/tagCircle21h7.h
[3.462s] -- Up-to-date: /home/xavier/Developer/aquas-ROS-apriltags/install/apriltag/include/apriltag/tagCircle49h12.h
[3.463s] -- Up-to-date: /home/xavier/Developer/aquas-ROS-apriltags/install/apriltag/include/apriltag/tagCustom48h12.h
[3.464s] -- Up-to-date: /home/xavier/Developer/aquas-ROS-apriltags/install/apriltag/include/apriltag/tagStandard41h12.h
[3.465s] -- Up-to-date: /home/xavier/Developer/aquas-ROS-apriltags/install/apriltag/include/apriltag/tagStandard52h13.h
[3.465s] -- Up-to-date: /home/xavier/Developer/aquas-ROS-apriltags/install/apriltag/lib/libapriltag.so.3.4.5
[3.466s] -- Up-to-date: /home/xavier/Developer/aquas-ROS-apriltags/install/apriltag/lib/libapriltag.so.3
[3.467s] -- Up-to-date: /home/xavier/Developer/aquas-ROS-apriltags/install/apriltag/lib/libapriltag.so
[3.468s] -- Up-to-date: /home/xavier/Developer/aquas-ROS-apriltags/install/apriltag/lib/apriltag/cmake/apriltagTargets.cmake
[3.468s] -- Up-to-date: /home/xavier/Developer/aquas-ROS-apriltags/install/apriltag/lib/apriltag/cmake/apriltagTargets-release.cmake
[3.469s] -- Up-to-date: /home/xavier/Developer/aquas-ROS-apriltags/install/apriltag/lib/apriltag/cmake/apriltagConfig.cmake
[3.470s] -- Up-to-date: /home/xavier/Developer/aquas-ROS-apriltags/install/apriltag/lib/apriltag/cmake/apriltagConfigVersion.cmake
[3.471s] -- Up-to-date: /home/xavier/Developer/aquas-ROS-apriltags/install/apriltag/lib/pkgconfig/apriltag.pc
[3.471s] -- Installing: /home/xavier/Developer/aquas-ROS-apriltags/install/apriltag/lib/python3.10/site-packages/apriltag.cpython-310-aarch64-linux-gnu.so
[3.472s] -- Set runtime path of "/home/xavier/Developer/aquas-ROS-apriltags/install/apriltag/lib/python3.10/site-packages/apriltag.cpython-310-aarch64-linux-gnu.so" to ""
[3.473s] -- Up-to-date: /home/xavier/Developer/aquas-ROS-apriltags/install/apriltag/bin/opencv_demo
[3.474s] -- Up-to-date: /home/xavier/Developer/aquas-ROS-apriltags/install/apriltag/bin/apriltag_demo
[5.193s] Invoked command in '/home/xavier/Developer/aquas-ROS-apriltags/build/apriltag' returned '0': CMAKE_PREFIX_PATH=${CMAKE_PREFIX_PATH}:/home/xavier/Developer/aquas-ROS-apriltags/install/camera_info_manager_py:/home/xavier/Developer/aquas-ROS-apriltags/install/aquas_dock_align:/home/xavier/Developer/aquas-ROS-apriltags/install/aquas_camera_bringup:/home/xavier/Developer/aquas-ROS-apriltags/install/aquas_apriltag_bringup:/opt/ros/humble /usr/bin/cmake --install /home/xavier/Developer/aquas-ROS-apriltags/build/apriltag
