[0.125s] Invoking command in '/home/xavier/Developer/aquas-ROS-apriltags/build/image_transport': CMAKE_PREFIX_PATH=/opt/ros/humble /usr/bin/cmake /home/xavier/Developer/aquas-ROS-apriltags/src/image_common/image_transport -DAMENT_CMAKE_SYMLINK_INSTALL=1 -DCMAKE_INSTALL_PREFIX=/home/xavier/Developer/aquas-ROS-apriltags/install/image_transport
[1.366s] -- The C compiler identification is GNU 11.4.0
[2.322s] -- The CXX compiler identification is GNU 11.4.0
[2.363s] -- Detecting C compiler ABI info
[2.843s] -- Detecting C compiler ABI info - done
[2.878s] -- Check for working C compiler: /usr/bin/cc - skipped
[2.879s] -- Detecting C compile features
[2.881s] -- Detecting C compile features - done
[2.897s] -- Detecting CXX compiler ABI info
[3.431s] -- Detecting CXX compiler ABI info - done
[3.478s] -- Check for working CXX compiler: /usr/bin/c++ - skipped
[3.481s] -- Detecting CXX compile features
[3.485s] -- Detecting CXX compile features - done
[3.513s] -- Found ament_cmake_ros: 0.10.0 (/opt/ros/humble/share/ament_cmake_ros/cmake)
[4.951s] -- Found Python3: /usr/bin/python3 (found version "3.10.12") found components: Interpreter 
[5.762s] -- Override CMake install command with custom implementation using symlinks instead of copying resources
[6.304s] -- Found message_filters: 4.3.11 (/opt/ros/humble/share/message_filters/cmake)
[7.007s] -- Found rosidl_generator_c: 3.1.8 (/opt/ros/humble/share/rosidl_generator_c/cmake)
[7.085s] -- Found rosidl_adapter: 3.1.8 (/opt/ros/humble/share/rosidl_adapter/cmake)
[7.191s] -- Found rosidl_generator_cpp: 3.1.8 (/opt/ros/humble/share/rosidl_generator_cpp/cmake)
[7.343s] -- Using all available rosidl_typesupport_c: rosidl_typesupport_fastrtps_c;rosidl_typesupport_introspection_c
[7.549s] -- Using all available rosidl_typesupport_cpp: rosidl_typesupport_fastrtps_cpp;rosidl_typesupport_introspection_cpp
[8.072s] -- Found rmw_implementation_cmake: 6.1.2 (/opt/ros/humble/share/rmw_implementation_cmake/cmake)
[8.112s] -- Found rmw_fastrtps_cpp: 6.2.9 (/opt/ros/humble/share/rmw_fastrtps_cpp/cmake)
[9.286s] -- Found OpenSSL: /usr/lib/aarch64-linux-gnu/libcrypto.so (found version "3.0.2")  
[9.925s] -- Found FastRTPS: /opt/ros/humble/include  
[11.190s] -- Using RMW implementation 'rmw_fastrtps_cpp' as default
[11.463s] -- Looking for pthread.h
[12.643s] -- Looking for pthread.h - found
[12.645s] -- Performing Test CMAKE_HAVE_LIBC_PTHREAD
[13.731s] -- Performing Test CMAKE_HAVE_LIBC_PTHREAD - Success
[13.745s] -- Found Threads: TRUE  
[14.585s] -- Found pluginlib: 5.1.3 (/opt/ros/humble/share/pluginlib/cmake)
[15.582s] -- Found sensor_msgs: 4.9.0 (/opt/ros/humble/share/sensor_msgs/cmake)
[16.029s] -- Found ament_lint_auto: 0.12.14 (/opt/ros/humble/share/ament_lint_auto/cmake)
[17.666s] -- Found gtest sources under '/opt/ros/humble/src/gtest_vendor': C++ tests using 'Google Test' will be built
[18.124s] -- Added test 'copyright' to check source files copyright and LICENSE
[18.323s] -- Added test 'cpplint' to check C / C++ code against the Google style
[18.323s] -- Configured cpplint exclude dirs and/or files: 
[18.473s] -- Added test 'lint_cmake' to check CMake code style
[18.715s] -- Added test 'uncrustify' to check C / C++ code style
[18.716s] -- Configured uncrustify additional arguments: 
[18.731s] -- Added test 'xmllint' to check XML markup files
[18.801s] -- Configuring done
[19.728s] -- Generating done
[20.071s] -- Build files have been written to: /home/xavier/Developer/aquas-ROS-apriltags/build/image_transport
[20.304s] Invoked command in '/home/xavier/Developer/aquas-ROS-apriltags/build/image_transport' returned '0': CMAKE_PREFIX_PATH=/opt/ros/humble /usr/bin/cmake /home/xavier/Developer/aquas-ROS-apriltags/src/image_common/image_transport -DAMENT_CMAKE_SYMLINK_INSTALL=1 -DCMAKE_INSTALL_PREFIX=/home/xavier/Developer/aquas-ROS-apriltags/install/image_transport
[20.307s] Invoking command in '/home/xavier/Developer/aquas-ROS-apriltags/build/image_transport': CMAKE_PREFIX_PATH=/opt/ros/humble /usr/bin/cmake --build /home/xavier/Developer/aquas-ROS-apriltags/build/image_transport -- -j4 -l4
[20.760s] [  3%] [32mBuilding CXX object CMakeFiles/image_transport.dir/src/publisher.cpp.o[0m
[20.800s] [  6%] [32mBuilding CXX object gtest/CMakeFiles/gtest_main.dir/src/gtest_main.cc.o[0m
[20.852s] [ 10%] [32mBuilding CXX object CMakeFiles/image_transport.dir/src/camera_common.cpp.o[0m
[20.890s] [ 13%] [32mBuilding CXX object gtest/CMakeFiles/gtest.dir/src/gtest-all.cc.o[0m
[37.525s] [ 16%] [32m[1mLinking CXX static library libgtest_main.a[0m
[37.885s] [ 16%] Built target gtest_main
